Archive member included to satisfy reference by file (symbol)

/home/shruthi/courses/emb_rts_lab/team17/gcc-arm-none-eabi/bin/../lib/gcc/arm-none-eabi/5.4.1/../../../../arm-none-eabi/lib/armv6-m/libc_nano.a(lib_a-exit.o)
                              /home/shruthi/courses/emb_rts_lab/team17/gcc-arm-none-eabi/bin/../lib/gcc/arm-none-eabi/5.4.1/../../../../arm-none-eabi/lib/armv6-m/crt0.o (exit)
/home/shruthi/courses/emb_rts_lab/team17/gcc-arm-none-eabi/bin/../lib/gcc/arm-none-eabi/5.4.1/../../../../arm-none-eabi/lib/armv6-m/libc_nano.a(lib_a-impure.o)
                              /home/shruthi/courses/emb_rts_lab/team17/gcc-arm-none-eabi/bin/../lib/gcc/arm-none-eabi/5.4.1/../../../../arm-none-eabi/lib/armv6-m/libc_nano.a(lib_a-exit.o) (_global_impure_ptr)
/home/shruthi/courses/emb_rts_lab/team17/gcc-arm-none-eabi/bin/../lib/gcc/arm-none-eabi/5.4.1/../../../../arm-none-eabi/lib/armv6-m/libc_nano.a(lib_a-init.o)
                              /home/shruthi/courses/emb_rts_lab/team17/gcc-arm-none-eabi/bin/../lib/gcc/arm-none-eabi/5.4.1/../../../../arm-none-eabi/lib/armv6-m/crt0.o (__libc_init_array)
/home/shruthi/courses/emb_rts_lab/team17/gcc-arm-none-eabi/bin/../lib/gcc/arm-none-eabi/5.4.1/../../../../arm-none-eabi/lib/armv6-m/libc_nano.a(lib_a-memset.o)
                              /home/shruthi/courses/emb_rts_lab/team17/gcc-arm-none-eabi/bin/../lib/gcc/arm-none-eabi/5.4.1/../../../../arm-none-eabi/lib/armv6-m/crt0.o (memset)
/home/shruthi/courses/emb_rts_lab/team17/gcc-arm-none-eabi/bin/../lib/gcc/arm-none-eabi/5.4.1/../../../../arm-none-eabi/lib/armv6-m/libnosys.a(_exit.o)
                              /home/shruthi/courses/emb_rts_lab/team17/gcc-arm-none-eabi/bin/../lib/gcc/arm-none-eabi/5.4.1/../../../../arm-none-eabi/lib/armv6-m/libc_nano.a(lib_a-exit.o) (_exit)
/home/shruthi/courses/emb_rts_lab/team17/gcc-arm-none-eabi/bin/../lib/gcc/arm-none-eabi/5.4.1/../../../../arm-none-eabi/lib/armv6-m/libm.a(lib_a-s_fabs.o)
                              _build/inv_mpu.o (fabs)
/home/shruthi/courses/emb_rts_lab/team17/gcc-arm-none-eabi/bin/../lib/gcc/arm-none-eabi/5.4.1/../../../../arm-none-eabi/lib/armv6-m/libm.a(lib_a-w_asin.o)
                              _build/mpu_wrapper.o (asin)
/home/shruthi/courses/emb_rts_lab/team17/gcc-arm-none-eabi/bin/../lib/gcc/arm-none-eabi/5.4.1/../../../../arm-none-eabi/lib/armv6-m/libm.a(lib_a-w_atan2.o)
                              _build/mpu_wrapper.o (atan2)
/home/shruthi/courses/emb_rts_lab/team17/gcc-arm-none-eabi/bin/../lib/gcc/arm-none-eabi/5.4.1/../../../../arm-none-eabi/lib/armv6-m/libm.a(lib_a-w_sqrt.o)
                              _build/process_drone.o (sqrt)
/home/shruthi/courses/emb_rts_lab/team17/gcc-arm-none-eabi/bin/../lib/gcc/arm-none-eabi/5.4.1/../../../../arm-none-eabi/lib/armv6-m/libm.a(lib_a-e_asin.o)
                              /home/shruthi/courses/emb_rts_lab/team17/gcc-arm-none-eabi/bin/../lib/gcc/arm-none-eabi/5.4.1/../../../../arm-none-eabi/lib/armv6-m/libm.a(lib_a-w_asin.o) (__ieee754_asin)
/home/shruthi/courses/emb_rts_lab/team17/gcc-arm-none-eabi/bin/../lib/gcc/arm-none-eabi/5.4.1/../../../../arm-none-eabi/lib/armv6-m/libm.a(lib_a-e_atan2.o)
                              /home/shruthi/courses/emb_rts_lab/team17/gcc-arm-none-eabi/bin/../lib/gcc/arm-none-eabi/5.4.1/../../../../arm-none-eabi/lib/armv6-m/libm.a(lib_a-w_atan2.o) (__ieee754_atan2)
/home/shruthi/courses/emb_rts_lab/team17/gcc-arm-none-eabi/bin/../lib/gcc/arm-none-eabi/5.4.1/../../../../arm-none-eabi/lib/armv6-m/libm.a(lib_a-e_sqrt.o)
                              /home/shruthi/courses/emb_rts_lab/team17/gcc-arm-none-eabi/bin/../lib/gcc/arm-none-eabi/5.4.1/../../../../arm-none-eabi/lib/armv6-m/libm.a(lib_a-w_sqrt.o) (__ieee754_sqrt)
/home/shruthi/courses/emb_rts_lab/team17/gcc-arm-none-eabi/bin/../lib/gcc/arm-none-eabi/5.4.1/../../../../arm-none-eabi/lib/armv6-m/libm.a(lib_a-s_atan.o)
                              /home/shruthi/courses/emb_rts_lab/team17/gcc-arm-none-eabi/bin/../lib/gcc/arm-none-eabi/5.4.1/../../../../arm-none-eabi/lib/armv6-m/libm.a(lib_a-e_atan2.o) (atan)
/home/shruthi/courses/emb_rts_lab/team17/gcc-arm-none-eabi/bin/../lib/gcc/arm-none-eabi/5.4.1/../../../../arm-none-eabi/lib/armv6-m/libm.a(lib_a-s_lib_ver.o)
                              /home/shruthi/courses/emb_rts_lab/team17/gcc-arm-none-eabi/bin/../lib/gcc/arm-none-eabi/5.4.1/../../../../arm-none-eabi/lib/armv6-m/libm.a(lib_a-w_asin.o) (__fdlib_version)
/home/shruthi/courses/emb_rts_lab/team17/gcc-arm-none-eabi/bin/../lib/gcc/arm-none-eabi/5.4.1/../../../../arm-none-eabi/lib/armv6-m/libm.a(lib_a-s_matherr.o)
                              /home/shruthi/courses/emb_rts_lab/team17/gcc-arm-none-eabi/bin/../lib/gcc/arm-none-eabi/5.4.1/../../../../arm-none-eabi/lib/armv6-m/libm.a(lib_a-w_asin.o) (matherr)
/home/shruthi/courses/emb_rts_lab/team17/gcc-arm-none-eabi/bin/../lib/gcc/arm-none-eabi/5.4.1/../../../../arm-none-eabi/lib/armv6-m/libm.a(lib_a-s_nan.o)
[...]
Memory Configuration

Name             Origin             Length             Attributes
FLASH            0x00018000         0x00028000         xr
RAM              0x20002000         0x00002000         xrw
*default*        0x00000000         0xffffffff

Linker script and memory map

LOAD /home/shruthi/courses/emb_rts_lab/team17/gcc-arm-none-eabi/bin/../lib/gcc/arm-none-eabi/5.4.1/armv6-m/crti.o
LOAD /home/shruthi/courses/emb_rts_lab/team17/gcc-arm-none-eabi/bin/../lib/gcc/arm-none-eabi/5.4.1/armv6-m/crtbegin.o
LOAD /home/shruthi/courses/emb_rts_lab/team17/gcc-arm-none-eabi/bin/../lib/gcc/arm-none-eabi/5.4.1/../../../../arm-none-eabi/lib/armv6-m/crt0.o
LOAD /home/shruthi/courses/emb_rts_lab/team17/gcc-arm-none-eabi/bin/../lib/gcc/arm-none-eabi/5.4.1/../../../../arm-none-eabi/lib/armv6-m/libc_nano.a
LOAD /home/shruthi/courses/emb_rts_lab/team17/gcc-arm-none-eabi/bin/../lib/gcc/arm-none-eabi/5.4.1/../../../../arm-none-eabi/lib/armv6-m/libnosys.a
LOAD /home/shruthi/courses/emb_rts_lab/team17/gcc-arm-none-eabi/bin/../lib/gcc/arm-none-eabi/5.4.1/../../../../arm-none-eabi/lib/armv6-m/libm.a
LOAD _build/system_nrf51.o
LOAD _build/nrf_delay.o
LOAD _build/in4073.o
LOAD _build/crc.o
LOAD _build/control.o
LOAD _build/fixed.o
LOAD _build/filters.o
LOAD _build/process_drone.o
LOAD _build/process_packet.o
LOAD _build/gpio.o
LOAD _build/timers.o
LOAD _build/uart.o
LOAD _build/queue.o
LOAD _build/twi.o
LOAD _build/adc.o
LOAD _build/baro.o
LOAD _build/ble.o
LOAD _build/spi_flash.o
LOAD _build/inv_mpu.o
LOAD _build/inv_mpu_dmp_motion_driver.o
LOAD _build/ml.o
LOAD _build/mpu_wrapper.o
LOAD _build/app_error.o
LOAD _build/app_timer.o
LOAD _build/nrf_assert.o
LOAD _build/nrf_drv_common.o
LOAD _build/pstorage.o
LOAD _build/ble_advdata.o
LOAD _build/ble_advertising.o
LOAD _build/ble_conn_params.o
LOAD _build/ble_nus.o
LOAD _build/ble_srv_common.o
LOAD _build/softdevice_handler.o
LOAD _build/gcc_startup_nrf51.o
LOAD /home/shruthi/courses/emb_rts_lab/team17/gcc-arm-none-eabi/bin/../lib/gcc/arm-none-eabi/5.4.1/../../../../arm-none-eabi/lib/armv6-m/libm.a
START GROUP
LOAD /home/shruthi/courses/emb_rts_lab/team17/gcc-arm-none-eabi/bin/../lib/gcc/arm-none-eabi/5.4.1/armv6-m/libgcc.a
LOAD /home/shruthi/courses/emb_rts_lab/team17/gcc-arm-none-eabi/bin/../lib/gcc/arm-none-eabi/5.4.1/../../../../arm-none-eabi/lib/armv6-m/libc_nano.a
END GROUP
START GROUP
LOAD /home/shruthi/courses/emb_rts_lab/team17/gcc-arm-none-eabi/bin/../lib/gcc/arm-none-eabi/5.4.1/armv6-m/libgcc.a
LOAD /home/shruthi/courses/emb_rts_lab/team17/gcc-arm-none-eabi/bin/../lib/gcc/arm-none-eabi/5.4.1/../../../../arm-none-eabi/lib/armv6-m/libc_nano.a
END GROUP
LOAD /home/shruthi/courses/emb_rts_lab/team17/gcc-arm-none-eabi/bin/../lib/gcc/arm-none-eabi/5.4.1/armv6-m/crtend.o
LOAD /home/shruthi/courses/emb_rts_lab/team17/gcc-arm-none-eabi/bin/../lib/gcc/arm-none-eabi/5.4.1/armv6-m/crtn.o
START GROUP
LOAD /home/shruthi/courses/emb_rts_lab/team17/gcc-arm-none-eabi/bin/../lib/gcc/arm-none-eabi/5.4.1/armv6-m/libgcc.a
LOAD /home/shruthi/courses/emb_rts_lab/team17/gcc-arm-none-eabi/bin/../lib/gcc/arm-none-eabi/5.4.1/../../../../arm-none-eabi/lib/armv6-m/libc.a
LOAD /home/shruthi/courses/emb_rts_lab/team17/gcc-arm-none-eabi/bin/../lib/gcc/arm-none-eabi/5.4.1/../../../../arm-none-eabi/lib/armv6-m/libnosys.a
END GROUP

.fs_data_out    0x00000000        0x0
                [!provide]                PROVIDE (__start_fs_data, .)
 *(fs_data)
                [!provide]                PROVIDE (__stop_fs_data, .)

.text           0x00018000     0xaeb4
 *(.Vectors)
 .Vectors       0x00018000       0xc0 _build/gcc_startup_nrf51.o
                0x00018000                __Vectors
 *(.text*)
 .text          0x000180c0       0x60 /home/shruthi/courses/emb_rts_lab/team17/gcc-arm-none-eabi/bin/../lib/gcc/arm-none-eabi/5.4.1/armv6-m/crtbegin.o
 .text          0x00018120       0x78 /home/shruthi/courses/emb_rts_lab/team17/gcc-arm-none-eabi/bin/../lib/gcc/arm-none-eabi/5.4.1/../../../../arm-none-eabi/lib/armv6-m/crt0.o
                0x00018120                _mainCRTStartup
                0x00018120                _start
 .text.exit     0x00018198       0x2c /home/shruthi/courses/emb_rts_lab/team17/gcc-arm-none-eabi/bin/../lib/gcc/arm-none-eabi/5.4.1/../../../../arm-none-eabi/lib/armv6-m/libc_nano.a(lib_a-exit.o)
                0x00018198                exit
 .text.__libc_init_array
                0x000181c4       0x4c /home/shruthi/courses/emb_rts_lab/team17/gcc-arm-none-eabi/bin/../lib/gcc/arm-none-eabi/5.4.1/../../../../arm-none-eabi/lib/armv6-m/libc_nano.a(lib_a-init.o)
                0x000181c4                __libc_init_array
 .text.memset   0x00018210       0x10 /home/shruthi/courses/emb_rts_lab/team17/gcc-arm-none-eabi/bin/../lib/gcc/arm-none-eabi/5.4.1/../../../../arm-none-eabi/lib/armv6-m/libc_nano.a(lib_a-memset.o)
                0x00018210                memset
 .text._exit    0x00018220        0x4 /home/shruthi/courses/emb_rts_lab/team17/gcc-arm-none-eabi/bin/../lib/gcc/arm-none-eabi/5.4.1/../../../../arm-none-eabi/lib/armv6-m/libnosys.a(_exit.o)
                0x00018220                _exit
 .text.SystemInit
                0x00018224       0x94 _build/system_nrf51.o
                0x00018224                SystemInit
 .text.nrf_delay_ms
                0x000182b8       0x3c _build/nrf_delay.o
                0x000182b8                nrf_delay_ms
 .text.startup.main
                0x000182f4       0x54 _build/in4073.o
                0x000182f4                main
 .text.compute_crc
                0x00018348      0x220 _build/crc.o
                0x00018348                compute_crc
 .text.check_crc
                0x00018568      0x234 _build/crc.o
                0x00018568                check_crc
 .text.run_filters_and_control
                0x0001879c       0x4c _build/control.o
                0x0001879c                run_filters_and_control
 .text.read_sensor
                0x000187e8      0x144 _build/process_drone.o
                0x000187e8                read_sensor
 .text.panic_mode
                0x0001892c       0xc0 _build/process_drone.o
                0x0001892c                panic_mode
 .text.manual_mode
                0x000189ec      0x3bc _build/process_drone.o
                0x000189ec                manual_mode
 .text.yaw_control_mode
                0x00018da8      0x33c _build/process_drone.o
                0x00018da8                yaw_control_mode
 .text.full_control_mode
                0x000190e4      0x410 _build/process_drone.o
                0x000190e4                full_control_mode
 .text.calibration_mode
                0x000194f4      0x2d8 _build/process_drone.o
                0x000194f4                calibration_mode
 .text.log_upload
                0x000197cc      0x198 _build/process_drone.o
                0x000197cc                log_upload
 .text.safe_mode
                0x00019964      0x218 _build/process_drone.o
                0x00019964                safe_mode
 .text.process_drone
                0x00019b7c       0xc8 _build/process_drone.o
                0x00019b7c                process_drone
 .text.send_packet_ack
                0x00019c44       0x1c _build/process_packet.o
                0x00019c44                send_packet_ack
 .text.set_mode_type
                0x00019c60       0xb8 _build/process_packet.o
                0x00019c60                set_mode_type
 .text.process_packet
                0x00019d18      0x254 _build/process_packet.o
                0x00019d18                process_packet
 .text.gpio_init
                0x00019f6c       0x9c _build/gpio.o
                0x00019f6c                gpio_init
 .text.GPIOTE_IRQHandler
                0x0001a008       0x20 _build/gpio.o
                0x0001a008                GPIOTE_IRQHandler
 .text.check_sensor_int_flag
                0x0001a028        0xc _build/gpio.o
                0x0001a028                check_sensor_int_flag
 .text.clear_sensor_int_flag
                0x0001a034        0xc _build/gpio.o
                0x0001a034                clear_sensor_int_flag
 .text.timers_init
                0x0001a040       0xd0 _build/timers.o
                0x0001a040                timers_init
 .text.TIMER2_IRQHandler
                0x0001a110      0x120 _build/timers.o
                0x0001a110                TIMER2_IRQHandler
 .text.TIMER1_IRQHandler
                0x0001a230       0x7c _build/timers.o
                0x0001a230                TIMER1_IRQHandler
 .text.get_time_us
                0x0001a2ac       0x20 _build/timers.o
                0x0001a2ac                get_time_us
 .text.check_timer_flag
                0x0001a2cc        0xc _build/timers.o
                0x0001a2cc                check_timer_flag
 .text.clear_timer_flag
                0x0001a2d8        0xc _build/timers.o
                0x0001a2d8                clear_timer_flag
 .text.uart_put
                0x0001a2e4       0x44 _build/uart.o
                0x0001a2e4                uart_put
 .text._write   0x0001a328       0x84 _build/uart.o
                0x0001a328                _write
 .text.UART0_IRQHandler
                0x0001a3ac      0x16c _build/uart.o
                0x0001a3ac                UART0_IRQHandler
 .text.uart_init
                0x0001a518       0xa0 _build/uart.o
                0x0001a518                uart_init
 .text.init_queue
                0x0001a5b8       0x14 _build/queue.o
                0x0001a5b8                init_queue
 .text.enqueue  0x0001a5cc       0x1c _build/queue.o
                0x0001a5cc                enqueue
 .text.dequeue  0x0001a5e8       0x1c _build/queue.o
                0x0001a5e8                dequeue
 .text.i2c_read
                0x0001a604       0xc0 _build/twi.o
                0x0001a604                i2c_read
 .text.i2c_write
                0x0001a6c4       0x70 _build/twi.o
                0x0001a6c4                i2c_write
 .text.SPI0_TWI0_IRQHandler
                0x0001a734       0x6c _build/twi.o
                0x0001a734                SPI0_TWI0_IRQHandler
 .text.twi_init
                0x0001a7a0       0x84 _build/twi.o
                0x0001a7a0                twi_init
 .text.adc_request_sample
                0x0001a824       0x18 _build/adc.o
                0x0001a824                adc_request_sample
 .text.ADC_IRQHandler
                0x0001a83c       0x24 _build/adc.o
                0x0001a83c                ADC_IRQHandler
 .text.adc_init
                0x0001a860       0x3c _build/adc.o
                0x0001a860                adc_init
 .text.read_baro
                0x0001a89c      0x194 _build/baro.o
                0x0001a89c                read_baro
 .text.baro_init
                0x0001aa30       0x34 _build/baro.o
                0x0001aa30                baro_init
 .text.flash_chip_erase
                0x0001aa64       0x9c _build/spi_flash.o
                0x0001aa64                flash_chip_erase
 .text.flash_write_bytes
                0x0001ab00      0x248 _build/spi_flash.o
                0x0001ab00                flash_write_bytes
 .text.flash_read_bytes
                0x0001ad48       0xf0 _build/spi_flash.o
                0x0001ad48                flash_read_bytes
 .text.spi_flash_init
                0x0001ae38      0x274 _build/spi_flash.o
                0x0001ae38                spi_flash_init
 .text.mpu_reset_fifo
                0x0001b0ac      0x15c _build/inv_mpu.o
                0x0001b0ac                mpu_reset_fifo
 .text.mpu_lp_accel_mode
                0x0001b208      0x1b8 _build/inv_mpu.o
                0x0001b208                mpu_lp_accel_mode
 .text.mpu_get_accel_fsr
                0x0001b3c0       0x4c _build/inv_mpu.o
                0x0001b3c0                mpu_get_accel_fsr
 .text.mpu_set_lpf
                0x0001b40c       0x78 _build/inv_mpu.o
                0x0001b40c                mpu_set_lpf
 .text.mpu_set_sample_rate
                0x0001b484      0x168 _build/inv_mpu.o
                0x0001b484                mpu_set_sample_rate
 .text.mpu_configure_fifo
                0x0001b5ec       0xd0 _build/inv_mpu.o
                0x0001b5ec                mpu_configure_fifo
 .text.mpu_set_sensors
                0x0001b6bc      0x140 _build/inv_mpu.o
                0x0001b6bc                mpu_set_sensors
 .text.mpu_init
                0x0001b7fc      0x1f4 _build/inv_mpu.o
                0x0001b7fc                mpu_init
 .text.mpu_read_fifo_stream
                0x0001b9f0       0xb0 _build/inv_mpu.o
                0x0001b9f0                mpu_read_fifo_stream
 .text.mpu_write_mem
                0x0001baa0       0x58 _build/inv_mpu.o
                0x0001baa0                mpu_write_mem
 .text.mpu_load_firmware
                0x0001baf8      0x15c _build/inv_mpu.o
                0x0001baf8                mpu_load_firmware
 .text.mpu_set_dmp_state
                0x0001bc54      0x174 _build/inv_mpu.o
                0x0001bc54                mpu_set_dmp_state
 .text.dmp_load_motion_driver_firmware
                0x0001bdc8       0x1c _build/inv_mpu_dmp_motion_driver.o
                0x0001bdc8                dmp_load_motion_driver_firmware
 .text.dmp_set_orientation
                0x0001bde4      0x118 _build/inv_mpu_dmp_motion_driver.o
                0x0001bde4                dmp_set_orientation
 .text.dmp_set_fifo_rate
                0x0001befc       0x64 _build/inv_mpu_dmp_motion_driver.o
                0x0001befc                dmp_set_fifo_rate
 .text.dmp_set_tap_thresh
                0x0001bf60      0x164 _build/inv_mpu_dmp_motion_driver.o
                0x0001bf60                dmp_set_tap_thresh
 .text.dmp_enable_feature
                0x0001c0c4      0x28c _build/inv_mpu_dmp_motion_driver.o
                0x0001c0c4                dmp_enable_feature
 .text.dmp_read_fifo
                0x0001c350      0x20c _build/inv_mpu_dmp_motion_driver.o
                0x0001c350                dmp_read_fifo
 .text.inv_orientation_matrix_to_scalar
                0x0001c55c      0x11c _build/ml.o
                0x0001c55c                inv_orientation_matrix_to_scalar
 .text.get_dmp_data
                0x0001c678      0x204 _build/mpu_wrapper.o
                0x0001c678                get_dmp_data
 .text.imu_init
                0x0001c87c      0x110 _build/mpu_wrapper.o
                0x0001c87c                imu_init
 .text.app_error_handler
                0x0001c98c       0x40 _build/app_error.o
                0x0001c98c                app_error_handler
 .text.rtc1_stop
                0x0001c9cc       0x78 _build/app_timer.o
 .text.RTC1_IRQHandler
                0x0001ca44       0xe0 _build/app_timer.o
                0x0001ca44                RTC1_IRQHandler
 .text.SWI0_IRQHandler
                0x0001cb24      0x4cc _build/app_timer.o
                0x0001cb24                SWI0_IRQHandler
 .text.sd_evt_get
                0x0001cff0        0x4 _build/softdevice_handler.o
 .text.sd_ble_evt_get
                0x0001cff4        0x4 _build/softdevice_handler.o
 .text.intern_softdevice_events_execute.part.0
                0x0001cff8       0xec _build/softdevice_handler.o
 .text.SWI2_IRQHandler
                0x0001d0e4       0x34 _build/softdevice_handler.o
                0x0001d0e4                SWI2_IRQHandler
 .text          0x0001d118       0x54 _build/gcc_startup_nrf51.o
                0x0001d118                Reset_Handler
                0x0001d160                NMI_Handler
                0x0001d162                HardFault_Handler
                0x0001d164                SVC_Handler
                0x0001d166                PendSV_Handler
                0x0001d168                SysTick_Handler
                0x0001d16a                RTC0_IRQHandler
                0x0001d16a                POWER_CLOCK_IRQHandler
                0x0001d16a                RADIO_IRQHandler
                0x0001d16a                LPCOMP_IRQHandler
                0x0001d16a                SWI4_IRQHandler
                0x0001d16a                TEMP_IRQHandler
                0x0001d16a                QDEC_IRQHandler
                0x0001d16a                SWI5_IRQHandler
                0x0001d16a                TIMER0_IRQHandler
                0x0001d16a                ECB_IRQHandler
                0x0001d16a                Default_Handler
                0x0001d16a                SWI3_IRQHandler
                0x0001d16a                CCM_AAR_IRQHandler
                0x0001d16a                WDT_IRQHandler
                0x0001d16a                RNG_IRQHandler
                0x0001d16a                SPI1_TWI1_IRQHandler
                0x0001d16a                SWI1_IRQHandler
 .text.fabs     0x0001d16c        0x8 /home/shruthi/courses/emb_rts_lab/team17/gcc-arm-none-eabi/bin/../lib/gcc/arm-none-eabi/5.4.1/../../../../arm-none-eabi/lib/armv6-m/libm.a(lib_a-s_fabs.o)
                0x0001d16c                fabs
 .text.asin     0x0001d174       0xc4 /home/shruthi/courses/emb_rts_lab/team17/gcc-arm-none-eabi/bin/../lib/gcc/arm-none-eabi/5.4.1/../../../../arm-none-eabi/lib/armv6-m/libm.a(lib_a-w_asin.o)
                0x0001d174                asin
 .text.atan2    0x0001d238        0x8 /home/shruthi/courses/emb_rts_lab/team17/gcc-arm-none-eabi/bin/../lib/gcc/arm-none-eabi/5.4.1/../../../../arm-none-eabi/lib/armv6-m/libm.a(lib_a-w_atan2.o)
                0x0001d238                atan2
 .text.sqrt     0x0001d240       0xc0 /home/shruthi/courses/emb_rts_lab/team17/gcc-arm-none-eabi/bin/../lib/gcc/arm-none-eabi/5.4.1/../../../../arm-none-eabi/lib/armv6-m/libm.a(lib_a-w_sqrt.o)
                0x0001d240                sqrt
 .text.__ieee754_asin
                0x0001d300      0x3cc /home/shruthi/courses/emb_rts_lab/team17/gcc-arm-none-eabi/bin/../lib/gcc/arm-none-eabi/5.4.1/../../../../arm-none-eabi/lib/armv6-m/libm.a(lib_a-e_asin.o)
                0x0001d300                __ieee754_asin
 .text.__ieee754_atan2
                0x0001d6cc      0x178 /home/shruthi/courses/emb_rts_lab/team17/gcc-arm-none-eabi/bin/../lib/gcc/arm-none-eabi/5.4.1/../../../../arm-none-eabi/lib/armv6-m/libm.a(lib_a-e_atan2.o)
                0x0001d6cc                __ieee754_atan2
 .text.__ieee754_sqrt
                0x0001d844      0x1ec /home/shruthi/courses/emb_rts_lab/team17/gcc-arm-none-eabi/bin/../lib/gcc/arm-none-eabi/5.4.1/../../../../arm-none-eabi/lib/armv6-m/libm.a(lib_a-e_sqrt.o)
                0x0001d844                __ieee754_sqrt
 .text.atan     0x0001da30      0x33c /home/shruthi/courses/emb_rts_lab/team17/gcc-arm-none-eabi/bin/../lib/gcc/arm-none-eabi/5.4.1/../../../../arm-none-eabi/lib/armv6-m/libm.a(lib_a-s_atan.o)
                0x0001da30                atan
 .text.matherr  0x0001dd6c        0x4 /home/shruthi/courses/emb_rts_lab/team17/gcc-arm-none-eabi/bin/../lib/gcc/arm-none-eabi/5.4.1/../../../../arm-none-eabi/lib/armv6-m/libm.a(lib_a-s_matherr.o)
                0x0001dd6c                matherr
 .text.nan      0x0001dd70        0xc /home/shruthi/courses/emb_rts_lab/team17/gcc-arm-none-eabi/bin/../lib/gcc/arm-none-eabi/5.4.1/../../../../arm-none-eabi/lib/armv6-m/libm.a(lib_a-s_nan.o)
                0x0001dd70                nan
 .text          0x0001dd7c      0x114 /home/shruthi/courses/emb_rts_lab/team17/gcc-arm-none-eabi/bin/../lib/gcc/arm-none-eabi/5.4.1/armv6-m/libgcc.a(_udivsi3.o)
                0x0001dd7c                __udivsi3
                0x0001dd7c                __aeabi_uidiv
                0x0001de88                __aeabi_uidivmod
 .text          0x0001de90      0x1d4 /home/shruthi/courses/emb_rts_lab/team17/gcc-arm-none-eabi/bin/../lib/gcc/arm-none-eabi/5.4.1/armv6-m/libgcc.a(_divsi3.o)
                0x0001de90                __aeabi_idiv
                0x0001de90                __divsi3
                0x0001e05c                __aeabi_idivmod
 .text          0x0001e064        0x4 /home/shruthi/courses/emb_rts_lab/team17/gcc-arm-none-eabi/bin/../lib/gcc/arm-none-eabi/5.4.1/armv6-m/libgcc.a(_dvmd_tls.o)
                0x0001e064                __aeabi_ldiv0
                0x0001e064                __aeabi_idiv0
 .text          0x0001e068       0x7c /home/shruthi/courses/emb_rts_lab/team17/gcc-arm-none-eabi/bin/../lib/gcc/arm-none-eabi/5.4.1/armv6-m/libgcc.a(_arm_cmpdf2.o)
                0x0001e068                __aeabi_cdrcmple
                0x0001e078                __aeabi_cdcmple
                0x0001e078                __aeabi_cdcmpeq
                0x0001e088                __aeabi_dcmpeq
                0x0001e094                __aeabi_dcmplt
                0x0001e0a8                __aeabi_dcmple
                0x0001e0bc                __aeabi_dcmpgt
                0x0001e0d0                __aeabi_dcmpge
 .text          0x0001e0e4       0x74 /home/shruthi/courses/emb_rts_lab/team17/gcc-arm-none-eabi/bin/../lib/gcc/arm-none-eabi/5.4.1/armv6-m/libgcc.a(_arm_cmpsf2.o)
                0x0001e0e4                __aeabi_cfrcmple
                0x0001e0ec                __aeabi_cfcmple
                0x0001e0ec                __aeabi_cfcmpeq
                0x0001e0fc                __aeabi_fcmpeq
                0x0001e108                __aeabi_fcmplt
                0x0001e11c                __aeabi_fcmple
                0x0001e130                __aeabi_fcmpgt
                0x0001e144                __aeabi_fcmpge
 .text          0x0001e158       0x58 /home/shruthi/courses/emb_rts_lab/team17/gcc-arm-none-eabi/bin/../lib/gcc/arm-none-eabi/5.4.1/armv6-m/libgcc.a(_muldi3.o)
                0x0001e158                __aeabi_lmul
                0x0001e158                __muldi3
 .text          0x0001e1b0       0x30 /home/shruthi/courses/emb_rts_lab/team17/gcc-arm-none-eabi/bin/../lib/gcc/arm-none-eabi/5.4.1/armv6-m/libgcc.a(_fixunssfsi.o)
                0x0001e1b0                __aeabi_f2uiz
                0x0001e1b0                __fixunssfsi
 .text          0x0001e1e0      0x2ec /home/shruthi/courses/emb_rts_lab/team17/gcc-arm-none-eabi/bin/../lib/gcc/arm-none-eabi/5.4.1/armv6-m/libgcc.a(addsf3.o)
                0x0001e1e0                __aeabi_fadd
 .text          0x0001e4cc      0x234 /home/shruthi/courses/emb_rts_lab/team17/gcc-arm-none-eabi/bin/../lib/gcc/arm-none-eabi/5.4.1/armv6-m/libgcc.a(divsf3.o)
                0x0001e4cc                __aeabi_fdiv
 .text          0x0001e700       0x50 /home/shruthi/courses/emb_rts_lab/team17/gcc-arm-none-eabi/bin/../lib/gcc/arm-none-eabi/5.4.1/armv6-m/libgcc.a(eqsf2.o)
                0x0001e700                __nesf2
                0x0001e700                __eqsf2
 .text          0x0001e750       0x88 /home/shruthi/courses/emb_rts_lab/team17/gcc-arm-none-eabi/bin/../lib/gcc/arm-none-eabi/5.4.1/armv6-m/libgcc.a(gesf2.o)
                0x0001e750                __gtsf2
                0x0001e750                __gesf2
 .text          0x0001e7d8       0x88 /home/shruthi/courses/emb_rts_lab/team17/gcc-arm-none-eabi/bin/../lib/gcc/arm-none-eabi/5.4.1/armv6-m/libgcc.a(lesf2.o)
                0x0001e7d8                __lesf2
                0x0001e7d8                __ltsf2
 .text          0x0001e860      0x228 /home/shruthi/courses/emb_rts_lab/team17/gcc-arm-none-eabi/bin/../lib/gcc/arm-none-eabi/5.4.1/armv6-m/libgcc.a(mulsf3.o)
                0x0001e860                __aeabi_fmul
 .text          0x0001ea88      0x30c /home/shruthi/courses/emb_rts_lab/team17/gcc-arm-none-eabi/bin/../lib/gcc/arm-none-eabi/5.4.1/armv6-m/libgcc.a(subsf3.o)
                0x0001ea88                __aeabi_fsub
 .text          0x0001ed94       0x44 /home/shruthi/courses/emb_rts_lab/team17/gcc-arm-none-eabi/bin/../lib/gcc/arm-none-eabi/5.4.1/armv6-m/libgcc.a(fixsfsi.o)
                0x0001ed94                __aeabi_f2iz
 .text          0x0001edd8       0x90 /home/shruthi/courses/emb_rts_lab/team17/gcc-arm-none-eabi/bin/../lib/gcc/arm-none-eabi/5.4.1/armv6-m/libgcc.a(floatsisf.o)
                0x0001edd8                __aeabi_i2f
 .text          0x0001ee68       0x7c /home/shruthi/courses/emb_rts_lab/team17/gcc-arm-none-eabi/bin/../lib/gcc/arm-none-eabi/5.4.1/armv6-m/libgcc.a(floatunsisf.o)
                0x0001ee68                __aeabi_ui2f
 .text          0x0001eee4      0x658 /home/shruthi/courses/emb_rts_lab/team17/gcc-arm-none-eabi/bin/../lib/gcc/arm-none-eabi/5.4.1/armv6-m/libgcc.a(adddf3.o)
                0x0001eee4                __aeabi_dadd
 .text          0x0001f53c      0x62c /home/shruthi/courses/emb_rts_lab/team17/gcc-arm-none-eabi/bin/../lib/gcc/arm-none-eabi/5.4.1/armv6-m/libgcc.a(divdf3.o)
                0x0001f53c                __aeabi_ddiv
 .text          0x0001fb68       0x80 /home/shruthi/courses/emb_rts_lab/team17/gcc-arm-none-eabi/bin/../lib/gcc/arm-none-eabi/5.4.1/armv6-m/libgcc.a(eqdf2.o)
                0x0001fb68                __eqdf2
                0x0001fb68                __nedf2
 .text          0x0001fbe8       0xc8 /home/shruthi/courses/emb_rts_lab/team17/gcc-arm-none-eabi/bin/../lib/gcc/arm-none-eabi/5.4.1/armv6-m/libgcc.a(gedf2.o)
                0x0001fbe8                __gtdf2
                0x0001fbe8                __gedf2
 .text          0x0001fcb0       0xd4 /home/shruthi/courses/emb_rts_lab/team17/gcc-arm-none-eabi/bin/../lib/gcc/arm-none-eabi/5.4.1/armv6-m/libgcc.a(ledf2.o)
                0x0001fcb0                __ltdf2
                0x0001fcb0                __ledf2
 .text          0x0001fd84      0x4f4 /home/shruthi/courses/emb_rts_lab/team17/gcc-arm-none-eabi/bin/../lib/gcc/arm-none-eabi/5.4.1/armv6-m/libgcc.a(muldf3.o)
                0x0001fd84                __aeabi_dmul
 .text          0x00020278      0x6a8 /home/shruthi/courses/emb_rts_lab/team17/gcc-arm-none-eabi/bin/../lib/gcc/arm-none-eabi/5.4.1/armv6-m/libgcc.a(subdf3.o)
                0x00020278                __aeabi_dsub
 .text          0x00020920       0x40 /home/shruthi/courses/emb_rts_lab/team17/gcc-arm-none-eabi/bin/../lib/gcc/arm-none-eabi/5.4.1/armv6-m/libgcc.a(unorddf2.o)
                0x00020920                __aeabi_dcmpun
 .text          0x00020960       0x6c /home/shruthi/courses/emb_rts_lab/team17/gcc-arm-none-eabi/bin/../lib/gcc/arm-none-eabi/5.4.1/armv6-m/libgcc.a(fixdfsi.o)
                0x00020960                __aeabi_d2iz
 .text          0x000209cc       0x84 /home/shruthi/courses/emb_rts_lab/team17/gcc-arm-none-eabi/bin/../lib/gcc/arm-none-eabi/5.4.1/armv6-m/libgcc.a(floatsidf.o)
                0x000209cc                __aeabi_i2d
 .text          0x00020a50       0xa8 /home/shruthi/courses/emb_rts_lab/team17/gcc-arm-none-eabi/bin/../lib/gcc/arm-none-eabi/5.4.1/armv6-m/libgcc.a(extendsfdf2.o)
                0x00020a50                __aeabi_f2d
 .text          0x00020af8       0x3c /home/shruthi/courses/emb_rts_lab/team17/gcc-arm-none-eabi/bin/../lib/gcc/arm-none-eabi/5.4.1/armv6-m/libgcc.a(_clzsi2.o)
                0x00020af8                __clzsi2
 .text.__errno  0x00020b34        0xc /home/shruthi/courses/emb_rts_lab/team17/gcc-arm-none-eabi/bin/../lib/gcc/arm-none-eabi/5.4.1/../../../../arm-none-eabi/lib/armv6-m/libc_nano.a(lib_a-errno.o)
                0x00020b34                __errno
 .text.memcmp   0x00020b40       0x1e /home/shruthi/courses/emb_rts_lab/team17/gcc-arm-none-eabi/bin/../lib/gcc/arm-none-eabi/5.4.1/../../../../arm-none-eabi/lib/armv6-m/libc_nano.a(lib_a-memcmp.o)
                0x00020b40                memcmp
 .text.memcpy   0x00020b5e       0x12 /home/shruthi/courses/emb_rts_lab/team17/gcc-arm-none-eabi/bin/../lib/gcc/arm-none-eabi/5.4.1/../../../../arm-none-eabi/lib/armv6-m/libc_nano.a(lib_a-memcpy-stub.o)
                0x00020b5e                memcpy
 .text.printf   0x00020b70       0x34 /home/shruthi/courses/emb_rts_lab/team17/gcc-arm-none-eabi/bin/../lib/gcc/arm-none-eabi/5.4.1/../../../../arm-none-eabi/lib/armv6-m/libc_nano.a(lib_a-printf.o)
                0x00020b70                printf
                0x00020b70                iprintf
 .text._cleanup_r
                0x00020ba4       0x10 /home/shruthi/courses/emb_rts_lab/team17/gcc-arm-none-eabi/bin/../lib/gcc/arm-none-eabi/5.4.1/../../../../arm-none-eabi/lib/armv6-m/libc_nano.a(lib_a-findfp.o)
                0x00020ba4                _cleanup_r
 .text.std.isra.0
                0x00020bb4       0x48 /home/shruthi/courses/emb_rts_lab/team17/gcc-arm-none-eabi/bin/../lib/gcc/arm-none-eabi/5.4.1/../../../../arm-none-eabi/lib/armv6-m/libc_nano.a(lib_a-findfp.o)
 .text.__sfmoreglue
                0x00020bfc       0x2c /home/shruthi/courses/emb_rts_lab/team17/gcc-arm-none-eabi/bin/../lib/gcc/arm-none-eabi/5.4.1/../../../../arm-none-eabi/lib/armv6-m/libc_nano.a(lib_a-findfp.o)
                0x00020bfc                __sfmoreglue
 .text.__sinit  0x00020c28       0x68 /home/shruthi/courses/emb_rts_lab/team17/gcc-arm-none-eabi/bin/../lib/gcc/arm-none-eabi/5.4.1/../../../../arm-none-eabi/lib/armv6-m/libc_nano.a(lib_a-findfp.o)
                0x00020c28                __sinit
 .text.__sfp    0x00020c90       0x7c /home/shruthi/courses/emb_rts_lab/team17/gcc-arm-none-eabi/bin/../lib/gcc/arm-none-eabi/5.4.1/../../../../arm-none-eabi/lib/armv6-m/libc_nano.a(lib_a-findfp.o)
                0x00020c90                __sfp
 .text._fwalk_reent
                0x00020d0c       0x42 /home/shruthi/courses/emb_rts_lab/team17/gcc-arm-none-eabi/bin/../lib/gcc/arm-none-eabi/5.4.1/../../../../arm-none-eabi/lib/armv6-m/libc_nano.a(lib_a-fwalk.o)
                0x00020d0c                _fwalk_reent
 *fill*         0x00020d4e        0x2 
 .text._malloc_r
                0x00020d50       0xc0 /home/shruthi/courses/emb_rts_lab/team17/gcc-arm-none-eabi/bin/../lib/gcc/arm-none-eabi/5.4.1/../../../../arm-none-eabi/lib/armv6-m/libc_nano.a(lib_a-nano-mallocr.o)
                0x00020d50                _malloc_r
 .text.__sfputc_r
                0x00020e10       0x2a /home/shruthi/courses/emb_rts_lab/team17/gcc-arm-none-eabi/bin/../lib/gcc/arm-none-eabi/5.4.1/../../../../arm-none-eabi/lib/armv6-m/libc_nano.a(lib_a-nano-vfprintf.o)
 .text.__sfputs_r
                0x00020e3a       0x24 /home/shruthi/courses/emb_rts_lab/team17/gcc-arm-none-eabi/bin/../lib/gcc/arm-none-eabi/5.4.1/../../../../arm-none-eabi/lib/armv6-m/libc_nano.a(lib_a-nano-vfprintf.o)
                0x00020e3a                __sfputs_r
 *fill*         0x00020e5e        0x2 
 .text._vfprintf_r
                0x00020e60      0x238 /home/shruthi/courses/emb_rts_lab/team17/gcc-arm-none-eabi/bin/../lib/gcc/arm-none-eabi/5.4.1/../../../../arm-none-eabi/lib/armv6-m/libc_nano.a(lib_a-nano-vfprintf.o)
                0x00020e60                _vfiprintf_r
                0x00020e60                _vfprintf_r
 .text._printf_common
                0x00021098       0xdc /home/shruthi/courses/emb_rts_lab/team17/gcc-arm-none-eabi/bin/../lib/gcc/arm-none-eabi/5.4.1/../../../../arm-none-eabi/lib/armv6-m/libc_nano.a(lib_a-nano-vfprintf_i.o)
                0x00021098                _printf_common
 .text._printf_i
                0x00021174      0x244 /home/shruthi/courses/emb_rts_lab/team17/gcc-arm-none-eabi/bin/../lib/gcc/arm-none-eabi/5.4.1/../../../../arm-none-eabi/lib/armv6-m/libc_nano.a(lib_a-nano-vfprintf_i.o)
                0x00021174                _printf_i
 .text._sbrk_r  0x000213b8       0x24 /home/shruthi/courses/emb_rts_lab/team17/gcc-arm-none-eabi/bin/../lib/gcc/arm-none-eabi/5.4.1/../../../../arm-none-eabi/lib/armv6-m/libc_nano.a(lib_a-sbrkr.o)
                0x000213b8                _sbrk_r
 .text.__sread  0x000213dc       0x28 /home/shruthi/courses/emb_rts_lab/team17/gcc-arm-none-eabi/bin/../lib/gcc/arm-none-eabi/5.4.1/../../../../arm-none-eabi/lib/armv6-m/libc_nano.a(lib_a-stdio.o)
                0x000213dc                __sread
 .text.__swrite
                0x00021404       0x38 /home/shruthi/courses/emb_rts_lab/team17/gcc-arm-none-eabi/bin/../lib/gcc/arm-none-eabi/5.4.1/../../../../arm-none-eabi/lib/armv6-m/libc_nano.a(lib_a-stdio.o)
                0x00021404                __swrite
 .text.__sseek  0x0002143c       0x2c /home/shruthi/courses/emb_rts_lab/team17/gcc-arm-none-eabi/bin/../lib/gcc/arm-none-eabi/5.4.1/../../../../arm-none-eabi/lib/armv6-m/libc_nano.a(lib_a-stdio.o)
                0x0002143c                __sseek
 .text.__sclose
                0x00021468        0xc /home/shruthi/courses/emb_rts_lab/team17/gcc-arm-none-eabi/bin/../lib/gcc/arm-none-eabi/5.4.1/../../../../arm-none-eabi/lib/armv6-m/libc_nano.a(lib_a-stdio.o)
                0x00021468                __sclose
 .text.__swbuf_r
                0x00021474       0xb0 /home/shruthi/courses/emb_rts_lab/team17/gcc-arm-none-eabi/bin/../lib/gcc/arm-none-eabi/5.4.1/../../../../arm-none-eabi/lib/armv6-m/libc_nano.a(lib_a-wbuf.o)
                0x00021474                __swbuf_r
 .text._write_r
                0x00021524       0x28 /home/shruthi/courses/emb_rts_lab/team17/gcc-arm-none-eabi/bin/../lib/gcc/arm-none-eabi/5.4.1/../../../../arm-none-eabi/lib/armv6-m/libc_nano.a(lib_a-writer.o)
                0x00021524                _write_r
 .text.__swsetup_r
                0x0002154c       0xec /home/shruthi/courses/emb_rts_lab/team17/gcc-arm-none-eabi/bin/../lib/gcc/arm-none-eabi/5.4.1/../../../../arm-none-eabi/lib/armv6-m/libc_nano.a(lib_a-wsetup.o)
                0x0002154c                __swsetup_r
 .text._close_r
                0x00021638       0x24 /home/shruthi/courses/emb_rts_lab/team17/gcc-arm-none-eabi/bin/../lib/gcc/arm-none-eabi/5.4.1/../../../../arm-none-eabi/lib/armv6-m/libc_nano.a(lib_a-closer.o)
                0x00021638                _close_r
 .text.__sflush_r
                0x0002165c      0x10c /home/shruthi/courses/emb_rts_lab/team17/gcc-arm-none-eabi/bin/../lib/gcc/arm-none-eabi/5.4.1/../../../../arm-none-eabi/lib/armv6-m/libc_nano.a(lib_a-fflush.o)
                0x0002165c                __sflush_r
 .text._fflush_r
                0x00021768       0x58 /home/shruthi/courses/emb_rts_lab/team17/gcc-arm-none-eabi/bin/../lib/gcc/arm-none-eabi/5.4.1/../../../../arm-none-eabi/lib/armv6-m/libc_nano.a(lib_a-fflush.o)
                0x00021768                _fflush_r
 .text._lseek_r
                0x000217c0       0x28 /home/shruthi/courses/emb_rts_lab/team17/gcc-arm-none-eabi/bin/../lib/gcc/arm-none-eabi/5.4.1/../../../../arm-none-eabi/lib/armv6-m/libc_nano.a(lib_a-lseekr.o)
                0x000217c0                _lseek_r
 .text.__swhatbuf_r
                0x000217e8       0x4c /home/shruthi/courses/emb_rts_lab/team17/gcc-arm-none-eabi/bin/../lib/gcc/arm-none-eabi/5.4.1/../../../../arm-none-eabi/lib/armv6-m/libc_nano.a(lib_a-makebuf.o)
                0x000217e8                __swhatbuf_r
 .text.__smakebuf_r
                0x00021834       0x7c /home/shruthi/courses/emb_rts_lab/team17/gcc-arm-none-eabi/bin/../lib/gcc/arm-none-eabi/5.4.1/../../../../arm-none-eabi/lib/armv6-m/libc_nano.a(lib_a-makebuf.o)
                0x00021834                __smakebuf_r
 .text.memchr   0x000218b0       0x16 /home/shruthi/courses/emb_rts_lab/team17/gcc-arm-none-eabi/bin/../lib/gcc/arm-none-eabi/5.4.1/../../../../arm-none-eabi/lib/armv6-m/libc_nano.a(lib_a-memchr-stub.o)
                0x000218b0                memchr
 .text.__malloc_lock
                0x000218c6        0x2 /home/shruthi/courses/emb_rts_lab/team17/gcc-arm-none-eabi/bin/../lib/gcc/arm-none-eabi/5.4.1/../../../../arm-none-eabi/lib/armv6-m/libc_nano.a(lib_a-mlock.o)
                0x000218c6                __malloc_lock
 .text.__malloc_unlock
                0x000218c8        0x2 /home/shruthi/courses/emb_rts_lab/team17/gcc-arm-none-eabi/bin/../lib/gcc/arm-none-eabi/5.4.1/../../../../arm-none-eabi/lib/armv6-m/libc_nano.a(lib_a-mlock.o)
                0x000218c8                __malloc_unlock
 *fill*         0x000218ca        0x2 
 .text._free_r  0x000218cc       0x98 /home/shruthi/courses/emb_rts_lab/team17/gcc-arm-none-eabi/bin/../lib/gcc/arm-none-eabi/5.4.1/../../../../arm-none-eabi/lib/armv6-m/libc_nano.a(lib_a-nano-freer.o)
                0x000218cc                _free_r
 .text._read_r  0x00021964       0x28 /home/shruthi/courses/emb_rts_lab/team17/gcc-arm-none-eabi/bin/../lib/gcc/arm-none-eabi/5.4.1/../../../../arm-none-eabi/lib/armv6-m/libc_nano.a(lib_a-readr.o)
                0x00021964                _read_r
 .text._fstat_r
                0x0002198c       0x24 /home/shruthi/courses/emb_rts_lab/team17/gcc-arm-none-eabi/bin/../lib/gcc/arm-none-eabi/5.4.1/../../../../arm-none-eabi/lib/armv6-m/libc_nano.a(lib_a-fstatr.o)
                0x0002198c                _fstat_r
 .text._isatty_r
                0x000219b0       0x24 /home/shruthi/courses/emb_rts_lab/team17/gcc-arm-none-eabi/bin/../lib/gcc/arm-none-eabi/5.4.1/../../../../arm-none-eabi/lib/armv6-m/libc_nano.a(lib_a-isattyr.o)
                0x000219b0                _isatty_r
 .text._close   0x000219d4       0x10 /home/shruthi/courses/emb_rts_lab/team17/gcc-arm-none-eabi/bin/../lib/gcc/arm-none-eabi/5.4.1/../../../../arm-none-eabi/lib/armv6-m/libnosys.a(close.o)
                0x000219d4                _close
 .text._fstat   0x000219e4       0x10 /home/shruthi/courses/emb_rts_lab/team17/gcc-arm-none-eabi/bin/../lib/gcc/arm-none-eabi/5.4.1/../../../../arm-none-eabi/lib/armv6-m/libnosys.a(fstat.o)
                0x000219e4                _fstat
 .text._isatty  0x000219f4       0x10 /home/shruthi/courses/emb_rts_lab/team17/gcc-arm-none-eabi/bin/../lib/gcc/arm-none-eabi/5.4.1/../../../../arm-none-eabi/lib/armv6-m/libnosys.a(isatty.o)
                0x000219f4                _isatty
 .text._lseek   0x00021a04       0x10 /home/shruthi/courses/emb_rts_lab/team17/gcc-arm-none-eabi/bin/../lib/gcc/arm-none-eabi/5.4.1/../../../../arm-none-eabi/lib/armv6-m/libnosys.a(lseek.o)
                0x00021a04                _lseek
 .text._read    0x00021a14       0x10 /home/shruthi/courses/emb_rts_lab/team17/gcc-arm-none-eabi/bin/../lib/gcc/arm-none-eabi/5.4.1/../../../../arm-none-eabi/lib/armv6-m/libnosys.a(read.o)
                0x00021a14                _read
 .text._sbrk    0x00021a24       0x1c /home/shruthi/courses/emb_rts_lab/team17/gcc-arm-none-eabi/bin/../lib/gcc/arm-none-eabi/5.4.1/../../../../arm-none-eabi/lib/armv6-m/libnosys.a(sbrk.o)
                0x00021a24                _sbrk
 *(.init)
 .init          0x00021a40        0x4 /home/shruthi/courses/emb_rts_lab/team17/gcc-arm-none-eabi/bin/../lib/gcc/arm-none-eabi/5.4.1/armv6-m/crti.o
                0x00021a40                _init
 .init          0x00021a44        0x8 /home/shruthi/courses/emb_rts_lab/team17/gcc-arm-none-eabi/bin/../lib/gcc/arm-none-eabi/5.4.1/armv6-m/crtn.o
 *(.fini)
 .fini          0x00021a4c        0x4 /home/shruthi/courses/emb_rts_lab/team17/gcc-arm-none-eabi/bin/../lib/gcc/arm-none-eabi/5.4.1/armv6-m/crti.o
                0x00021a4c                _fini
 .fini          0x00021a50        0x8 /home/shruthi/courses/emb_rts_lab/team17/gcc-arm-none-eabi/bin/../lib/gcc/arm-none-eabi/5.4.1/armv6-m/crtn.o
 *crtbegin.o(.ctors)
 *crtbegin?.o(.ctors)
 *(EXCLUDE_FILE(*crtend.o *crtend?.o) .ctors)
 *(SORT(.ctors.*))
 *(.ctors)
 *crtbegin.o(.dtors)
 *crtbegin?.o(.dtors)
 *(EXCLUDE_FILE(*crtend.o *crtend?.o) .dtors)
 *(SORT(.dtors.*))
 *(.dtors)
 *(.rodata*)
 .rodata.str1.1
                0x00021a58        0x2 /home/shruthi/courses/emb_rts_lab/team17/gcc-arm-none-eabi/bin/../lib/gcc/arm-none-eabi/5.4.1/../../../../arm-none-eabi/lib/armv6-m/libc_nano.a(lib_a-impure.o)
 *fill*         0x00021a5a        0x2 
 .rodata._global_impure_ptr
                0x00021a5c        0x4 /home/shruthi/courses/emb_rts_lab/team17/gcc-arm-none-eabi/bin/../lib/gcc/arm-none-eabi/5.4.1/../../../../arm-none-eabi/lib/armv6-m/libc_nano.a(lib_a-impure.o)
                0x00021a5c                _global_impure_ptr
 .rodata.str1.4
                0x00021a60        0xe _build/in4073.o
 *fill*         0x00021a6e        0x2 
 .rodata.process_drone
                0x00021a70       0x28 _build/process_drone.o
 .rodata.str1.4
                0x00021a98      0x1dc _build/process_drone.o
 .rodata.set_mode_type
                0x00021c74       0x28 _build/process_packet.o
 .rodata.process_packet
                0x00021c9c       0xc4 _build/process_packet.o
 .rodata.str1.4
                0x00021d60       0x62 _build/process_packet.o
 *fill*         0x00021dc2        0x2 
 .rodata.str1.4
                0x00021dc4       0x11 _build/uart.o
 *fill*         0x00021dd5        0x3 
 .rodata.str1.4
                0x00021dd8       0x28 _build/twi.o
 .rodata.test   0x00021e00       0x28 _build/inv_mpu.o
                0x00021e00                test
 .rodata.str1.4
                0x00021e28       0xa6 _build/inv_mpu.o
 *fill*         0x00021ece        0x2 
 .rodata.hw     0x00021ed0        0xc _build/inv_mpu.o
                0x00021ed0                hw
 .rodata.reg    0x00021edc       0x1e _build/inv_mpu.o
                0x00021edc                reg
 *fill*         0x00021efa        0x2 
 .rodata        0x00021efc       0x4b _build/inv_mpu_dmp_motion_driver.o
 *fill*         0x00021f47        0x1 
 .rodata.dmp_memory
                0x00021f48      0xbf6 _build/inv_mpu_dmp_motion_driver.o
 *fill*         0x00022b3e        0x2 
 .rodata.str1.4
                0x00022b40      0x126 _build/mpu_wrapper.o
 *fill*         0x00022c66        0x2 
 .rodata.str1.4
                0x00022c68       0x27 _build/app_error.o
 *fill*         0x00022c8f        0x1 
 .rodata.str1.4
                0x00022c90        0x5 /home/shruthi/courses/emb_rts_lab/team17/gcc-arm-none-eabi/bin/../lib/gcc/arm-none-eabi/5.4.1/../../../../arm-none-eabi/lib/armv6-m/libm.a(lib_a-w_asin.o)
                                  0x9 (size before relaxing)
 *fill*         0x00022c95        0x3 
 .rodata.str1.4
                0x00022c98        0x8 /home/shruthi/courses/emb_rts_lab/team17/gcc-arm-none-eabi/bin/../lib/gcc/arm-none-eabi/5.4.1/../../../../arm-none-eabi/lib/armv6-m/libm.a(lib_a-w_sqrt.o)
                                  0x5 (size before relaxing)
 .rodata.atanlo
                0x00022ca0       0x20 /home/shruthi/courses/emb_rts_lab/team17/gcc-arm-none-eabi/bin/../lib/gcc/arm-none-eabi/5.4.1/../../../../arm-none-eabi/lib/armv6-m/libm.a(lib_a-s_atan.o)
 .rodata.atanhi
                0x00022cc0       0x20 /home/shruthi/courses/emb_rts_lab/team17/gcc-arm-none-eabi/bin/../lib/gcc/arm-none-eabi/5.4.1/../../../../arm-none-eabi/lib/armv6-m/libm.a(lib_a-s_atan.o)
 .rodata        0x00022ce0       0x80 /home/shruthi/courses/emb_rts_lab/team17/gcc-arm-none-eabi/bin/../lib/gcc/arm-none-eabi/5.4.1/armv6-m/libgcc.a(divsf3.o)
 .rodata        0x00022d60       0x40 /home/shruthi/courses/emb_rts_lab/team17/gcc-arm-none-eabi/bin/../lib/gcc/arm-none-eabi/5.4.1/armv6-m/libgcc.a(mulsf3.o)
 .rodata        0x00022da0       0x40 /home/shruthi/courses/emb_rts_lab/team17/gcc-arm-none-eabi/bin/../lib/gcc/arm-none-eabi/5.4.1/armv6-m/libgcc.a(divdf3.o)
 .rodata        0x00022de0       0x40 /home/shruthi/courses/emb_rts_lab/team17/gcc-arm-none-eabi/bin/../lib/gcc/arm-none-eabi/5.4.1/armv6-m/libgcc.a(muldf3.o)
 .rodata.__sf_fake_stdin
                0x00022e20       0x20 /home/shruthi/courses/emb_rts_lab/team17/gcc-arm-none-eabi/bin/../lib/gcc/arm-none-eabi/5.4.1/../../../../arm-none-eabi/lib/armv6-m/libc_nano.a(lib_a-findfp.o)
                0x00022e20                __sf_fake_stdin
 .rodata.__sf_fake_stdout
                0x00022e40       0x20 /home/shruthi/courses/emb_rts_lab/team17/gcc-arm-none-eabi/bin/../lib/gcc/arm-none-eabi/5.4.1/../../../../arm-none-eabi/lib/armv6-m/libc_nano.a(lib_a-findfp.o)
                0x00022e40                __sf_fake_stdout
 .rodata.__sf_fake_stderr
                0x00022e60       0x20 /home/shruthi/courses/emb_rts_lab/team17/gcc-arm-none-eabi/bin/../lib/gcc/arm-none-eabi/5.4.1/../../../../arm-none-eabi/lib/armv6-m/libc_nano.a(lib_a-findfp.o)
                0x00022e60                __sf_fake_stderr
 .rodata.str1.1
                0x00022e80       0x11 /home/shruthi/courses/emb_rts_lab/team17/gcc-arm-none-eabi/bin/../lib/gcc/arm-none-eabi/5.4.1/../../../../arm-none-eabi/lib/armv6-m/libc_nano.a(lib_a-nano-vfprintf.o)
 .rodata.str1.1
                0x00022e91       0x22 /home/shruthi/courses/emb_rts_lab/team17/gcc-arm-none-eabi/bin/../lib/gcc/arm-none-eabi/5.4.1/../../../../arm-none-eabi/lib/armv6-m/libc_nano.a(lib_a-nano-vfprintf_i.o)
 *(.eh_frame*)
 *fill*         0x00022eb3        0x1 
 .eh_frame      0x00022eb4        0x0 /home/shruthi/courses/emb_rts_lab/team17/gcc-arm-none-eabi/bin/../lib/gcc/arm-none-eabi/5.4.1/armv6-m/crtbegin.o
                0x00022eb4                . = ALIGN (0x4)

.glue_7         0x00022eb4        0x0
 .glue_7        0x00022eb4        0x0 linker stubs

.glue_7t        0x00022eb4        0x0
 .glue_7t       0x00022eb4        0x0 linker stubs

.vfp11_veneer   0x00022eb4        0x0
 .vfp11_veneer  0x00022eb4        0x0 linker stubs

.v4_bx          0x00022eb4        0x0
 .v4_bx         0x00022eb4        0x0 linker stubs

.iplt           0x00022eb4        0x0
 .iplt          0x00022eb4        0x0 /home/shruthi/courses/emb_rts_lab/team17/gcc-arm-none-eabi/bin/../lib/gcc/arm-none-eabi/5.4.1/armv6-m/crtbegin.o

.ARM.extab      0x00022eb4        0x0
 *(.ARM.extab* .gnu.linkonce.armextab.*)
                0x00022eb4                . = ALIGN (0x4)
                0x00022eb4                __exidx_start = .

.ARM.exidx      0x00022eb4        0x8
 *(.ARM.exidx* .gnu.linkonce.armexidx.*)
 .ARM.exidx     0x00022eb4        0x8 /home/shruthi/courses/emb_rts_lab/team17/gcc-arm-none-eabi/bin/../lib/gcc/arm-none-eabi/5.4.1/../../../../arm-none-eabi/lib/armv6-m/crt0.o
 .ARM.exidx     0x00022ebc        0x0 _build/gcc_startup_nrf51.o
                                  0x8 (size before relaxing)
                0x00022ebc                . = ALIGN (0x4)
                0x00022ebc                __exidx_end = .
                0x00022ebc                __etext = .

.rel.dyn        0x00022ebc        0x0
 .rel.iplt      0x00022ebc        0x0 /home/shruthi/courses/emb_rts_lab/team17/gcc-arm-none-eabi/bin/../lib/gcc/arm-none-eabi/5.4.1/armv6-m/crtbegin.o

.data           0x20002000       0xa8 load address 0x00022ebc
                0x20002000                __data_start__ = .
 *(vtable)
 *(.data*)
 .data.impure_data
                0x20002000       0x60 /home/shruthi/courses/emb_rts_lab/team17/gcc-arm-none-eabi/bin/../lib/gcc/arm-none-eabi/5.4.1/../../../../arm-none-eabi/lib/armv6-m/libc_nano.a(lib_a-impure.o)
 .data._impure_ptr
                0x20002060        0x4 /home/shruthi/courses/emb_rts_lab/team17/gcc-arm-none-eabi/bin/../lib/gcc/arm-none-eabi/5.4.1/../../../../arm-none-eabi/lib/armv6-m/libc_nano.a(lib_a-impure.o)
                0x20002060                _impure_ptr
 .data.txd_available
                0x20002064        0x1 _build/uart.o
                0x20002064                txd_available
 *fill*         0x20002065        0x3 
 .data.st       0x20002068       0x2c _build/inv_mpu.o
 .data.gyro_orientation.6722
                0x20002094        0x9 _build/mpu_wrapper.o
 .data.__fdlib_version
                0x2000209d        0x1 /home/shruthi/courses/emb_rts_lab/team17/gcc-arm-none-eabi/bin/../lib/gcc/arm-none-eabi/5.4.1/../../../../arm-none-eabi/lib/armv6-m/libm.a(lib_a-s_lib_ver.o)
                0x2000209d                __fdlib_version
                0x200020a0                . = ALIGN (0x4)
 *fill*         0x2000209e        0x2 
                0x200020a0                PROVIDE (__preinit_array_start, .)
 *(.preinit_array)
                0x200020a0                PROVIDE (__preinit_array_end, .)
                0x200020a0                . = ALIGN (0x4)
                0x200020a0                PROVIDE (__init_array_start, .)
 *(SORT(.init_array.*))
 *(.init_array)
 .init_array    0x200020a0        0x4 /home/shruthi/courses/emb_rts_lab/team17/gcc-arm-none-eabi/bin/../lib/gcc/arm-none-eabi/5.4.1/armv6-m/crtbegin.o
                0x200020a4                PROVIDE (__init_array_end, .)
                0x200020a4                . = ALIGN (0x4)
                [!provide]                PROVIDE (__fini_array_start, .)
 *(SORT(.fini_array.*))
 *(.fini_array)
 .fini_array    0x200020a4        0x4 /home/shruthi/courses/emb_rts_lab/team17/gcc-arm-none-eabi/bin/../lib/gcc/arm-none-eabi/5.4.1/armv6-m/crtbegin.o
                [!provide]                PROVIDE (__fini_array_end, .)
 *(.jcr)
 .jcr           0x200020a8        0x0 /home/shruthi/courses/emb_rts_lab/team17/gcc-arm-none-eabi/bin/../lib/gcc/arm-none-eabi/5.4.1/armv6-m/crtbegin.o
                0x200020a8                . = ALIGN (0x4)
                0x200020a8                __data_end__ = .

.igot.plt       0x200020a8        0x0 load address 0x00022f64
 .igot.plt      0x200020a8        0x0 /home/shruthi/courses/emb_rts_lab/team17/gcc-arm-none-eabi/bin/../lib/gcc/arm-none-eabi/5.4.1/armv6-m/crtbegin.o

.bss            0x200020a8      0x3a0 load address 0x00022f64
                0x200020a8                . = ALIGN (0x4)
                0x200020a8                __bss_start__ = .
 *(.bss*)
 .bss           0x200020a8       0x1c /home/shruthi/courses/emb_rts_lab/team17/gcc-arm-none-eabi/bin/../lib/gcc/arm-none-eabi/5.4.1/armv6-m/crtbegin.o
 .bss.control_loop_flag
                0x200020c4        0x1 _build/process_drone.o
                0x200020c4                control_loop_flag
 .bss.telemetry_flag
                0x200020c5        0x1 _build/process_drone.o
                0x200020c5                telemetry_flag
 .bss.log_flag  0x200020c6        0x1 _build/process_drone.o
                0x200020c6                log_flag
 .bss.batt_low_flag
                0x200020c7        0x1 _build/process_drone.o
                0x200020c7                batt_low_flag
 .bss.counter   0x200020c8        0x4 _build/process_drone.o
                0x200020c8                counter
 .bss.log_upload_flag
                0x200020cc        0x1 _build/process_packet.o
                0x200020cc                log_upload_flag
 .bss.height_control_flag
                0x200020cd        0x1 _build/process_packet.o
                0x200020cd                height_control_flag
 .bss.log_active_flag
                0x200020ce        0x1 _build/process_packet.o
                0x200020ce                log_active_flag
 .bss.sensor_int_flag
                0x200020cf        0x1 _build/gpio.o
 .bss.TIMER2_flag
                0x200020d0        0x1 _build/timers.o
 .bss.control_loop_timer
                0x200020d1        0x1 _build/timers.o
 .bss.telemetry_timer
                0x200020d2        0x1 _build/timers.o
 .bss.log_timer
                0x200020d3        0x1 _build/timers.o
 .bss.global_time
                0x200020d4        0x4 _build/timers.o
 .bss.nack_flag
                0x200020d8        0x4 _build/uart.o
                0x200020d8                nack_flag
 .bss.rcv_byte_count
                0x200020dc        0x4 _build/uart.o
                0x200020dc                rcv_byte_count
 .bss.sent      0x200020e0        0x1 _build/twi.o
 .bss.read      0x200020e1        0x1 _build/twi.o
 .bss.loop_count
                0x200020e2        0x1 _build/baro.o
 *fill*         0x200020e3        0x1 
 .bss.data.6718
                0x200020e4        0x2 _build/baro.o
 *fill*         0x200020e6        0x2 
 .bss.prom      0x200020e8       0x10 _build/baro.o
 .bss.data      0x200020f8        0x3 _build/baro.o
 *fill*         0x200020fb        0x1 
 .bss.initTime  0x200020fc        0x4 _build/baro.o
                0x200020fc                initTime
 .bss.spi_config_table
                0x20002100        0xc _build/spi_flash.o
 .bss.SPI       0x2000210c        0x4 _build/spi_flash.o
 .bss.dmp       0x20002110       0x10 _build/inv_mpu_dmp_motion_driver.o
 .bss.m_ticks_latest
                0x20002120        0x4 _build/app_timer.o
 .bss.mp_timer_id_head
                0x20002124        0x4 _build/app_timer.o
 .bss.m_evt_schedule_func
                0x20002128        0x4 _build/app_timer.o
 .bss.m_user_array_size
                0x2000212c        0x1 _build/app_timer.o
 *fill*         0x2000212d        0x3 
 .bss.mp_users  0x20002130        0x4 _build/app_timer.o
 .bss.m_ticks_elapsed_q_read_ind
                0x20002134        0x1 _build/app_timer.o
 .bss.m_ticks_elapsed_q_write_ind
                0x20002135        0x1 _build/app_timer.o
 .bss.m_rtc1_reset
                0x20002136        0x1 _build/app_timer.o
 *fill*         0x20002137        0x1 
 .bss.m_ticks_elapsed
                0x20002138        0x8 _build/app_timer.o
 .bss.m_rtc1_running
                0x20002140        0x1 _build/app_timer.o
 .bss.m_softdevice_enabled
                0x20002141        0x1 _build/softdevice_handler.o
 .bss.m_ble_evt_buffer_size
                0x20002142        0x2 _build/softdevice_handler.o
 .bss.mp_ble_evt_buffer
                0x20002144        0x4 _build/softdevice_handler.o
 .bss.m_sys_evt_handler
                0x20002148        0x4 _build/softdevice_handler.o
 .bss.m_ble_evt_handler
                0x2000214c        0x4 _build/softdevice_handler.o
 .bss.m_evt_schedule_func
                0x20002150        0x4 _build/softdevice_handler.o
 .bss.__malloc_sbrk_start
                0x20002154        0x4 /home/shruthi/courses/emb_rts_lab/team17/gcc-arm-none-eabi/bin/../lib/gcc/arm-none-eabi/5.4.1/../../../../arm-none-eabi/lib/armv6-m/libc_nano.a(lib_a-nano-mallocr.o)
                0x20002154                __malloc_sbrk_start
 .bss.__malloc_free_list
                0x20002158        0x4 /home/shruthi/courses/emb_rts_lab/team17/gcc-arm-none-eabi/bin/../lib/gcc/arm-none-eabi/5.4.1/../../../../arm-none-eabi/lib/armv6-m/libc_nano.a(lib_a-nano-mallocr.o)
                0x20002158                __malloc_free_list
 .bss.heap_end.4167
                0x2000215c        0x4 /home/shruthi/courses/emb_rts_lab/team17/gcc-arm-none-eabi/bin/../lib/gcc/arm-none-eabi/5.4.1/../../../../arm-none-eabi/lib/armv6-m/libnosys.a(sbrk.o)
 *(COMMON)
 COMMON         0x20002160      0x29b _build/in4073.o
                0x20002160                say
                0x20002162                psi
                0x20002164                sensor_fifo_count
                0x20002166                saz
                0x20002168                rx_queue
                0x200021ec                phi
                0x200021f0                temperature
                0x200021f4                theta
                0x200021f8                pressure
                0x200021fc                tx_queue
                0x20002280                sax
                0x20002282                sq
                0x20002284                bat_volt
                0x20002288                ble_rx_queue
                0x2000230c                drone
                0x20002368                sp
                0x2000236c                ble_tx_queue
                0x200023f0                ae
                0x200023f8                sr
                0x200023fa                demo_done
 *fill*         0x200023fb        0x1 
 COMMON         0x200023fc       0x38 _build/process_drone.o
                0x200023fc                new_addr_write
                0x20002400                write_data
                0x20002418                read_data
                0x20002430                new_addr
 COMMON         0x20002434        0x5 _build/uart.o
                0x20002434                p
 *fill*         0x20002439        0x3 
 COMMON         0x2000243c        0x8 _build/baro.o
                0x2000243c                D2
                0x20002440                D1
 COMMON         0x20002444        0x4 /home/shruthi/courses/emb_rts_lab/team17/gcc-arm-none-eabi/bin/../lib/gcc/arm-none-eabi/5.4.1/../../../../arm-none-eabi/lib/armv6-m/libc_nano.a(lib_a-reent.o)
                0x20002444                errno
                0x20002448                . = ALIGN (0x4)
                0x20002448                __bss_end__ = .

.heap           0x20002448      0x800
                0x20002448                __end__ = .
                0x20002448                end = __end__
 *(.heap*)
 .heap          0x20002448      0x800 _build/gcc_startup_nrf51.o
                0x20002448                __HeapBase
                0x20002c48                __HeapLimit = .

.stack_dummy    0x20002448      0x800
 *(.stack*)
 .stack         0x20002448      0x800 _build/gcc_startup_nrf51.o
                0x20004000                __StackTop = (ORIGIN (RAM) + LENGTH (RAM))
                0x20003800                __StackLimit = (__StackTop - SIZEOF (.stack_dummy))
                0x20004000                PROVIDE (__stack, __StackTop)
                0x00000001                ASSERT ((__StackLimit >= __HeapLimit), region RAM overflowed with stack)
OUTPUT(_build/in4073.out elf32-littlearm)

.ARM.attributes
                0x00000000       0x28
 .ARM.attributes
                0x00000000       0x1e /home/shruthi/courses/emb_rts_lab/team17/gcc-arm-none-eabi/bin/../lib/gcc/arm-none-eabi/5.4.1/armv6-m/crti.o
 .ARM.attributes
                0x0000001e       0x2c /home/shruthi/courses/emb_rts_lab/team17/gcc-arm-none-eabi/bin/../lib/gcc/arm-none-eabi/5.4.1/armv6-m/crtbegin.o
 .ARM.attributes
                0x0000004a       0x1b /home/shruthi/courses/emb_rts_lab/team17/gcc-arm-none-eabi/bin/../lib/gcc/arm-none-eabi/5.4.1/../../../../arm-none-eabi/lib/armv6-m/crt0.o
 .ARM.attributes
                0x00000065       0x2c /home/shruthi/courses/emb_rts_lab/team17/gcc-arm-none-eabi/bin/../lib/gcc/arm-none-eabi/5.4.1/../../../../arm-none-eabi/lib/armv6-m/libc_nano.a(lib_a-exit.o)
 .ARM.attributes
                0x00000091       0x2c /home/shruthi/courses/emb_rts_lab/team17/gcc-arm-none-eabi/bin/../lib/gcc/arm-none-eabi/5.4.1/../../../../arm-none-eabi/lib/armv6-m/libc_nano.a(lib_a-impure.o)
 .ARM.attributes
                0x000000bd       0x2c /home/shruthi/courses/emb_rts_lab/team17/gcc-arm-none-eabi/bin/../lib/gcc/arm-none-eabi/5.4.1/../../../../arm-none-eabi/lib/armv6-m/libc_nano.a(lib_a-init.o)
 .ARM.attributes
                0x000000e9       0x2c /home/shruthi/courses/emb_rts_lab/team17/gcc-arm-none-eabi/bin/../lib/gcc/arm-none-eabi/5.4.1/../../../../arm-none-eabi/lib/armv6-m/libc_nano.a(lib_a-memset.o)
 .ARM.attributes
                0x00000115       0x2c /home/shruthi/courses/emb_rts_lab/team17/gcc-arm-none-eabi/bin/../lib/gcc/arm-none-eabi/5.4.1/../../../../arm-none-eabi/lib/armv6-m/libnosys.a(_exit.o)
 .ARM.attributes
                0x00000141       0x31 _build/system_nrf51.o
 .ARM.attributes
                0x00000172       0x31 _build/nrf_delay.o
 .ARM.attributes
                0x000001a3       0x31 _build/in4073.o
 .ARM.attributes
                0x000001d4       0x31 _build/crc.o
 .ARM.attributes
                0x00000205       0x31 _build/control.o
 .ARM.attributes
                0x00000236       0x31 _build/process_drone.o
 .ARM.attributes
                0x00000267       0x31 _build/process_packet.o
 .ARM.attributes
                0x00000298       0x31 _build/gpio.o
 .ARM.attributes
                0x000002c9       0x31 _build/timers.o
 .ARM.attributes
                0x000002fa       0x31 _build/uart.o
 .ARM.attributes
                0x0000032b       0x31 _build/queue.o
 .ARM.attributes
                0x0000035c       0x31 _build/twi.o
 .ARM.attributes
                0x0000038d       0x31 _build/adc.o
 .ARM.attributes
                0x000003be       0x31 _build/baro.o
 .ARM.attributes
                0x000003ef       0x31 _build/spi_flash.o
 .ARM.attributes
                0x00000420       0x31 _build/inv_mpu.o
 .ARM.attributes
                0x00000451       0x31 _build/inv_mpu_dmp_motion_driver.o
 .ARM.attributes
                0x00000482       0x31 _build/ml.o
 .ARM.attributes
                0x000004b3       0x31 _build/mpu_wrapper.o
 .ARM.attributes
                0x000004e4       0x31 _build/app_error.o
 .ARM.attributes
                0x00000515       0x31 _build/app_timer.o
 .ARM.attributes
                0x00000546       0x31 _build/softdevice_handler.o
 .ARM.attributes
                0x00000577       0x1b _build/gcc_startup_nrf51.o
 .ARM.attributes
                0x00000592       0x2c /home/shruthi/courses/emb_rts_lab/team17/gcc-arm-none-eabi/bin/../lib/gcc/arm-none-eabi/5.4.1/../../../../arm-none-eabi/lib/armv6-m/libm.a(lib_a-s_fabs.o)
 .ARM.attributes
                0x000005be       0x2c /home/shruthi/courses/emb_rts_lab/team17/gcc-arm-none-eabi/bin/../lib/gcc/arm-none-eabi/5.4.1/../../../../arm-none-eabi/lib/armv6-m/libm.a(lib_a-w_asin.o)
 .ARM.attributes
                0x000005ea       0x2c /home/shruthi/courses/emb_rts_lab/team17/gcc-arm-none-eabi/bin/../lib/gcc/arm-none-eabi/5.4.1/../../../../arm-none-eabi/lib/armv6-m/libm.a(lib_a-w_atan2.o)
 .ARM.attributes
                0x00000616       0x2c /home/shruthi/courses/emb_rts_lab/team17/gcc-arm-none-eabi/bin/../lib/gcc/arm-none-eabi/5.4.1/../../../../arm-none-eabi/lib/armv6-m/libm.a(lib_a-w_sqrt.o)
 .ARM.attributes
                0x00000642       0x2c /home/shruthi/courses/emb_rts_lab/team17/gcc-arm-none-eabi/bin/../lib/gcc/arm-none-eabi/5.4.1/../../../../arm-none-eabi/lib/armv6-m/libm.a(lib_a-e_asin.o)
 .ARM.attributes
                0x0000066e       0x2c /home/shruthi/courses/emb_rts_lab/team17/gcc-arm-none-eabi/bin/../lib/gcc/arm-none-eabi/5.4.1/../../../../arm-none-eabi/lib/armv6-m/libm.a(lib_a-e_atan2.o)
 .ARM.attributes
                0x0000069a       0x2c /home/shruthi/courses/emb_rts_lab/team17/gcc-arm-none-eabi/bin/../lib/gcc/arm-none-eabi/5.4.1/../../../../arm-none-eabi/lib/armv6-m/libm.a(lib_a-e_sqrt.o)
 .ARM.attributes
                0x000006c6       0x2c /home/shruthi/courses/emb_rts_lab/team17/gcc-arm-none-eabi/bin/../lib/gcc/arm-none-eabi/5.4.1/../../../../arm-none-eabi/lib/armv6-m/libm.a(lib_a-s_atan.o)
 .ARM.attributes
                0x000006f2       0x2c /home/shruthi/courses/emb_rts_lab/team17/gcc-arm-none-eabi/bin/../lib/gcc/arm-none-eabi/5.4.1/../../../../arm-none-eabi/lib/armv6-m/libm.a(lib_a-s_lib_ver.o)
 .ARM.attributes
                0x0000071e       0x2c /home/shruthi/courses/emb_rts_lab/team17/gcc-arm-none-eabi/bin/../lib/gcc/arm-none-eabi/5.4.1/../../../../arm-none-eabi/lib/armv6-m/libm.a(lib_a-s_matherr.o)
 .ARM.attributes
                0x0000074a       0x2c /home/shruthi/courses/emb_rts_lab/team17/gcc-arm-none-eabi/bin/../lib/gcc/arm-none-eabi/5.4.1/../../../../arm-none-eabi/lib/armv6-m/libm.a(lib_a-s_nan.o)
 .ARM.attributes
                0x00000776       0x1e /home/shruthi/courses/emb_rts_lab/team17/gcc-arm-none-eabi/bin/../lib/gcc/arm-none-eabi/5.4.1/armv6-m/libgcc.a(_udivsi3.o)
 .ARM.attributes
                0x00000794       0x1e /home/shruthi/courses/emb_rts_lab/team17/gcc-arm-none-eabi/bin/../lib/gcc/arm-none-eabi/5.4.1/armv6-m/libgcc.a(_divsi3.o)
 .ARM.attributes
                0x000007b2       0x1e /home/shruthi/courses/emb_rts_lab/team17/gcc-arm-none-eabi/bin/../lib/gcc/arm-none-eabi/5.4.1/armv6-m/libgcc.a(_dvmd_tls.o)
 .ARM.attributes
                0x000007d0       0x1e /home/shruthi/courses/emb_rts_lab/team17/gcc-arm-none-eabi/bin/../lib/gcc/arm-none-eabi/5.4.1/armv6-m/libgcc.a(_arm_cmpdf2.o)
 .ARM.attributes
                0x000007ee       0x1e /home/shruthi/courses/emb_rts_lab/team17/gcc-arm-none-eabi/bin/../lib/gcc/arm-none-eabi/5.4.1/armv6-m/libgcc.a(_arm_cmpsf2.o)
 .ARM.attributes
                0x0000080c       0x2c /home/shruthi/courses/emb_rts_lab/team17/gcc-arm-none-eabi/bin/../lib/gcc/arm-none-eabi/5.4.1/armv6-m/libgcc.a(_muldi3.o)
 .ARM.attributes
                0x00000838       0x2c /home/shruthi/courses/emb_rts_lab/team17/gcc-arm-none-eabi/bin/../lib/gcc/arm-none-eabi/5.4.1/armv6-m/libgcc.a(_fixunssfsi.o)
 .ARM.attributes
                0x00000864       0x2c /home/shruthi/courses/emb_rts_lab/team17/gcc-arm-none-eabi/bin/../lib/gcc/arm-none-eabi/5.4.1/armv6-m/libgcc.a(addsf3.o)
 .ARM.attributes
                0x00000890       0x2c /home/shruthi/courses/emb_rts_lab/team17/gcc-arm-none-eabi/bin/../lib/gcc/arm-none-eabi/5.4.1/armv6-m/libgcc.a(divsf3.o)
 .ARM.attributes
                0x000008bc       0x2c /home/shruthi/courses/emb_rts_lab/team17/gcc-arm-none-eabi/bin/../lib/gcc/arm-none-eabi/5.4.1/armv6-m/libgcc.a(eqsf2.o)
 .ARM.attributes
                0x000008e8       0x2c /home/shruthi/courses/emb_rts_lab/team17/gcc-arm-none-eabi/bin/../lib/gcc/arm-none-eabi/5.4.1/armv6-m/libgcc.a(gesf2.o)
 .ARM.attributes
                0x00000914       0x2c /home/shruthi/courses/emb_rts_lab/team17/gcc-arm-none-eabi/bin/../lib/gcc/arm-none-eabi/5.4.1/armv6-m/libgcc.a(lesf2.o)
 .ARM.attributes
                0x00000940       0x2c /home/shruthi/courses/emb_rts_lab/team17/gcc-arm-none-eabi/bin/../lib/gcc/arm-none-eabi/5.4.1/armv6-m/libgcc.a(mulsf3.o)
 .ARM.attributes
                0x0000096c       0x2c /home/shruthi/courses/emb_rts_lab/team17/gcc-arm-none-eabi/bin/../lib/gcc/arm-none-eabi/5.4.1/armv6-m/libgcc.a(subsf3.o)
 .ARM.attributes
                0x00000998       0x2c /home/shruthi/courses/emb_rts_lab/team17/gcc-arm-none-eabi/bin/../lib/gcc/arm-none-eabi/5.4.1/armv6-m/libgcc.a(fixsfsi.o)
 .ARM.attributes
                0x000009c4       0x2c /home/shruthi/courses/emb_rts_lab/team17/gcc-arm-none-eabi/bin/../lib/gcc/arm-none-eabi/5.4.1/armv6-m/libgcc.a(floatsisf.o)
 .ARM.attributes
                0x000009f0       0x2c /home/shruthi/courses/emb_rts_lab/team17/gcc-arm-none-eabi/bin/../lib/gcc/arm-none-eabi/5.4.1/armv6-m/libgcc.a(floatunsisf.o)
 .ARM.attributes
                0x00000a1c       0x2c /home/shruthi/courses/emb_rts_lab/team17/gcc-arm-none-eabi/bin/../lib/gcc/arm-none-eabi/5.4.1/armv6-m/libgcc.a(adddf3.o)
 .ARM.attributes
                0x00000a48       0x2c /home/shruthi/courses/emb_rts_lab/team17/gcc-arm-none-eabi/bin/../lib/gcc/arm-none-eabi/5.4.1/armv6-m/libgcc.a(divdf3.o)
 .ARM.attributes
                0x00000a74       0x2c /home/shruthi/courses/emb_rts_lab/team17/gcc-arm-none-eabi/bin/../lib/gcc/arm-none-eabi/5.4.1/armv6-m/libgcc.a(eqdf2.o)
 .ARM.attributes
                0x00000aa0       0x2c /home/shruthi/courses/emb_rts_lab/team17/gcc-arm-none-eabi/bin/../lib/gcc/arm-none-eabi/5.4.1/armv6-m/libgcc.a(gedf2.o)
 .ARM.attributes
                0x00000acc       0x2c /home/shruthi/courses/emb_rts_lab/team17/gcc-arm-none-eabi/bin/../lib/gcc/arm-none-eabi/5.4.1/armv6-m/libgcc.a(ledf2.o)
 .ARM.attributes
                0x00000af8       0x2c /home/shruthi/courses/emb_rts_lab/team17/gcc-arm-none-eabi/bin/../lib/gcc/arm-none-eabi/5.4.1/armv6-m/libgcc.a(muldf3.o)
 .ARM.attributes
                0x00000b24       0x2c /home/shruthi/courses/emb_rts_lab/team17/gcc-arm-none-eabi/bin/../lib/gcc/arm-none-eabi/5.4.1/armv6-m/libgcc.a(subdf3.o)
 .ARM.attributes
                0x00000b50       0x2c /home/shruthi/courses/emb_rts_lab/team17/gcc-arm-none-eabi/bin/../lib/gcc/arm-none-eabi/5.4.1/armv6-m/libgcc.a(unorddf2.o)
 .ARM.attributes
                0x00000b7c       0x2c /home/shruthi/courses/emb_rts_lab/team17/gcc-arm-none-eabi/bin/../lib/gcc/arm-none-eabi/5.4.1/armv6-m/libgcc.a(fixdfsi.o)
 .ARM.attributes
                0x00000ba8       0x2c /home/shruthi/courses/emb_rts_lab/team17/gcc-arm-none-eabi/bin/../lib/gcc/arm-none-eabi/5.4.1/armv6-m/libgcc.a(floatsidf.o)
 .ARM.attributes
                0x00000bd4       0x2c /home/shruthi/courses/emb_rts_lab/team17/gcc-arm-none-eabi/bin/../lib/gcc/arm-none-eabi/5.4.1/armv6-m/libgcc.a(extendsfdf2.o)
 .ARM.attributes
                0x00000c00       0x1e /home/shruthi/courses/emb_rts_lab/team17/gcc-arm-none-eabi/bin/../lib/gcc/arm-none-eabi/5.4.1/armv6-m/libgcc.a(_clzsi2.o)
 .ARM.attributes
                0x00000c1e       0x2c /home/shruthi/courses/emb_rts_lab/team17/gcc-arm-none-eabi/bin/../lib/gcc/arm-none-eabi/5.4.1/../../../../arm-none-eabi/lib/armv6-m/libc_nano.a(lib_a-errno.o)
 .ARM.attributes
                0x00000c4a       0x2c /home/shruthi/courses/emb_rts_lab/team17/gcc-arm-none-eabi/bin/../lib/gcc/arm-none-eabi/5.4.1/../../../../arm-none-eabi/lib/armv6-m/libc_nano.a(lib_a-memcmp.o)
 .ARM.attributes
                0x00000c76       0x2c /home/shruthi/courses/emb_rts_lab/team17/gcc-arm-none-eabi/bin/../lib/gcc/arm-none-eabi/5.4.1/../../../../arm-none-eabi/lib/armv6-m/libc_nano.a(lib_a-memcpy-stub.o)
 .ARM.attributes
                0x00000ca2       0x2c /home/shruthi/courses/emb_rts_lab/team17/gcc-arm-none-eabi/bin/../lib/gcc/arm-none-eabi/5.4.1/../../../../arm-none-eabi/lib/armv6-m/libc_nano.a(lib_a-printf.o)
 .ARM.attributes
                0x00000cce       0x2c /home/shruthi/courses/emb_rts_lab/team17/gcc-arm-none-eabi/bin/../lib/gcc/arm-none-eabi/5.4.1/../../../../arm-none-eabi/lib/armv6-m/libc_nano.a(lib_a-findfp.o)
 .ARM.attributes
                0x00000cfa       0x2c /home/shruthi/courses/emb_rts_lab/team17/gcc-arm-none-eabi/bin/../lib/gcc/arm-none-eabi/5.4.1/../../../../arm-none-eabi/lib/armv6-m/libc_nano.a(lib_a-fwalk.o)
 .ARM.attributes
                0x00000d26       0x2c /home/shruthi/courses/emb_rts_lab/team17/gcc-arm-none-eabi/bin/../lib/gcc/arm-none-eabi/5.4.1/../../../../arm-none-eabi/lib/armv6-m/libc_nano.a(lib_a-nano-mallocr.o)
 .ARM.attributes
                0x00000d52       0x2c /home/shruthi/courses/emb_rts_lab/team17/gcc-arm-none-eabi/bin/../lib/gcc/arm-none-eabi/5.4.1/../../../../arm-none-eabi/lib/armv6-m/libc_nano.a(lib_a-nano-vfprintf.o)
 .ARM.attributes
                0x00000d7e       0x2c /home/shruthi/courses/emb_rts_lab/team17/gcc-arm-none-eabi/bin/../lib/gcc/arm-none-eabi/5.4.1/../../../../arm-none-eabi/lib/armv6-m/libc_nano.a(lib_a-nano-vfprintf_i.o)
 .ARM.attributes
                0x00000daa       0x2c /home/shruthi/courses/emb_rts_lab/team17/gcc-arm-none-eabi/bin/../lib/gcc/arm-none-eabi/5.4.1/../../../../arm-none-eabi/lib/armv6-m/libc_nano.a(lib_a-sbrkr.o)
 .ARM.attributes
                0x00000dd6       0x2c /home/shruthi/courses/emb_rts_lab/team17/gcc-arm-none-eabi/bin/../lib/gcc/arm-none-eabi/5.4.1/../../../../arm-none-eabi/lib/armv6-m/libc_nano.a(lib_a-stdio.o)
 .ARM.attributes
                0x00000e02       0x2c /home/shruthi/courses/emb_rts_lab/team17/gcc-arm-none-eabi/bin/../lib/gcc/arm-none-eabi/5.4.1/../../../../arm-none-eabi/lib/armv6-m/libc_nano.a(lib_a-wbuf.o)
 .ARM.attributes
                0x00000e2e       0x2c /home/shruthi/courses/emb_rts_lab/team17/gcc-arm-none-eabi/bin/../lib/gcc/arm-none-eabi/5.4.1/../../../../arm-none-eabi/lib/armv6-m/libc_nano.a(lib_a-writer.o)
 .ARM.attributes
                0x00000e5a       0x2c /home/shruthi/courses/emb_rts_lab/team17/gcc-arm-none-eabi/bin/../lib/gcc/arm-none-eabi/5.4.1/../../../../arm-none-eabi/lib/armv6-m/libc_nano.a(lib_a-wsetup.o)
 .ARM.attributes
                0x00000e86       0x2c /home/shruthi/courses/emb_rts_lab/team17/gcc-arm-none-eabi/bin/../lib/gcc/arm-none-eabi/5.4.1/../../../../arm-none-eabi/lib/armv6-m/libc_nano.a(lib_a-closer.o)
 .ARM.attributes
                0x00000eb2       0x2c /home/shruthi/courses/emb_rts_lab/team17/gcc-arm-none-eabi/bin/../lib/gcc/arm-none-eabi/5.4.1/../../../../arm-none-eabi/lib/armv6-m/libc_nano.a(lib_a-fflush.o)
 .ARM.attributes
                0x00000ede       0x2c /home/shruthi/courses/emb_rts_lab/team17/gcc-arm-none-eabi/bin/../lib/gcc/arm-none-eabi/5.4.1/../../../../arm-none-eabi/lib/armv6-m/libc_nano.a(lib_a-lseekr.o)
 .ARM.attributes
                0x00000f0a       0x2c /home/shruthi/courses/emb_rts_lab/team17/gcc-arm-none-eabi/bin/../lib/gcc/arm-none-eabi/5.4.1/../../../../arm-none-eabi/lib/armv6-m/libc_nano.a(lib_a-makebuf.o)
 .ARM.attributes
                0x00000f36       0x2c /home/shruthi/courses/emb_rts_lab/team17/gcc-arm-none-eabi/bin/../lib/gcc/arm-none-eabi/5.4.1/../../../../arm-none-eabi/lib/armv6-m/libc_nano.a(lib_a-memchr-stub.o)
 .ARM.attributes
                0x00000f62       0x2c /home/shruthi/courses/emb_rts_lab/team17/gcc-arm-none-eabi/bin/../lib/gcc/arm-none-eabi/5.4.1/../../../../arm-none-eabi/lib/armv6-m/libc_nano.a(lib_a-mlock.o)
 .ARM.attributes
                0x00000f8e       0x2c /home/shruthi/courses/emb_rts_lab/team17/gcc-arm-none-eabi/bin/../lib/gcc/arm-none-eabi/5.4.1/../../../../arm-none-eabi/lib/armv6-m/libc_nano.a(lib_a-nano-freer.o)
 .ARM.attributes
                0x00000fba       0x2c /home/shruthi/courses/emb_rts_lab/team17/gcc-arm-none-eabi/bin/../lib/gcc/arm-none-eabi/5.4.1/../../../../arm-none-eabi/lib/armv6-m/libc_nano.a(lib_a-readr.o)
 .ARM.attributes
                0x00000fe6       0x2c /home/shruthi/courses/emb_rts_lab/team17/gcc-arm-none-eabi/bin/../lib/gcc/arm-none-eabi/5.4.1/../../../../arm-none-eabi/lib/armv6-m/libc_nano.a(lib_a-reent.o)
 .ARM.attributes
                0x00001012       0x2c /home/shruthi/courses/emb_rts_lab/team17/gcc-arm-none-eabi/bin/../lib/gcc/arm-none-eabi/5.4.1/../../../../arm-none-eabi/lib/armv6-m/libc_nano.a(lib_a-fstatr.o)
 .ARM.attributes
                0x0000103e       0x2c /home/shruthi/courses/emb_rts_lab/team17/gcc-arm-none-eabi/bin/../lib/gcc/arm-none-eabi/5.4.1/../../../../arm-none-eabi/lib/armv6-m/libc_nano.a(lib_a-isattyr.o)
 .ARM.attributes
                0x0000106a       0x1e /home/shruthi/courses/emb_rts_lab/team17/gcc-arm-none-eabi/bin/../lib/gcc/arm-none-eabi/5.4.1/armv6-m/crtn.o
 .ARM.attributes
                0x00001088       0x2c /home/shruthi/courses/emb_rts_lab/team17/gcc-arm-none-eabi/bin/../lib/gcc/arm-none-eabi/5.4.1/../../../../arm-none-eabi/lib/armv6-m/libnosys.a(close.o)
 .ARM.attributes
                0x000010b4       0x2c /home/shruthi/courses/emb_rts_lab/team17/gcc-arm-none-eabi/bin/../lib/gcc/arm-none-eabi/5.4.1/../../../../arm-none-eabi/lib/armv6-m/libnosys.a(fstat.o)
 .ARM.attributes
                0x000010e0       0x2c /home/shruthi/courses/emb_rts_lab/team17/gcc-arm-none-eabi/bin/../lib/gcc/arm-none-eabi/5.4.1/../../../../arm-none-eabi/lib/armv6-m/libnosys.a(isatty.o)
 .ARM.attributes
                0x0000110c       0x2c /home/shruthi/courses/emb_rts_lab/team17/gcc-arm-none-eabi/bin/../lib/gcc/arm-none-eabi/5.4.1/../../../../arm-none-eabi/lib/armv6-m/libnosys.a(lseek.o)
 .ARM.attributes
                0x00001138       0x2c /home/shruthi/courses/emb_rts_lab/team17/gcc-arm-none-eabi/bin/../lib/gcc/arm-none-eabi/5.4.1/../../../../arm-none-eabi/lib/armv6-m/libnosys.a(read.o)
 .ARM.attributes
                0x00001164       0x2c /home/shruthi/courses/emb_rts_lab/team17/gcc-arm-none-eabi/bin/../lib/gcc/arm-none-eabi/5.4.1/../../../../arm-none-eabi/lib/armv6-m/libnosys.a(sbrk.o)

.comment        0x00000000       0x6e
 .comment       0x00000000       0x6e _build/system_nrf51.o
                                 0x6f (size before relaxing)
 .comment       0x0000006e       0x6f _build/nrf_delay.o
 .comment       0x0000006e       0x6f _build/in4073.o
 .comment       0x0000006e       0x6f _build/crc.o
 .comment       0x0000006e       0x6f _build/control.o
 .comment       0x0000006e       0x6f _build/process_drone.o
 .comment       0x0000006e       0x6f _build/process_packet.o
 .comment       0x0000006e       0x6f _build/gpio.o
 .comment       0x0000006e       0x6f _build/timers.o
 .comment       0x0000006e       0x6f _build/uart.o
 .comment       0x0000006e       0x6f _build/queue.o
 .comment       0x0000006e       0x6f _build/twi.o
 .comment       0x0000006e       0x6f _build/adc.o
 .comment       0x0000006e       0x6f _build/baro.o
 .comment       0x0000006e       0x6f _build/spi_flash.o
 .comment       0x0000006e       0x6f _build/inv_mpu.o
 .comment       0x0000006e       0x6f _build/inv_mpu_dmp_motion_driver.o
 .comment       0x0000006e       0x6f _build/ml.o
 .comment       0x0000006e       0x6f _build/mpu_wrapper.o
 .comment       0x0000006e       0x6f _build/app_error.o
 .comment       0x0000006e       0x6f _build/app_timer.o
 .comment       0x0000006e       0x6f _build/softdevice_handler.o

.debug_frame    0x00000000      0xf1c
 .debug_frame   0x00000000       0x28 /home/shruthi/courses/emb_rts_lab/team17/gcc-arm-none-eabi/bin/../lib/gcc/arm-none-eabi/5.4.1/../../../../arm-none-eabi/lib/armv6-m/libc_nano.a(lib_a-exit.o)
 .debug_frame   0x00000028       0x2c /home/shruthi/courses/emb_rts_lab/team17/gcc-arm-none-eabi/bin/../lib/gcc/arm-none-eabi/5.4.1/../../../../arm-none-eabi/lib/armv6-m/libc_nano.a(lib_a-init.o)
 .debug_frame   0x00000054       0x20 /home/shruthi/courses/emb_rts_lab/team17/gcc-arm-none-eabi/bin/../lib/gcc/arm-none-eabi/5.4.1/../../../../arm-none-eabi/lib/armv6-m/libc_nano.a(lib_a-memset.o)
 .debug_frame   0x00000074       0x20 /home/shruthi/courses/emb_rts_lab/team17/gcc-arm-none-eabi/bin/../lib/gcc/arm-none-eabi/5.4.1/../../../../arm-none-eabi/lib/armv6-m/libnosys.a(_exit.o)
 .debug_frame   0x00000094       0x20 /home/shruthi/courses/emb_rts_lab/team17/gcc-arm-none-eabi/bin/../lib/gcc/arm-none-eabi/5.4.1/../../../../arm-none-eabi/lib/armv6-m/libm.a(lib_a-s_fabs.o)
 .debug_frame   0x000000b4       0x38 /home/shruthi/courses/emb_rts_lab/team17/gcc-arm-none-eabi/bin/../lib/gcc/arm-none-eabi/5.4.1/../../../../arm-none-eabi/lib/armv6-m/libm.a(lib_a-w_asin.o)
 .debug_frame   0x000000ec       0x28 /home/shruthi/courses/emb_rts_lab/team17/gcc-arm-none-eabi/bin/../lib/gcc/arm-none-eabi/5.4.1/../../../../arm-none-eabi/lib/armv6-m/libm.a(lib_a-w_atan2.o)
 .debug_frame   0x00000114       0x38 /home/shruthi/courses/emb_rts_lab/team17/gcc-arm-none-eabi/bin/../lib/gcc/arm-none-eabi/5.4.1/../../../../arm-none-eabi/lib/armv6-m/libm.a(lib_a-w_sqrt.o)
 .debug_frame   0x0000014c       0x38 /home/shruthi/courses/emb_rts_lab/team17/gcc-arm-none-eabi/bin/../lib/gcc/arm-none-eabi/5.4.1/../../../../arm-none-eabi/lib/armv6-m/libm.a(lib_a-e_asin.o)
 .debug_frame   0x00000184       0x38 /home/shruthi/courses/emb_rts_lab/team17/gcc-arm-none-eabi/bin/../lib/gcc/arm-none-eabi/5.4.1/../../../../arm-none-eabi/lib/armv6-m/libm.a(lib_a-e_atan2.o)
 .debug_frame   0x000001bc       0x3c /home/shruthi/courses/emb_rts_lab/team17/gcc-arm-none-eabi/bin/../lib/gcc/arm-none-eabi/5.4.1/../../../../arm-none-eabi/lib/armv6-m/libm.a(lib_a-e_sqrt.o)
 .debug_frame   0x000001f8       0x3c /home/shruthi/courses/emb_rts_lab/team17/gcc-arm-none-eabi/bin/../lib/gcc/arm-none-eabi/5.4.1/../../../../arm-none-eabi/lib/armv6-m/libm.a(lib_a-s_atan.o)
 .debug_frame   0x00000234       0x20 /home/shruthi/courses/emb_rts_lab/team17/gcc-arm-none-eabi/bin/../lib/gcc/arm-none-eabi/5.4.1/../../../../arm-none-eabi/lib/armv6-m/libm.a(lib_a-s_matherr.o)
 .debug_frame   0x00000254       0x20 /home/shruthi/courses/emb_rts_lab/team17/gcc-arm-none-eabi/bin/../lib/gcc/arm-none-eabi/5.4.1/../../../../arm-none-eabi/lib/armv6-m/libm.a(lib_a-s_nan.o)
 .debug_frame   0x00000274       0x20 /home/shruthi/courses/emb_rts_lab/team17/gcc-arm-none-eabi/bin/../lib/gcc/arm-none-eabi/5.4.1/armv6-m/libgcc.a(_udivsi3.o)
 .debug_frame   0x00000294       0x20 /home/shruthi/courses/emb_rts_lab/team17/gcc-arm-none-eabi/bin/../lib/gcc/arm-none-eabi/5.4.1/armv6-m/libgcc.a(_divsi3.o)
 .debug_frame   0x000002b4       0x34 /home/shruthi/courses/emb_rts_lab/team17/gcc-arm-none-eabi/bin/../lib/gcc/arm-none-eabi/5.4.1/armv6-m/libgcc.a(_muldi3.o)
 .debug_frame   0x000002e8       0x28 /home/shruthi/courses/emb_rts_lab/team17/gcc-arm-none-eabi/bin/../lib/gcc/arm-none-eabi/5.4.1/armv6-m/libgcc.a(_fixunssfsi.o)
 .debug_frame   0x00000310       0x30 /home/shruthi/courses/emb_rts_lab/team17/gcc-arm-none-eabi/bin/../lib/gcc/arm-none-eabi/5.4.1/armv6-m/libgcc.a(addsf3.o)
 .debug_frame   0x00000340       0x3c /home/shruthi/courses/emb_rts_lab/team17/gcc-arm-none-eabi/bin/../lib/gcc/arm-none-eabi/5.4.1/armv6-m/libgcc.a(divsf3.o)
 .debug_frame   0x0000037c       0x2c /home/shruthi/courses/emb_rts_lab/team17/gcc-arm-none-eabi/bin/../lib/gcc/arm-none-eabi/5.4.1/armv6-m/libgcc.a(eqsf2.o)
 .debug_frame   0x000003a8       0x30 /home/shruthi/courses/emb_rts_lab/team17/gcc-arm-none-eabi/bin/../lib/gcc/arm-none-eabi/5.4.1/armv6-m/libgcc.a(gesf2.o)
 .debug_frame   0x000003d8       0x30 /home/shruthi/courses/emb_rts_lab/team17/gcc-arm-none-eabi/bin/../lib/gcc/arm-none-eabi/5.4.1/armv6-m/libgcc.a(lesf2.o)
 .debug_frame   0x00000408       0x38 /home/shruthi/courses/emb_rts_lab/team17/gcc-arm-none-eabi/bin/../lib/gcc/arm-none-eabi/5.4.1/armv6-m/libgcc.a(mulsf3.o)
 .debug_frame   0x00000440       0x30 /home/shruthi/courses/emb_rts_lab/team17/gcc-arm-none-eabi/bin/../lib/gcc/arm-none-eabi/5.4.1/armv6-m/libgcc.a(subsf3.o)
 .debug_frame   0x00000470       0x20 /home/shruthi/courses/emb_rts_lab/team17/gcc-arm-none-eabi/bin/../lib/gcc/arm-none-eabi/5.4.1/armv6-m/libgcc.a(fixsfsi.o)
 .debug_frame   0x00000490       0x2c /home/shruthi/courses/emb_rts_lab/team17/gcc-arm-none-eabi/bin/../lib/gcc/arm-none-eabi/5.4.1/armv6-m/libgcc.a(floatsisf.o)
 .debug_frame   0x000004bc       0x2c /home/shruthi/courses/emb_rts_lab/team17/gcc-arm-none-eabi/bin/../lib/gcc/arm-none-eabi/5.4.1/armv6-m/libgcc.a(floatunsisf.o)
 .debug_frame   0x000004e8       0x3c /home/shruthi/courses/emb_rts_lab/team17/gcc-arm-none-eabi/bin/../lib/gcc/arm-none-eabi/5.4.1/armv6-m/libgcc.a(adddf3.o)
 .debug_frame   0x00000524       0x3c /home/shruthi/courses/emb_rts_lab/team17/gcc-arm-none-eabi/bin/../lib/gcc/arm-none-eabi/5.4.1/armv6-m/libgcc.a(divdf3.o)
 .debug_frame   0x00000560       0x38 /home/shruthi/courses/emb_rts_lab/team17/gcc-arm-none-eabi/bin/../lib/gcc/arm-none-eabi/5.4.1/armv6-m/libgcc.a(eqdf2.o)
 .debug_frame   0x00000598       0x38 /home/shruthi/courses/emb_rts_lab/team17/gcc-arm-none-eabi/bin/../lib/gcc/arm-none-eabi/5.4.1/armv6-m/libgcc.a(gedf2.o)
 .debug_frame   0x000005d0       0x38 /home/shruthi/courses/emb_rts_lab/team17/gcc-arm-none-eabi/bin/../lib/gcc/arm-none-eabi/5.4.1/armv6-m/libgcc.a(ledf2.o)
 .debug_frame   0x00000608       0x3c /home/shruthi/courses/emb_rts_lab/team17/gcc-arm-none-eabi/bin/../lib/gcc/arm-none-eabi/5.4.1/armv6-m/libgcc.a(muldf3.o)
 .debug_frame   0x00000644       0x38 /home/shruthi/courses/emb_rts_lab/team17/gcc-arm-none-eabi/bin/../lib/gcc/arm-none-eabi/5.4.1/armv6-m/libgcc.a(subdf3.o)
 .debug_frame   0x0000067c       0x2c /home/shruthi/courses/emb_rts_lab/team17/gcc-arm-none-eabi/bin/../lib/gcc/arm-none-eabi/5.4.1/armv6-m/libgcc.a(unorddf2.o)
 .debug_frame   0x000006a8       0x2c /home/shruthi/courses/emb_rts_lab/team17/gcc-arm-none-eabi/bin/../lib/gcc/arm-none-eabi/5.4.1/armv6-m/libgcc.a(fixdfsi.o)
 .debug_frame   0x000006d4       0x2c /home/shruthi/courses/emb_rts_lab/team17/gcc-arm-none-eabi/bin/../lib/gcc/arm-none-eabi/5.4.1/armv6-m/libgcc.a(floatsidf.o)
 .debug_frame   0x00000700       0x2c /home/shruthi/courses/emb_rts_lab/team17/gcc-arm-none-eabi/bin/../lib/gcc/arm-none-eabi/5.4.1/armv6-m/libgcc.a(extendsfdf2.o)
 .debug_frame   0x0000072c       0x20 /home/shruthi/courses/emb_rts_lab/team17/gcc-arm-none-eabi/bin/../lib/gcc/arm-none-eabi/5.4.1/../../../../arm-none-eabi/lib/armv6-m/libc_nano.a(lib_a-errno.o)
 .debug_frame   0x0000074c       0x2c /home/shruthi/courses/emb_rts_lab/team17/gcc-arm-none-eabi/bin/../lib/gcc/arm-none-eabi/5.4.1/../../../../arm-none-eabi/lib/armv6-m/libc_nano.a(lib_a-memcmp.o)
 .debug_frame   0x00000778       0x28 /home/shruthi/courses/emb_rts_lab/team17/gcc-arm-none-eabi/bin/../lib/gcc/arm-none-eabi/5.4.1/../../../../arm-none-eabi/lib/armv6-m/libc_nano.a(lib_a-memcpy-stub.o)
 .debug_frame   0x000007a0       0x50 /home/shruthi/courses/emb_rts_lab/team17/gcc-arm-none-eabi/bin/../lib/gcc/arm-none-eabi/5.4.1/../../../../arm-none-eabi/lib/armv6-m/libc_nano.a(lib_a-printf.o)
 .debug_frame   0x000007f0      0x140 /home/shruthi/courses/emb_rts_lab/team17/gcc-arm-none-eabi/bin/../lib/gcc/arm-none-eabi/5.4.1/../../../../arm-none-eabi/lib/armv6-m/libc_nano.a(lib_a-findfp.o)
 .debug_frame   0x00000930       0x58 /home/shruthi/courses/emb_rts_lab/team17/gcc-arm-none-eabi/bin/../lib/gcc/arm-none-eabi/5.4.1/../../../../arm-none-eabi/lib/armv6-m/libc_nano.a(lib_a-fwalk.o)
 .debug_frame   0x00000988       0x2c /home/shruthi/courses/emb_rts_lab/team17/gcc-arm-none-eabi/bin/../lib/gcc/arm-none-eabi/5.4.1/../../../../arm-none-eabi/lib/armv6-m/libc_nano.a(lib_a-nano-mallocr.o)
 .debug_frame   0x000009b4       0x9c /home/shruthi/courses/emb_rts_lab/team17/gcc-arm-none-eabi/bin/../lib/gcc/arm-none-eabi/5.4.1/../../../../arm-none-eabi/lib/armv6-m/libc_nano.a(lib_a-nano-vfprintf.o)
 .debug_frame   0x00000a50       0x54 /home/shruthi/courses/emb_rts_lab/team17/gcc-arm-none-eabi/bin/../lib/gcc/arm-none-eabi/5.4.1/../../../../arm-none-eabi/lib/armv6-m/libc_nano.a(lib_a-nano-vfprintf_i.o)
 .debug_frame   0x00000aa4       0x2c /home/shruthi/courses/emb_rts_lab/team17/gcc-arm-none-eabi/bin/../lib/gcc/arm-none-eabi/5.4.1/../../../../arm-none-eabi/lib/armv6-m/libc_nano.a(lib_a-sbrkr.o)
 .debug_frame   0x00000ad0       0x90 /home/shruthi/courses/emb_rts_lab/team17/gcc-arm-none-eabi/bin/../lib/gcc/arm-none-eabi/5.4.1/../../../../arm-none-eabi/lib/armv6-m/libc_nano.a(lib_a-stdio.o)
 .debug_frame   0x00000b60       0x48 /home/shruthi/courses/emb_rts_lab/team17/gcc-arm-none-eabi/bin/../lib/gcc/arm-none-eabi/5.4.1/../../../../arm-none-eabi/lib/armv6-m/libc_nano.a(lib_a-wbuf.o)
 .debug_frame   0x00000ba8       0x2c /home/shruthi/courses/emb_rts_lab/team17/gcc-arm-none-eabi/bin/../lib/gcc/arm-none-eabi/5.4.1/../../../../arm-none-eabi/lib/armv6-m/libc_nano.a(lib_a-writer.o)
 .debug_frame   0x00000bd4       0x2c /home/shruthi/courses/emb_rts_lab/team17/gcc-arm-none-eabi/bin/../lib/gcc/arm-none-eabi/5.4.1/../../../../arm-none-eabi/lib/armv6-m/libc_nano.a(lib_a-wsetup.o)
 .debug_frame   0x00000c00       0x2c /home/shruthi/courses/emb_rts_lab/team17/gcc-arm-none-eabi/bin/../lib/gcc/arm-none-eabi/5.4.1/../../../../arm-none-eabi/lib/armv6-m/libc_nano.a(lib_a-closer.o)
 .debug_frame   0x00000c2c       0x68 /home/shruthi/courses/emb_rts_lab/team17/gcc-arm-none-eabi/bin/../lib/gcc/arm-none-eabi/5.4.1/../../../../arm-none-eabi/lib/armv6-m/libc_nano.a(lib_a-fflush.o)
 .debug_frame   0x00000c94       0x2c /home/shruthi/courses/emb_rts_lab/team17/gcc-arm-none-eabi/bin/../lib/gcc/arm-none-eabi/5.4.1/../../../../arm-none-eabi/lib/armv6-m/libc_nano.a(lib_a-lseekr.o)
 .debug_frame   0x00000cc0       0x54 /home/shruthi/courses/emb_rts_lab/team17/gcc-arm-none-eabi/bin/../lib/gcc/arm-none-eabi/5.4.1/../../../../arm-none-eabi/lib/armv6-m/libc_nano.a(lib_a-makebuf.o)
 .debug_frame   0x00000d14       0x20 /home/shruthi/courses/emb_rts_lab/team17/gcc-arm-none-eabi/bin/../lib/gcc/arm-none-eabi/5.4.1/../../../../arm-none-eabi/lib/armv6-m/libc_nano.a(lib_a-memchr-stub.o)
 .debug_frame   0x00000d34       0x30 /home/shruthi/courses/emb_rts_lab/team17/gcc-arm-none-eabi/bin/../lib/gcc/arm-none-eabi/5.4.1/../../../../arm-none-eabi/lib/armv6-m/libc_nano.a(lib_a-mlock.o)
 .debug_frame   0x00000d64       0x2c /home/shruthi/courses/emb_rts_lab/team17/gcc-arm-none-eabi/bin/../lib/gcc/arm-none-eabi/5.4.1/../../../../arm-none-eabi/lib/armv6-m/libc_nano.a(lib_a-nano-freer.o)
 .debug_frame   0x00000d90       0x2c /home/shruthi/courses/emb_rts_lab/team17/gcc-arm-none-eabi/bin/../lib/gcc/arm-none-eabi/5.4.1/../../../../arm-none-eabi/lib/armv6-m/libc_nano.a(lib_a-readr.o)
 .debug_frame   0x00000dbc       0x48 /home/shruthi/courses/emb_rts_lab/team17/gcc-arm-none-eabi/bin/../lib/gcc/arm-none-eabi/5.4.1/../../../../arm-none-eabi/lib/armv6-m/libc_nano.a(lib_a-reent.o)
 .debug_frame   0x00000e04       0x2c /home/shruthi/courses/emb_rts_lab/team17/gcc-arm-none-eabi/bin/../lib/gcc/arm-none-eabi/5.4.1/../../../../arm-none-eabi/lib/armv6-m/libc_nano.a(lib_a-fstatr.o)
 .debug_frame   0x00000e30       0x2c /home/shruthi/courses/emb_rts_lab/team17/gcc-arm-none-eabi/bin/../lib/gcc/arm-none-eabi/5.4.1/../../../../arm-none-eabi/lib/armv6-m/libc_nano.a(lib_a-isattyr.o)
 .debug_frame   0x00000e5c       0x20 /home/shruthi/courses/emb_rts_lab/team17/gcc-arm-none-eabi/bin/../lib/gcc/arm-none-eabi/5.4.1/../../../../arm-none-eabi/lib/armv6-m/libnosys.a(close.o)
 .debug_frame   0x00000e7c       0x20 /home/shruthi/courses/emb_rts_lab/team17/gcc-arm-none-eabi/bin/../lib/gcc/arm-none-eabi/5.4.1/../../../../arm-none-eabi/lib/armv6-m/libnosys.a(fstat.o)
 .debug_frame   0x00000e9c       0x20 /home/shruthi/courses/emb_rts_lab/team17/gcc-arm-none-eabi/bin/../lib/gcc/arm-none-eabi/5.4.1/../../../../arm-none-eabi/lib/armv6-m/libnosys.a(isatty.o)
 .debug_frame   0x00000ebc       0x20 /home/shruthi/courses/emb_rts_lab/team17/gcc-arm-none-eabi/bin/../lib/gcc/arm-none-eabi/5.4.1/../../../../arm-none-eabi/lib/armv6-m/libnosys.a(lseek.o)
 .debug_frame   0x00000edc       0x20 /home/shruthi/courses/emb_rts_lab/team17/gcc-arm-none-eabi/bin/../lib/gcc/arm-none-eabi/5.4.1/../../../../arm-none-eabi/lib/armv6-m/libnosys.a(read.o)
 .debug_frame   0x00000efc       0x20 /home/shruthi/courses/emb_rts_lab/team17/gcc-arm-none-eabi/bin/../lib/gcc/arm-none-eabi/5.4.1/../../../../arm-none-eabi/lib/armv6-m/libnosys.a(sbrk.o)

.stab           0x00000000       0x84
 .stab          0x00000000       0x24 /home/shruthi/courses/emb_rts_lab/team17/gcc-arm-none-eabi/bin/../lib/gcc/arm-none-eabi/5.4.1/../../../../arm-none-eabi/lib/armv6-m/libnosys.a(close.o)
 .stab          0x00000024       0x18 /home/shruthi/courses/emb_rts_lab/team17/gcc-arm-none-eabi/bin/../lib/gcc/arm-none-eabi/5.4.1/../../../../arm-none-eabi/lib/armv6-m/libnosys.a(fstat.o)
                                 0x24 (size before relaxing)
 .stab          0x0000003c       0x18 /home/shruthi/courses/emb_rts_lab/team17/gcc-arm-none-eabi/bin/../lib/gcc/arm-none-eabi/5.4.1/../../../../arm-none-eabi/lib/armv6-m/libnosys.a(isatty.o)
                                 0x24 (size before relaxing)
 .stab          0x00000054       0x18 /home/shruthi/courses/emb_rts_lab/team17/gcc-arm-none-eabi/bin/../lib/gcc/arm-none-eabi/5.4.1/../../../../arm-none-eabi/lib/armv6-m/libnosys.a(lseek.o)
                                 0x24 (size before relaxing)
 .stab          0x0000006c       0x18 /home/shruthi/courses/emb_rts_lab/team17/gcc-arm-none-eabi/bin/../lib/gcc/arm-none-eabi/5.4.1/../../../../arm-none-eabi/lib/armv6-m/libnosys.a(read.o)
                                 0x24 (size before relaxing)

.stabstr        0x00000000      0x117
 .stabstr       0x00000000      0x117 /home/shruthi/courses/emb_rts_lab/team17/gcc-arm-none-eabi/bin/../lib/gcc/arm-none-eabi/5.4.1/../../../../arm-none-eabi/lib/armv6-m/libnosys.a(close.o)
