Archive member included to satisfy reference by file (symbol)

/home/kars/team17/gcc-arm-none-eabi/bin/../lib/gcc/arm-none-eabi/5.4.1/../../../../arm-none-eabi/lib/armv6-m/libc_nano.a(lib_a-exit.o)
                              /home/kars/team17/gcc-arm-none-eabi/bin/../lib/gcc/arm-none-eabi/5.4.1/../../../../arm-none-eabi/lib/armv6-m/crt0.o (exit)
/home/kars/team17/gcc-arm-none-eabi/bin/../lib/gcc/arm-none-eabi/5.4.1/../../../../arm-none-eabi/lib/armv6-m/libc_nano.a(lib_a-impure.o)
                              /home/kars/team17/gcc-arm-none-eabi/bin/../lib/gcc/arm-none-eabi/5.4.1/../../../../arm-none-eabi/lib/armv6-m/libc_nano.a(lib_a-exit.o) (_global_impure_ptr)
/home/kars/team17/gcc-arm-none-eabi/bin/../lib/gcc/arm-none-eabi/5.4.1/../../../../arm-none-eabi/lib/armv6-m/libc_nano.a(lib_a-init.o)
                              /home/kars/team17/gcc-arm-none-eabi/bin/../lib/gcc/arm-none-eabi/5.4.1/../../../../arm-none-eabi/lib/armv6-m/crt0.o (__libc_init_array)
/home/kars/team17/gcc-arm-none-eabi/bin/../lib/gcc/arm-none-eabi/5.4.1/../../../../arm-none-eabi/lib/armv6-m/libc_nano.a(lib_a-memset.o)
                              /home/kars/team17/gcc-arm-none-eabi/bin/../lib/gcc/arm-none-eabi/5.4.1/../../../../arm-none-eabi/lib/armv6-m/crt0.o (memset)
/home/kars/team17/gcc-arm-none-eabi/bin/../lib/gcc/arm-none-eabi/5.4.1/../../../../arm-none-eabi/lib/armv6-m/libnosys.a(_exit.o)
                              /home/kars/team17/gcc-arm-none-eabi/bin/../lib/gcc/arm-none-eabi/5.4.1/../../../../arm-none-eabi/lib/armv6-m/libc_nano.a(lib_a-exit.o) (_exit)
/home/kars/team17/gcc-arm-none-eabi/bin/../lib/gcc/arm-none-eabi/5.4.1/../../../../arm-none-eabi/lib/armv6-m/libm.a(lib_a-s_fabs.o)
                              _build/inv_mpu.o (fabs)
/home/kars/team17/gcc-arm-none-eabi/bin/../lib/gcc/arm-none-eabi/5.4.1/../../../../arm-none-eabi/lib/armv6-m/libm.a(lib_a-w_asin.o)
                              _build/mpu_wrapper.o (asin)
/home/kars/team17/gcc-arm-none-eabi/bin/../lib/gcc/arm-none-eabi/5.4.1/../../../../arm-none-eabi/lib/armv6-m/libm.a(lib_a-w_atan2.o)
                              _build/mpu_wrapper.o (atan2)
/home/kars/team17/gcc-arm-none-eabi/bin/../lib/gcc/arm-none-eabi/5.4.1/../../../../arm-none-eabi/lib/armv6-m/libm.a(lib_a-w_sqrt.o)
                              _build/process_drone.o (sqrt)
/home/kars/team17/gcc-arm-none-eabi/bin/../lib/gcc/arm-none-eabi/5.4.1/../../../../arm-none-eabi/lib/armv6-m/libm.a(lib_a-e_asin.o)
                              /home/kars/team17/gcc-arm-none-eabi/bin/../lib/gcc/arm-none-eabi/5.4.1/../../../../arm-none-eabi/lib/armv6-m/libm.a(lib_a-w_asin.o) (__ieee754_asin)
/home/kars/team17/gcc-arm-none-eabi/bin/../lib/gcc/arm-none-eabi/5.4.1/../../../../arm-none-eabi/lib/armv6-m/libm.a(lib_a-e_atan2.o)
                              /home/kars/team17/gcc-arm-none-eabi/bin/../lib/gcc/arm-none-eabi/5.4.1/../../../../arm-none-eabi/lib/armv6-m/libm.a(lib_a-w_atan2.o) (__ieee754_atan2)
/home/kars/team17/gcc-arm-none-eabi/bin/../lib/gcc/arm-none-eabi/5.4.1/../../../../arm-none-eabi/lib/armv6-m/libm.a(lib_a-e_sqrt.o)
                              /home/kars/team17/gcc-arm-none-eabi/bin/../lib/gcc/arm-none-eabi/5.4.1/../../../../arm-none-eabi/lib/armv6-m/libm.a(lib_a-w_sqrt.o) (__ieee754_sqrt)
/home/kars/team17/gcc-arm-none-eabi/bin/../lib/gcc/arm-none-eabi/5.4.1/../../../../arm-none-eabi/lib/armv6-m/libm.a(lib_a-s_atan.o)
                              /home/kars/team17/gcc-arm-none-eabi/bin/../lib/gcc/arm-none-eabi/5.4.1/../../../../arm-none-eabi/lib/armv6-m/libm.a(lib_a-e_atan2.o) (atan)
/home/kars/team17/gcc-arm-none-eabi/bin/../lib/gcc/arm-none-eabi/5.4.1/../../../../arm-none-eabi/lib/armv6-m/libm.a(lib_a-s_lib_ver.o)
                              /home/kars/team17/gcc-arm-none-eabi/bin/../lib/gcc/arm-none-eabi/5.4.1/../../../../arm-none-eabi/lib/armv6-m/libm.a(lib_a-w_asin.o) (__fdlib_version)
/home/kars/team17/gcc-arm-none-eabi/bin/../lib/gcc/arm-none-eabi/5.4.1/../../../../arm-none-eabi/lib/armv6-m/libm.a(lib_a-s_matherr.o)
                              /home/kars/team17/gcc-arm-none-eabi/bin/../lib/gcc/arm-none-eabi/5.4.1/../../../../arm-none-eabi/lib/armv6-m/libm.a(lib_a-w_asin.o) (matherr)
/home/kars/team17/gcc-arm-none-eabi/bin/../lib/gcc/arm-none-eabi/5.4.1/../../../../arm-none-eabi/lib/armv6-m/libm.a(lib_a-s_nan.o)
                              /home/kars/team17/gcc-arm-none-eabi/bin/../lib/gcc/arm-none-eabi/5.4.1/../../../../arm-none-eabi/lib/armv6-m/libm.a(lib_a-w_asin.o) (nan)
/home/kars/team17/gcc-arm-none-eabi/bin/../lib/gcc/arm-none-eabi/5.4.1/armv6-m/libgcc.a(_udivsi3.o)
                              _build/inv_mpu.o (__aeabi_uidiv)
/home/kars/team17/gcc-arm-none-eabi/bin/../lib/gcc/arm-none-eabi/5.4.1/armv6-m/libgcc.a(_divsi3.o)
                              _build/mode_yawcontrol.o (__aeabi_idiv)
/home/kars/team17/gcc-arm-none-eabi/bin/../lib/gcc/arm-none-eabi/5.4.1/armv6-m/libgcc.a(_dvmd_tls.o)
[...]
Memory Configuration

Name             Origin             Length             Attributes
FLASH            0x00018000         0x00028000         xr
RAM              0x20002000         0x00002000         xrw
*default*        0x00000000         0xffffffff

Linker script and memory map

LOAD /home/kars/team17/gcc-arm-none-eabi/bin/../lib/gcc/arm-none-eabi/5.4.1/armv6-m/crti.o
LOAD /home/kars/team17/gcc-arm-none-eabi/bin/../lib/gcc/arm-none-eabi/5.4.1/armv6-m/crtbegin.o
LOAD /home/kars/team17/gcc-arm-none-eabi/bin/../lib/gcc/arm-none-eabi/5.4.1/../../../../arm-none-eabi/lib/armv6-m/crt0.o
LOAD /home/kars/team17/gcc-arm-none-eabi/bin/../lib/gcc/arm-none-eabi/5.4.1/../../../../arm-none-eabi/lib/armv6-m/libc_nano.a
LOAD /home/kars/team17/gcc-arm-none-eabi/bin/../lib/gcc/arm-none-eabi/5.4.1/../../../../arm-none-eabi/lib/armv6-m/libnosys.a
LOAD /home/kars/team17/gcc-arm-none-eabi/bin/../lib/gcc/arm-none-eabi/5.4.1/../../../../arm-none-eabi/lib/armv6-m/libm.a
LOAD _build/system_nrf51.o
LOAD _build/nrf_delay.o
LOAD _build/in4073.o
LOAD _build/crc.o
LOAD _build/control.o
LOAD _build/fixed.o
LOAD _build/filters.o
LOAD _build/process_drone.o
LOAD _build/log.o
LOAD _build/mode_safe.o
LOAD _build/mode_panic.o
LOAD _build/mode_manual.o
LOAD _build/mode_yawcontrol.o
LOAD _build/mode_fullcontrol.o
LOAD _build/mode_calibration.o
LOAD _build/process_packet.o
LOAD _build/gpio.o
LOAD _build/timers.o
LOAD _build/uart.o
LOAD _build/queue.o
LOAD _build/twi.o
LOAD _build/adc.o
LOAD _build/baro.o
LOAD _build/ble.o
LOAD _build/spi_flash.o
LOAD _build/inv_mpu.o
LOAD _build/inv_mpu_dmp_motion_driver.o
LOAD _build/ml.o
LOAD _build/mpu_wrapper.o
LOAD _build/app_error.o
LOAD _build/app_timer.o
LOAD _build/nrf_assert.o
LOAD _build/nrf_drv_common.o
LOAD _build/pstorage.o
LOAD _build/ble_advdata.o
LOAD _build/ble_advertising.o
LOAD _build/ble_conn_params.o
LOAD _build/ble_nus.o
LOAD _build/ble_srv_common.o
LOAD _build/softdevice_handler.o
LOAD _build/gcc_startup_nrf51.o
LOAD /home/kars/team17/gcc-arm-none-eabi/bin/../lib/gcc/arm-none-eabi/5.4.1/../../../../arm-none-eabi/lib/armv6-m/libm.a
START GROUP
LOAD /home/kars/team17/gcc-arm-none-eabi/bin/../lib/gcc/arm-none-eabi/5.4.1/armv6-m/libgcc.a
LOAD /home/kars/team17/gcc-arm-none-eabi/bin/../lib/gcc/arm-none-eabi/5.4.1/../../../../arm-none-eabi/lib/armv6-m/libc_nano.a
END GROUP
START GROUP
LOAD /home/kars/team17/gcc-arm-none-eabi/bin/../lib/gcc/arm-none-eabi/5.4.1/armv6-m/libgcc.a
LOAD /home/kars/team17/gcc-arm-none-eabi/bin/../lib/gcc/arm-none-eabi/5.4.1/../../../../arm-none-eabi/lib/armv6-m/libc_nano.a
END GROUP
LOAD /home/kars/team17/gcc-arm-none-eabi/bin/../lib/gcc/arm-none-eabi/5.4.1/armv6-m/crtend.o
LOAD /home/kars/team17/gcc-arm-none-eabi/bin/../lib/gcc/arm-none-eabi/5.4.1/armv6-m/crtn.o
START GROUP
LOAD /home/kars/team17/gcc-arm-none-eabi/bin/../lib/gcc/arm-none-eabi/5.4.1/armv6-m/libgcc.a
LOAD /home/kars/team17/gcc-arm-none-eabi/bin/../lib/gcc/arm-none-eabi/5.4.1/../../../../arm-none-eabi/lib/armv6-m/libc.a
LOAD /home/kars/team17/gcc-arm-none-eabi/bin/../lib/gcc/arm-none-eabi/5.4.1/../../../../arm-none-eabi/lib/armv6-m/libnosys.a
END GROUP

.fs_data_out    0x00000000        0x0
                [!provide]                PROVIDE (__start_fs_data, .)
 *(fs_data)
                [!provide]                PROVIDE (__stop_fs_data, .)

.text           0x00018000     0xab8c
 *(.Vectors)
 .Vectors       0x00018000       0xc0 _build/gcc_startup_nrf51.o
                0x00018000                __Vectors
 *(.text*)
 .text          0x000180c0       0x60 /home/kars/team17/gcc-arm-none-eabi/bin/../lib/gcc/arm-none-eabi/5.4.1/armv6-m/crtbegin.o
 .text          0x00018120       0x78 /home/kars/team17/gcc-arm-none-eabi/bin/../lib/gcc/arm-none-eabi/5.4.1/../../../../arm-none-eabi/lib/armv6-m/crt0.o
                0x00018120                _mainCRTStartup
                0x00018120                _start
 .text.exit     0x00018198       0x2c /home/kars/team17/gcc-arm-none-eabi/bin/../lib/gcc/arm-none-eabi/5.4.1/../../../../arm-none-eabi/lib/armv6-m/libc_nano.a(lib_a-exit.o)
                0x00018198                exit
 .text.__libc_init_array
                0x000181c4       0x4c /home/kars/team17/gcc-arm-none-eabi/bin/../lib/gcc/arm-none-eabi/5.4.1/../../../../arm-none-eabi/lib/armv6-m/libc_nano.a(lib_a-init.o)
                0x000181c4                __libc_init_array
 .text.memset   0x00018210       0x10 /home/kars/team17/gcc-arm-none-eabi/bin/../lib/gcc/arm-none-eabi/5.4.1/../../../../arm-none-eabi/lib/armv6-m/libc_nano.a(lib_a-memset.o)
                0x00018210                memset
 .text._exit    0x00018220        0x4 /home/kars/team17/gcc-arm-none-eabi/bin/../lib/gcc/arm-none-eabi/5.4.1/../../../../arm-none-eabi/lib/armv6-m/libnosys.a(_exit.o)
                0x00018220                _exit
 .text.SystemInit
                0x00018224       0x94 _build/system_nrf51.o
                0x00018224                SystemInit
 .text.nrf_delay_ms
                0x000182b8       0x3c _build/nrf_delay.o
                0x000182b8                nrf_delay_ms
 .text.startup.main
                0x000182f4       0x54 _build/in4073.o
                0x000182f4                main
 .text.compute_crc
                0x00018348      0x220 _build/crc.o
                0x00018348                compute_crc
 .text.check_crc
                0x00018568      0x234 _build/crc.o
                0x00018568                check_crc
 .text.run_filters_and_control
                0x0001879c       0x4c _build/control.o
                0x0001879c                run_filters_and_control
 .text.q_mul    0x000187e8       0x14 _build/fixed.o
                0x000187e8                q_mul
 .text.normal2q
                0x000187fc        0x4 _build/fixed.o
                0x000187fc                normal2q
 .text.q2normal
                0x00018800       0x10 _build/fixed.o
                0x00018800                q2normal
 .text.butterworth
                0x00018810      0x104 _build/filters.o
                0x00018810                butterworth
 .text.read_sensor
                0x00018914      0x100 _build/process_drone.o
                0x00018914                read_sensor
 .text.read_battery_level
                0x00018a14       0x48 _build/process_drone.o
                0x00018a14                read_battery_level
 .text.send_telemetry_data
                0x00018a5c       0x98 _build/process_drone.o
                0x00018a5c                send_telemetry_data
 .text.check_log_tele_flags
                0x00018af4       0x60 _build/process_drone.o
                0x00018af4                check_log_tele_flags
 .text.calculate_rotor_speeds
                0x00018b54      0x190 _build/process_drone.o
                0x00018b54                calculate_rotor_speeds
 .text.process_drone
                0x00018ce4       0xc8 _build/process_drone.o
                0x00018ce4                process_drone
 .text.update_log
                0x00018dac       0x70 _build/log.o
                0x00018dac                update_log
 .text.log_upload
                0x00018e1c      0x170 _build/log.o
                0x00018e1c                log_upload
 .text.uart_put_16bit
                0x00018f8c       0x14 _build/log.o
                0x00018f8c                uart_put_16bit
 .text.uart_put_32bit
                0x00018fa0       0x24 _build/log.o
                0x00018fa0                uart_put_32bit
 .text.safe_mode
                0x00018fc4       0xd0 _build/mode_safe.o
                0x00018fc4                safe_mode
 .text.panic_mode
                0x00019094       0xf4 _build/mode_panic.o
                0x00019094                panic_mode
 .text.manual_mode
                0x00019188       0xcc _build/mode_manual.o
                0x00019188                manual_mode
 .text.yaw_control_mode
                0x00019254       0xd4 _build/mode_yawcontrol.o
                0x00019254                yaw_control_mode
 .text.full_control_mode
                0x00019328      0x15c _build/mode_fullcontrol.o
                0x00019328                full_control_mode
 .text.calibration_mode
                0x00019484      0x270 _build/mode_calibration.o
                0x00019484                calibration_mode
 .text.send_packet_to_pc
                0x000196f4       0x34 _build/process_packet.o
                0x000196f4                send_packet_to_pc
 .text.send_packet_ack
                0x00019728       0x1c _build/process_packet.o
                0x00019728                send_packet_ack
 .text.set_mode_type
                0x00019744       0xb0 _build/process_packet.o
                0x00019744                set_mode_type
 .text.process_packet
                0x000197f4      0x2a4 _build/process_packet.o
                0x000197f4                process_packet
 .text.gpio_init
                0x00019a98       0x9c _build/gpio.o
                0x00019a98                gpio_init
 .text.GPIOTE_IRQHandler
                0x00019b34       0x20 _build/gpio.o
                0x00019b34                GPIOTE_IRQHandler
 .text.check_sensor_int_flag
                0x00019b54        0xc _build/gpio.o
                0x00019b54                check_sensor_int_flag
 .text.clear_sensor_int_flag
                0x00019b60        0xc _build/gpio.o
                0x00019b60                clear_sensor_int_flag
 .text.timers_init
                0x00019b6c       0xd0 _build/timers.o
                0x00019b6c                timers_init
 .text.TIMER2_IRQHandler
                0x00019c3c      0x174 _build/timers.o
                0x00019c3c                TIMER2_IRQHandler
 .text.TIMER1_IRQHandler
                0x00019db0       0x7c _build/timers.o
                0x00019db0                TIMER1_IRQHandler
 .text.get_time_us
                0x00019e2c       0x20 _build/timers.o
                0x00019e2c                get_time_us
 .text.check_timer_flag
                0x00019e4c        0xc _build/timers.o
                0x00019e4c                check_timer_flag
 .text.clear_timer_flag
                0x00019e58        0xc _build/timers.o
                0x00019e58                clear_timer_flag
 .text.uart_put
                0x00019e64       0x44 _build/uart.o
                0x00019e64                uart_put
 .text._write   0x00019ea8       0x84 _build/uart.o
                0x00019ea8                _write
 .text.UART0_IRQHandler
                0x00019f2c      0x174 _build/uart.o
                0x00019f2c                UART0_IRQHandler
 .text.uart_init
                0x0001a0a0       0xa0 _build/uart.o
                0x0001a0a0                uart_init
 .text.init_queue
                0x0001a140       0x14 _build/queue.o
                0x0001a140                init_queue
 .text.enqueue  0x0001a154       0x1c _build/queue.o
                0x0001a154                enqueue
 .text.dequeue  0x0001a170       0x1c _build/queue.o
                0x0001a170                dequeue
 .text.i2c_read
                0x0001a18c       0xc0 _build/twi.o
                0x0001a18c                i2c_read
 .text.i2c_write
                0x0001a24c       0x70 _build/twi.o
                0x0001a24c                i2c_write
 .text.SPI0_TWI0_IRQHandler
                0x0001a2bc       0x6c _build/twi.o
                0x0001a2bc                SPI0_TWI0_IRQHandler
 .text.twi_init
                0x0001a328       0x84 _build/twi.o
                0x0001a328                twi_init
 .text.adc_request_sample
                0x0001a3ac       0x18 _build/adc.o
                0x0001a3ac                adc_request_sample
 .text.ADC_IRQHandler
                0x0001a3c4       0x24 _build/adc.o
                0x0001a3c4                ADC_IRQHandler
 .text.adc_init
                0x0001a3e8       0x3c _build/adc.o
                0x0001a3e8                adc_init
 .text.read_baro
                0x0001a424      0x194 _build/baro.o
                0x0001a424                read_baro
 .text.baro_init
                0x0001a5b8       0x34 _build/baro.o
                0x0001a5b8                baro_init
 .text.flash_chip_erase
                0x0001a5ec       0x9c _build/spi_flash.o
                0x0001a5ec                flash_chip_erase
 .text.flash_write_bytes
                0x0001a688      0x248 _build/spi_flash.o
                0x0001a688                flash_write_bytes
 .text.flash_read_bytes
                0x0001a8d0       0xf0 _build/spi_flash.o
                0x0001a8d0                flash_read_bytes
 .text.spi_flash_init
                0x0001a9c0      0x274 _build/spi_flash.o
                0x0001a9c0                spi_flash_init
 .text.mpu_reset_fifo
                0x0001ac34      0x15c _build/inv_mpu.o
                0x0001ac34                mpu_reset_fifo
 .text.mpu_lp_accel_mode
                0x0001ad90      0x1b8 _build/inv_mpu.o
                0x0001ad90                mpu_lp_accel_mode
 .text.mpu_get_accel_fsr
                0x0001af48       0x4c _build/inv_mpu.o
                0x0001af48                mpu_get_accel_fsr
 .text.mpu_set_lpf
                0x0001af94       0x78 _build/inv_mpu.o
                0x0001af94                mpu_set_lpf
 .text.mpu_set_sample_rate
                0x0001b00c      0x168 _build/inv_mpu.o
                0x0001b00c                mpu_set_sample_rate
 .text.mpu_configure_fifo
                0x0001b174       0xd0 _build/inv_mpu.o
                0x0001b174                mpu_configure_fifo
 .text.mpu_set_sensors
                0x0001b244      0x140 _build/inv_mpu.o
                0x0001b244                mpu_set_sensors
 .text.mpu_init
                0x0001b384      0x1f4 _build/inv_mpu.o
                0x0001b384                mpu_init
 .text.mpu_read_fifo
                0x0001b578      0x26c _build/inv_mpu.o
                0x0001b578                mpu_read_fifo
 .text.mpu_read_fifo_stream
                0x0001b7e4       0xb0 _build/inv_mpu.o
                0x0001b7e4                mpu_read_fifo_stream
 .text.mpu_write_mem
                0x0001b894       0x58 _build/inv_mpu.o
                0x0001b894                mpu_write_mem
 .text.mpu_load_firmware
                0x0001b8ec      0x15c _build/inv_mpu.o
                0x0001b8ec                mpu_load_firmware
 .text.mpu_set_dmp_state
                0x0001ba48      0x174 _build/inv_mpu.o
                0x0001ba48                mpu_set_dmp_state
 .text.dmp_load_motion_driver_firmware
                0x0001bbbc       0x1c _build/inv_mpu_dmp_motion_driver.o
                0x0001bbbc                dmp_load_motion_driver_firmware
 .text.dmp_set_orientation
                0x0001bbd8      0x118 _build/inv_mpu_dmp_motion_driver.o
                0x0001bbd8                dmp_set_orientation
 .text.dmp_set_fifo_rate
                0x0001bcf0       0x64 _build/inv_mpu_dmp_motion_driver.o
                0x0001bcf0                dmp_set_fifo_rate
 .text.dmp_set_tap_thresh
                0x0001bd54      0x164 _build/inv_mpu_dmp_motion_driver.o
                0x0001bd54                dmp_set_tap_thresh
 .text.dmp_enable_feature
                0x0001beb8      0x28c _build/inv_mpu_dmp_motion_driver.o
                0x0001beb8                dmp_enable_feature
 .text.dmp_read_fifo
                0x0001c144      0x20c _build/inv_mpu_dmp_motion_driver.o
                0x0001c144                dmp_read_fifo
 .text.inv_orientation_matrix_to_scalar
                0x0001c350      0x11c _build/ml.o
                0x0001c350                inv_orientation_matrix_to_scalar
 .text.get_dmp_data
                0x0001c46c      0x204 _build/mpu_wrapper.o
                0x0001c46c                get_dmp_data
 .text.get_raw_sensor_data
                0x0001c670       0x78 _build/mpu_wrapper.o
                0x0001c670                get_raw_sensor_data
 .text.imu_init
                0x0001c6e8      0x110 _build/mpu_wrapper.o
                0x0001c6e8                imu_init
 .text.app_error_handler
                0x0001c7f8       0x40 _build/app_error.o
                0x0001c7f8                app_error_handler
 .text.rtc1_stop
                0x0001c838       0x78 _build/app_timer.o
 .text.RTC1_IRQHandler
                0x0001c8b0       0xe0 _build/app_timer.o
                0x0001c8b0                RTC1_IRQHandler
 .text.SWI0_IRQHandler
                0x0001c990      0x4cc _build/app_timer.o
                0x0001c990                SWI0_IRQHandler
 .text.sd_evt_get
                0x0001ce5c        0x4 _build/softdevice_handler.o
 .text.sd_ble_evt_get
                0x0001ce60        0x4 _build/softdevice_handler.o
 .text.intern_softdevice_events_execute.part.0
                0x0001ce64       0xec _build/softdevice_handler.o
 .text.SWI2_IRQHandler
                0x0001cf50       0x34 _build/softdevice_handler.o
                0x0001cf50                SWI2_IRQHandler
 .text          0x0001cf84       0x54 _build/gcc_startup_nrf51.o
                0x0001cf84                Reset_Handler
                0x0001cfcc                NMI_Handler
                0x0001cfce                HardFault_Handler
                0x0001cfd0                SVC_Handler
                0x0001cfd2                PendSV_Handler
                0x0001cfd4                SysTick_Handler
                0x0001cfd6                RTC0_IRQHandler
                0x0001cfd6                POWER_CLOCK_IRQHandler
                0x0001cfd6                RADIO_IRQHandler
                0x0001cfd6                LPCOMP_IRQHandler
                0x0001cfd6                SWI4_IRQHandler
                0x0001cfd6                TEMP_IRQHandler
                0x0001cfd6                QDEC_IRQHandler
                0x0001cfd6                SWI5_IRQHandler
                0x0001cfd6                TIMER0_IRQHandler
                0x0001cfd6                ECB_IRQHandler
                0x0001cfd6                Default_Handler
                0x0001cfd6                SWI3_IRQHandler
                0x0001cfd6                CCM_AAR_IRQHandler
                0x0001cfd6                WDT_IRQHandler
                0x0001cfd6                RNG_IRQHandler
                0x0001cfd6                SPI1_TWI1_IRQHandler
                0x0001cfd6                SWI1_IRQHandler
 .text.fabs     0x0001cfd8        0x8 /home/kars/team17/gcc-arm-none-eabi/bin/../lib/gcc/arm-none-eabi/5.4.1/../../../../arm-none-eabi/lib/armv6-m/libm.a(lib_a-s_fabs.o)
                0x0001cfd8                fabs
 .text.asin     0x0001cfe0       0xc4 /home/kars/team17/gcc-arm-none-eabi/bin/../lib/gcc/arm-none-eabi/5.4.1/../../../../arm-none-eabi/lib/armv6-m/libm.a(lib_a-w_asin.o)
                0x0001cfe0                asin
 .text.atan2    0x0001d0a4        0x8 /home/kars/team17/gcc-arm-none-eabi/bin/../lib/gcc/arm-none-eabi/5.4.1/../../../../arm-none-eabi/lib/armv6-m/libm.a(lib_a-w_atan2.o)
                0x0001d0a4                atan2
 .text.sqrt     0x0001d0ac       0xc0 /home/kars/team17/gcc-arm-none-eabi/bin/../lib/gcc/arm-none-eabi/5.4.1/../../../../arm-none-eabi/lib/armv6-m/libm.a(lib_a-w_sqrt.o)
                0x0001d0ac                sqrt
 .text.__ieee754_asin
                0x0001d16c      0x3cc /home/kars/team17/gcc-arm-none-eabi/bin/../lib/gcc/arm-none-eabi/5.4.1/../../../../arm-none-eabi/lib/armv6-m/libm.a(lib_a-e_asin.o)
                0x0001d16c                __ieee754_asin
 .text.__ieee754_atan2
                0x0001d538      0x178 /home/kars/team17/gcc-arm-none-eabi/bin/../lib/gcc/arm-none-eabi/5.4.1/../../../../arm-none-eabi/lib/armv6-m/libm.a(lib_a-e_atan2.o)
                0x0001d538                __ieee754_atan2
 .text.__ieee754_sqrt
                0x0001d6b0      0x1ec /home/kars/team17/gcc-arm-none-eabi/bin/../lib/gcc/arm-none-eabi/5.4.1/../../../../arm-none-eabi/lib/armv6-m/libm.a(lib_a-e_sqrt.o)
                0x0001d6b0                __ieee754_sqrt
 .text.atan     0x0001d89c      0x33c /home/kars/team17/gcc-arm-none-eabi/bin/../lib/gcc/arm-none-eabi/5.4.1/../../../../arm-none-eabi/lib/armv6-m/libm.a(lib_a-s_atan.o)
                0x0001d89c                atan
 .text.matherr  0x0001dbd8        0x4 /home/kars/team17/gcc-arm-none-eabi/bin/../lib/gcc/arm-none-eabi/5.4.1/../../../../arm-none-eabi/lib/armv6-m/libm.a(lib_a-s_matherr.o)
                0x0001dbd8                matherr
 .text.nan      0x0001dbdc        0xc /home/kars/team17/gcc-arm-none-eabi/bin/../lib/gcc/arm-none-eabi/5.4.1/../../../../arm-none-eabi/lib/armv6-m/libm.a(lib_a-s_nan.o)
                0x0001dbdc                nan
 .text          0x0001dbe8      0x114 /home/kars/team17/gcc-arm-none-eabi/bin/../lib/gcc/arm-none-eabi/5.4.1/armv6-m/libgcc.a(_udivsi3.o)
                0x0001dbe8                __udivsi3
                0x0001dbe8                __aeabi_uidiv
                0x0001dcf4                __aeabi_uidivmod
 .text          0x0001dcfc      0x1d4 /home/kars/team17/gcc-arm-none-eabi/bin/../lib/gcc/arm-none-eabi/5.4.1/armv6-m/libgcc.a(_divsi3.o)
                0x0001dcfc                __aeabi_idiv
                0x0001dcfc                __divsi3
                0x0001dec8                __aeabi_idivmod
 .text          0x0001ded0        0x4 /home/kars/team17/gcc-arm-none-eabi/bin/../lib/gcc/arm-none-eabi/5.4.1/armv6-m/libgcc.a(_dvmd_tls.o)
                0x0001ded0                __aeabi_ldiv0
                0x0001ded0                __aeabi_idiv0
 .text          0x0001ded4       0x7c /home/kars/team17/gcc-arm-none-eabi/bin/../lib/gcc/arm-none-eabi/5.4.1/armv6-m/libgcc.a(_arm_cmpdf2.o)
                0x0001ded4                __aeabi_cdrcmple
                0x0001dee4                __aeabi_cdcmple
                0x0001dee4                __aeabi_cdcmpeq
                0x0001def4                __aeabi_dcmpeq
                0x0001df00                __aeabi_dcmplt
                0x0001df14                __aeabi_dcmple
                0x0001df28                __aeabi_dcmpgt
                0x0001df3c                __aeabi_dcmpge
 .text          0x0001df50       0x74 /home/kars/team17/gcc-arm-none-eabi/bin/../lib/gcc/arm-none-eabi/5.4.1/armv6-m/libgcc.a(_arm_cmpsf2.o)
                0x0001df50                __aeabi_cfrcmple
                0x0001df58                __aeabi_cfcmple
                0x0001df58                __aeabi_cfcmpeq
                0x0001df68                __aeabi_fcmpeq
                0x0001df74                __aeabi_fcmplt
                0x0001df88                __aeabi_fcmple
                0x0001df9c                __aeabi_fcmpgt
                0x0001dfb0                __aeabi_fcmpge
 .text          0x0001dfc4       0x58 /home/kars/team17/gcc-arm-none-eabi/bin/../lib/gcc/arm-none-eabi/5.4.1/armv6-m/libgcc.a(_muldi3.o)
                0x0001dfc4                __aeabi_lmul
                0x0001dfc4                __muldi3
 .text          0x0001e01c       0x30 /home/kars/team17/gcc-arm-none-eabi/bin/../lib/gcc/arm-none-eabi/5.4.1/armv6-m/libgcc.a(_fixunssfsi.o)
                0x0001e01c                __aeabi_f2uiz
                0x0001e01c                __fixunssfsi
 .text          0x0001e04c       0x3c /home/kars/team17/gcc-arm-none-eabi/bin/../lib/gcc/arm-none-eabi/5.4.1/armv6-m/libgcc.a(_fixunsdfsi.o)
                0x0001e04c                __fixunsdfsi
                0x0001e04c                __aeabi_d2uiz
 .text          0x0001e088      0x2ec /home/kars/team17/gcc-arm-none-eabi/bin/../lib/gcc/arm-none-eabi/5.4.1/armv6-m/libgcc.a(addsf3.o)
                0x0001e088                __aeabi_fadd
 .text          0x0001e374      0x234 /home/kars/team17/gcc-arm-none-eabi/bin/../lib/gcc/arm-none-eabi/5.4.1/armv6-m/libgcc.a(divsf3.o)
                0x0001e374                __aeabi_fdiv
 .text          0x0001e5a8       0x50 /home/kars/team17/gcc-arm-none-eabi/bin/../lib/gcc/arm-none-eabi/5.4.1/armv6-m/libgcc.a(eqsf2.o)
                0x0001e5a8                __nesf2
                0x0001e5a8                __eqsf2
 .text          0x0001e5f8       0x88 /home/kars/team17/gcc-arm-none-eabi/bin/../lib/gcc/arm-none-eabi/5.4.1/armv6-m/libgcc.a(gesf2.o)
                0x0001e5f8                __gtsf2
                0x0001e5f8                __gesf2
 .text          0x0001e680       0x88 /home/kars/team17/gcc-arm-none-eabi/bin/../lib/gcc/arm-none-eabi/5.4.1/armv6-m/libgcc.a(lesf2.o)
                0x0001e680                __lesf2
                0x0001e680                __ltsf2
 .text          0x0001e708      0x228 /home/kars/team17/gcc-arm-none-eabi/bin/../lib/gcc/arm-none-eabi/5.4.1/armv6-m/libgcc.a(mulsf3.o)
                0x0001e708                __aeabi_fmul
 .text          0x0001e930      0x30c /home/kars/team17/gcc-arm-none-eabi/bin/../lib/gcc/arm-none-eabi/5.4.1/armv6-m/libgcc.a(subsf3.o)
                0x0001e930                __aeabi_fsub
 .text          0x0001ec3c       0x44 /home/kars/team17/gcc-arm-none-eabi/bin/../lib/gcc/arm-none-eabi/5.4.1/armv6-m/libgcc.a(fixsfsi.o)
                0x0001ec3c                __aeabi_f2iz
 .text          0x0001ec80       0x90 /home/kars/team17/gcc-arm-none-eabi/bin/../lib/gcc/arm-none-eabi/5.4.1/armv6-m/libgcc.a(floatsisf.o)
                0x0001ec80                __aeabi_i2f
 .text          0x0001ed10       0x7c /home/kars/team17/gcc-arm-none-eabi/bin/../lib/gcc/arm-none-eabi/5.4.1/armv6-m/libgcc.a(floatunsisf.o)
                0x0001ed10                __aeabi_ui2f
 .text          0x0001ed8c      0x658 /home/kars/team17/gcc-arm-none-eabi/bin/../lib/gcc/arm-none-eabi/5.4.1/armv6-m/libgcc.a(adddf3.o)
                0x0001ed8c                __aeabi_dadd
 .text          0x0001f3e4      0x62c /home/kars/team17/gcc-arm-none-eabi/bin/../lib/gcc/arm-none-eabi/5.4.1/armv6-m/libgcc.a(divdf3.o)
                0x0001f3e4                __aeabi_ddiv
 .text          0x0001fa10       0x80 /home/kars/team17/gcc-arm-none-eabi/bin/../lib/gcc/arm-none-eabi/5.4.1/armv6-m/libgcc.a(eqdf2.o)
                0x0001fa10                __eqdf2
                0x0001fa10                __nedf2
 .text          0x0001fa90       0xc8 /home/kars/team17/gcc-arm-none-eabi/bin/../lib/gcc/arm-none-eabi/5.4.1/armv6-m/libgcc.a(gedf2.o)
                0x0001fa90                __gtdf2
                0x0001fa90                __gedf2
 .text          0x0001fb58       0xd4 /home/kars/team17/gcc-arm-none-eabi/bin/../lib/gcc/arm-none-eabi/5.4.1/armv6-m/libgcc.a(ledf2.o)
                0x0001fb58                __ltdf2
                0x0001fb58                __ledf2
 .text          0x0001fc2c      0x4f4 /home/kars/team17/gcc-arm-none-eabi/bin/../lib/gcc/arm-none-eabi/5.4.1/armv6-m/libgcc.a(muldf3.o)
                0x0001fc2c                __aeabi_dmul
 .text          0x00020120      0x6a8 /home/kars/team17/gcc-arm-none-eabi/bin/../lib/gcc/arm-none-eabi/5.4.1/armv6-m/libgcc.a(subdf3.o)
                0x00020120                __aeabi_dsub
 .text          0x000207c8       0x40 /home/kars/team17/gcc-arm-none-eabi/bin/../lib/gcc/arm-none-eabi/5.4.1/armv6-m/libgcc.a(unorddf2.o)
                0x000207c8                __aeabi_dcmpun
 .text          0x00020808       0x6c /home/kars/team17/gcc-arm-none-eabi/bin/../lib/gcc/arm-none-eabi/5.4.1/armv6-m/libgcc.a(fixdfsi.o)
                0x00020808                __aeabi_d2iz
 .text          0x00020874       0x84 /home/kars/team17/gcc-arm-none-eabi/bin/../lib/gcc/arm-none-eabi/5.4.1/armv6-m/libgcc.a(floatsidf.o)
                0x00020874                __aeabi_i2d
 .text          0x000208f8       0x70 /home/kars/team17/gcc-arm-none-eabi/bin/../lib/gcc/arm-none-eabi/5.4.1/armv6-m/libgcc.a(floatunsidf.o)
                0x000208f8                __aeabi_ui2d
 .text          0x00020968       0xa8 /home/kars/team17/gcc-arm-none-eabi/bin/../lib/gcc/arm-none-eabi/5.4.1/armv6-m/libgcc.a(extendsfdf2.o)
                0x00020968                __aeabi_f2d
 .text          0x00020a10       0x3c /home/kars/team17/gcc-arm-none-eabi/bin/../lib/gcc/arm-none-eabi/5.4.1/armv6-m/libgcc.a(_clzsi2.o)
                0x00020a10                __clzsi2
 .text.__errno  0x00020a4c        0xc /home/kars/team17/gcc-arm-none-eabi/bin/../lib/gcc/arm-none-eabi/5.4.1/../../../../arm-none-eabi/lib/armv6-m/libc_nano.a(lib_a-errno.o)
                0x00020a4c                __errno
 .text.memcmp   0x00020a58       0x1e /home/kars/team17/gcc-arm-none-eabi/bin/../lib/gcc/arm-none-eabi/5.4.1/../../../../arm-none-eabi/lib/armv6-m/libc_nano.a(lib_a-memcmp.o)
                0x00020a58                memcmp
 .text.memcpy   0x00020a76       0x12 /home/kars/team17/gcc-arm-none-eabi/bin/../lib/gcc/arm-none-eabi/5.4.1/../../../../arm-none-eabi/lib/armv6-m/libc_nano.a(lib_a-memcpy-stub.o)
                0x00020a76                memcpy
 .text.printf   0x00020a88       0x34 /home/kars/team17/gcc-arm-none-eabi/bin/../lib/gcc/arm-none-eabi/5.4.1/../../../../arm-none-eabi/lib/armv6-m/libc_nano.a(lib_a-printf.o)
                0x00020a88                printf
                0x00020a88                iprintf
 .text._cleanup_r
                0x00020abc       0x10 /home/kars/team17/gcc-arm-none-eabi/bin/../lib/gcc/arm-none-eabi/5.4.1/../../../../arm-none-eabi/lib/armv6-m/libc_nano.a(lib_a-findfp.o)
                0x00020abc                _cleanup_r
 .text.std.isra.0
                0x00020acc       0x48 /home/kars/team17/gcc-arm-none-eabi/bin/../lib/gcc/arm-none-eabi/5.4.1/../../../../arm-none-eabi/lib/armv6-m/libc_nano.a(lib_a-findfp.o)
 .text.__sfmoreglue
                0x00020b14       0x2c /home/kars/team17/gcc-arm-none-eabi/bin/../lib/gcc/arm-none-eabi/5.4.1/../../../../arm-none-eabi/lib/armv6-m/libc_nano.a(lib_a-findfp.o)
                0x00020b14                __sfmoreglue
 .text.__sinit  0x00020b40       0x68 /home/kars/team17/gcc-arm-none-eabi/bin/../lib/gcc/arm-none-eabi/5.4.1/../../../../arm-none-eabi/lib/armv6-m/libc_nano.a(lib_a-findfp.o)
                0x00020b40                __sinit
 .text.__sfp    0x00020ba8       0x7c /home/kars/team17/gcc-arm-none-eabi/bin/../lib/gcc/arm-none-eabi/5.4.1/../../../../arm-none-eabi/lib/armv6-m/libc_nano.a(lib_a-findfp.o)
                0x00020ba8                __sfp
 .text._fwalk_reent
                0x00020c24       0x42 /home/kars/team17/gcc-arm-none-eabi/bin/../lib/gcc/arm-none-eabi/5.4.1/../../../../arm-none-eabi/lib/armv6-m/libc_nano.a(lib_a-fwalk.o)
                0x00020c24                _fwalk_reent
 *fill*         0x00020c66        0x2 
 .text._malloc_r
                0x00020c68       0xc0 /home/kars/team17/gcc-arm-none-eabi/bin/../lib/gcc/arm-none-eabi/5.4.1/../../../../arm-none-eabi/lib/armv6-m/libc_nano.a(lib_a-nano-mallocr.o)
                0x00020c68                _malloc_r
 .text.__sfputc_r
                0x00020d28       0x2a /home/kars/team17/gcc-arm-none-eabi/bin/../lib/gcc/arm-none-eabi/5.4.1/../../../../arm-none-eabi/lib/armv6-m/libc_nano.a(lib_a-nano-vfprintf.o)
 .text.__sfputs_r
                0x00020d52       0x24 /home/kars/team17/gcc-arm-none-eabi/bin/../lib/gcc/arm-none-eabi/5.4.1/../../../../arm-none-eabi/lib/armv6-m/libc_nano.a(lib_a-nano-vfprintf.o)
                0x00020d52                __sfputs_r
 *fill*         0x00020d76        0x2 
 .text._vfprintf_r
                0x00020d78      0x238 /home/kars/team17/gcc-arm-none-eabi/bin/../lib/gcc/arm-none-eabi/5.4.1/../../../../arm-none-eabi/lib/armv6-m/libc_nano.a(lib_a-nano-vfprintf.o)
                0x00020d78                _vfiprintf_r
                0x00020d78                _vfprintf_r
 .text._printf_common
                0x00020fb0       0xdc /home/kars/team17/gcc-arm-none-eabi/bin/../lib/gcc/arm-none-eabi/5.4.1/../../../../arm-none-eabi/lib/armv6-m/libc_nano.a(lib_a-nano-vfprintf_i.o)
                0x00020fb0                _printf_common
 .text._printf_i
                0x0002108c      0x244 /home/kars/team17/gcc-arm-none-eabi/bin/../lib/gcc/arm-none-eabi/5.4.1/../../../../arm-none-eabi/lib/armv6-m/libc_nano.a(lib_a-nano-vfprintf_i.o)
                0x0002108c                _printf_i
 .text._sbrk_r  0x000212d0       0x24 /home/kars/team17/gcc-arm-none-eabi/bin/../lib/gcc/arm-none-eabi/5.4.1/../../../../arm-none-eabi/lib/armv6-m/libc_nano.a(lib_a-sbrkr.o)
                0x000212d0                _sbrk_r
 .text.__sread  0x000212f4       0x28 /home/kars/team17/gcc-arm-none-eabi/bin/../lib/gcc/arm-none-eabi/5.4.1/../../../../arm-none-eabi/lib/armv6-m/libc_nano.a(lib_a-stdio.o)
                0x000212f4                __sread
 .text.__swrite
                0x0002131c       0x38 /home/kars/team17/gcc-arm-none-eabi/bin/../lib/gcc/arm-none-eabi/5.4.1/../../../../arm-none-eabi/lib/armv6-m/libc_nano.a(lib_a-stdio.o)
                0x0002131c                __swrite
 .text.__sseek  0x00021354       0x2c /home/kars/team17/gcc-arm-none-eabi/bin/../lib/gcc/arm-none-eabi/5.4.1/../../../../arm-none-eabi/lib/armv6-m/libc_nano.a(lib_a-stdio.o)
                0x00021354                __sseek
 .text.__sclose
                0x00021380        0xc /home/kars/team17/gcc-arm-none-eabi/bin/../lib/gcc/arm-none-eabi/5.4.1/../../../../arm-none-eabi/lib/armv6-m/libc_nano.a(lib_a-stdio.o)
                0x00021380                __sclose
 .text.__swbuf_r
                0x0002138c       0xb0 /home/kars/team17/gcc-arm-none-eabi/bin/../lib/gcc/arm-none-eabi/5.4.1/../../../../arm-none-eabi/lib/armv6-m/libc_nano.a(lib_a-wbuf.o)
                0x0002138c                __swbuf_r
 .text._write_r
                0x0002143c       0x28 /home/kars/team17/gcc-arm-none-eabi/bin/../lib/gcc/arm-none-eabi/5.4.1/../../../../arm-none-eabi/lib/armv6-m/libc_nano.a(lib_a-writer.o)
                0x0002143c                _write_r
 .text.__swsetup_r
                0x00021464       0xec /home/kars/team17/gcc-arm-none-eabi/bin/../lib/gcc/arm-none-eabi/5.4.1/../../../../arm-none-eabi/lib/armv6-m/libc_nano.a(lib_a-wsetup.o)
                0x00021464                __swsetup_r
 .text._close_r
                0x00021550       0x24 /home/kars/team17/gcc-arm-none-eabi/bin/../lib/gcc/arm-none-eabi/5.4.1/../../../../arm-none-eabi/lib/armv6-m/libc_nano.a(lib_a-closer.o)
                0x00021550                _close_r
 .text.__sflush_r
                0x00021574      0x10c /home/kars/team17/gcc-arm-none-eabi/bin/../lib/gcc/arm-none-eabi/5.4.1/../../../../arm-none-eabi/lib/armv6-m/libc_nano.a(lib_a-fflush.o)
                0x00021574                __sflush_r
 .text._fflush_r
                0x00021680       0x58 /home/kars/team17/gcc-arm-none-eabi/bin/../lib/gcc/arm-none-eabi/5.4.1/../../../../arm-none-eabi/lib/armv6-m/libc_nano.a(lib_a-fflush.o)
                0x00021680                _fflush_r
 .text._lseek_r
                0x000216d8       0x28 /home/kars/team17/gcc-arm-none-eabi/bin/../lib/gcc/arm-none-eabi/5.4.1/../../../../arm-none-eabi/lib/armv6-m/libc_nano.a(lib_a-lseekr.o)
                0x000216d8                _lseek_r
 .text.__swhatbuf_r
                0x00021700       0x4c /home/kars/team17/gcc-arm-none-eabi/bin/../lib/gcc/arm-none-eabi/5.4.1/../../../../arm-none-eabi/lib/armv6-m/libc_nano.a(lib_a-makebuf.o)
                0x00021700                __swhatbuf_r
 .text.__smakebuf_r
                0x0002174c       0x7c /home/kars/team17/gcc-arm-none-eabi/bin/../lib/gcc/arm-none-eabi/5.4.1/../../../../arm-none-eabi/lib/armv6-m/libc_nano.a(lib_a-makebuf.o)
                0x0002174c                __smakebuf_r
 .text.memchr   0x000217c8       0x16 /home/kars/team17/gcc-arm-none-eabi/bin/../lib/gcc/arm-none-eabi/5.4.1/../../../../arm-none-eabi/lib/armv6-m/libc_nano.a(lib_a-memchr-stub.o)
                0x000217c8                memchr
 .text.__malloc_lock
                0x000217de        0x2 /home/kars/team17/gcc-arm-none-eabi/bin/../lib/gcc/arm-none-eabi/5.4.1/../../../../arm-none-eabi/lib/armv6-m/libc_nano.a(lib_a-mlock.o)
                0x000217de                __malloc_lock
 .text.__malloc_unlock
                0x000217e0        0x2 /home/kars/team17/gcc-arm-none-eabi/bin/../lib/gcc/arm-none-eabi/5.4.1/../../../../arm-none-eabi/lib/armv6-m/libc_nano.a(lib_a-mlock.o)
                0x000217e0                __malloc_unlock
 *fill*         0x000217e2        0x2 
 .text._free_r  0x000217e4       0x98 /home/kars/team17/gcc-arm-none-eabi/bin/../lib/gcc/arm-none-eabi/5.4.1/../../../../arm-none-eabi/lib/armv6-m/libc_nano.a(lib_a-nano-freer.o)
                0x000217e4                _free_r
 .text._read_r  0x0002187c       0x28 /home/kars/team17/gcc-arm-none-eabi/bin/../lib/gcc/arm-none-eabi/5.4.1/../../../../arm-none-eabi/lib/armv6-m/libc_nano.a(lib_a-readr.o)
                0x0002187c                _read_r
 .text._fstat_r
                0x000218a4       0x24 /home/kars/team17/gcc-arm-none-eabi/bin/../lib/gcc/arm-none-eabi/5.4.1/../../../../arm-none-eabi/lib/armv6-m/libc_nano.a(lib_a-fstatr.o)
                0x000218a4                _fstat_r
 .text._isatty_r
                0x000218c8       0x24 /home/kars/team17/gcc-arm-none-eabi/bin/../lib/gcc/arm-none-eabi/5.4.1/../../../../arm-none-eabi/lib/armv6-m/libc_nano.a(lib_a-isattyr.o)
                0x000218c8                _isatty_r
 .text._close   0x000218ec       0x10 /home/kars/team17/gcc-arm-none-eabi/bin/../lib/gcc/arm-none-eabi/5.4.1/../../../../arm-none-eabi/lib/armv6-m/libnosys.a(close.o)
                0x000218ec                _close
 .text._fstat   0x000218fc       0x10 /home/kars/team17/gcc-arm-none-eabi/bin/../lib/gcc/arm-none-eabi/5.4.1/../../../../arm-none-eabi/lib/armv6-m/libnosys.a(fstat.o)
                0x000218fc                _fstat
 .text._isatty  0x0002190c       0x10 /home/kars/team17/gcc-arm-none-eabi/bin/../lib/gcc/arm-none-eabi/5.4.1/../../../../arm-none-eabi/lib/armv6-m/libnosys.a(isatty.o)
                0x0002190c                _isatty
 .text._lseek   0x0002191c       0x10 /home/kars/team17/gcc-arm-none-eabi/bin/../lib/gcc/arm-none-eabi/5.4.1/../../../../arm-none-eabi/lib/armv6-m/libnosys.a(lseek.o)
                0x0002191c                _lseek
 .text._read    0x0002192c       0x10 /home/kars/team17/gcc-arm-none-eabi/bin/../lib/gcc/arm-none-eabi/5.4.1/../../../../arm-none-eabi/lib/armv6-m/libnosys.a(read.o)
                0x0002192c                _read
 .text._sbrk    0x0002193c       0x1c /home/kars/team17/gcc-arm-none-eabi/bin/../lib/gcc/arm-none-eabi/5.4.1/../../../../arm-none-eabi/lib/armv6-m/libnosys.a(sbrk.o)
                0x0002193c                _sbrk
 *(.init)
 .init          0x00021958        0x4 /home/kars/team17/gcc-arm-none-eabi/bin/../lib/gcc/arm-none-eabi/5.4.1/armv6-m/crti.o
                0x00021958                _init
 .init          0x0002195c        0x8 /home/kars/team17/gcc-arm-none-eabi/bin/../lib/gcc/arm-none-eabi/5.4.1/armv6-m/crtn.o
 *(.fini)
 .fini          0x00021964        0x4 /home/kars/team17/gcc-arm-none-eabi/bin/../lib/gcc/arm-none-eabi/5.4.1/armv6-m/crti.o
                0x00021964                _fini
 .fini          0x00021968        0x8 /home/kars/team17/gcc-arm-none-eabi/bin/../lib/gcc/arm-none-eabi/5.4.1/armv6-m/crtn.o
 *crtbegin.o(.ctors)
 *crtbegin?.o(.ctors)
 *(EXCLUDE_FILE(*crtend.o *crtend?.o) .ctors)
 *(SORT(.ctors.*))
 *(.ctors)
 *crtbegin.o(.dtors)
 *crtbegin?.o(.dtors)
 *(EXCLUDE_FILE(*crtend.o *crtend?.o) .dtors)
 *(SORT(.dtors.*))
 *(.dtors)
 *(.rodata*)
 .rodata.str1.1
                0x00021970        0x2 /home/kars/team17/gcc-arm-none-eabi/bin/../lib/gcc/arm-none-eabi/5.4.1/../../../../arm-none-eabi/lib/armv6-m/libc_nano.a(lib_a-impure.o)
 *fill*         0x00021972        0x2 
 .rodata._global_impure_ptr
                0x00021974        0x4 /home/kars/team17/gcc-arm-none-eabi/bin/../lib/gcc/arm-none-eabi/5.4.1/../../../../arm-none-eabi/lib/armv6-m/libc_nano.a(lib_a-impure.o)
                0x00021974                _global_impure_ptr
 .rodata.str1.4
                0x00021978        0xe _build/in4073.o
 *fill*         0x00021986        0x2 
 .rodata.process_drone
                0x00021988       0x28 _build/process_drone.o
 .rodata.set_mode_type
                0x000219b0       0x28 _build/process_packet.o
 .rodata.process_packet
                0x000219d8       0xc4 _build/process_packet.o
 .rodata.str1.4
                0x00021a9c       0x11 _build/uart.o
 *fill*         0x00021aad        0x3 
 .rodata.str1.4
                0x00021ab0       0x28 _build/twi.o
 .rodata.test   0x00021ad8       0x28 _build/inv_mpu.o
                0x00021ad8                test
 .rodata.str1.4
                0x00021b00       0xa6 _build/inv_mpu.o
 *fill*         0x00021ba6        0x2 
 .rodata.hw     0x00021ba8        0xc _build/inv_mpu.o
                0x00021ba8                hw
 .rodata.reg    0x00021bb4       0x1e _build/inv_mpu.o
                0x00021bb4                reg
 *fill*         0x00021bd2        0x2 
 .rodata        0x00021bd4       0x4b _build/inv_mpu_dmp_motion_driver.o
 *fill*         0x00021c1f        0x1 
 .rodata.dmp_memory
                0x00021c20      0xbf6 _build/inv_mpu_dmp_motion_driver.o
 *fill*         0x00022816        0x2 
 .rodata.str1.4
                0x00022818      0x126 _build/mpu_wrapper.o
 *fill*         0x0002293e        0x2 
 .rodata.str1.4
                0x00022940       0x27 _build/app_error.o
 *fill*         0x00022967        0x1 
 .rodata.str1.4
                0x00022968        0x5 /home/kars/team17/gcc-arm-none-eabi/bin/../lib/gcc/arm-none-eabi/5.4.1/../../../../arm-none-eabi/lib/armv6-m/libm.a(lib_a-w_asin.o)
                                  0x9 (size before relaxing)
 *fill*         0x0002296d        0x3 
 .rodata.str1.4
                0x00022970        0x8 /home/kars/team17/gcc-arm-none-eabi/bin/../lib/gcc/arm-none-eabi/5.4.1/../../../../arm-none-eabi/lib/armv6-m/libm.a(lib_a-w_sqrt.o)
                                  0x5 (size before relaxing)
 .rodata.atanlo
                0x00022978       0x20 /home/kars/team17/gcc-arm-none-eabi/bin/../lib/gcc/arm-none-eabi/5.4.1/../../../../arm-none-eabi/lib/armv6-m/libm.a(lib_a-s_atan.o)
 .rodata.atanhi
                0x00022998       0x20 /home/kars/team17/gcc-arm-none-eabi/bin/../lib/gcc/arm-none-eabi/5.4.1/../../../../arm-none-eabi/lib/armv6-m/libm.a(lib_a-s_atan.o)
 .rodata        0x000229b8       0x80 /home/kars/team17/gcc-arm-none-eabi/bin/../lib/gcc/arm-none-eabi/5.4.1/armv6-m/libgcc.a(divsf3.o)
 .rodata        0x00022a38       0x40 /home/kars/team17/gcc-arm-none-eabi/bin/../lib/gcc/arm-none-eabi/5.4.1/armv6-m/libgcc.a(mulsf3.o)
 .rodata        0x00022a78       0x40 /home/kars/team17/gcc-arm-none-eabi/bin/../lib/gcc/arm-none-eabi/5.4.1/armv6-m/libgcc.a(divdf3.o)
 .rodata        0x00022ab8       0x40 /home/kars/team17/gcc-arm-none-eabi/bin/../lib/gcc/arm-none-eabi/5.4.1/armv6-m/libgcc.a(muldf3.o)
 .rodata.__sf_fake_stdin
                0x00022af8       0x20 /home/kars/team17/gcc-arm-none-eabi/bin/../lib/gcc/arm-none-eabi/5.4.1/../../../../arm-none-eabi/lib/armv6-m/libc_nano.a(lib_a-findfp.o)
                0x00022af8                __sf_fake_stdin
 .rodata.__sf_fake_stdout
                0x00022b18       0x20 /home/kars/team17/gcc-arm-none-eabi/bin/../lib/gcc/arm-none-eabi/5.4.1/../../../../arm-none-eabi/lib/armv6-m/libc_nano.a(lib_a-findfp.o)
                0x00022b18                __sf_fake_stdout
 .rodata.__sf_fake_stderr
                0x00022b38       0x20 /home/kars/team17/gcc-arm-none-eabi/bin/../lib/gcc/arm-none-eabi/5.4.1/../../../../arm-none-eabi/lib/armv6-m/libc_nano.a(lib_a-findfp.o)
                0x00022b38                __sf_fake_stderr
 .rodata.str1.1
                0x00022b58       0x11 /home/kars/team17/gcc-arm-none-eabi/bin/../lib/gcc/arm-none-eabi/5.4.1/../../../../arm-none-eabi/lib/armv6-m/libc_nano.a(lib_a-nano-vfprintf.o)
 .rodata.str1.1
                0x00022b69       0x22 /home/kars/team17/gcc-arm-none-eabi/bin/../lib/gcc/arm-none-eabi/5.4.1/../../../../arm-none-eabi/lib/armv6-m/libc_nano.a(lib_a-nano-vfprintf_i.o)
 *(.eh_frame*)
 *fill*         0x00022b8b        0x1 
 .eh_frame      0x00022b8c        0x0 /home/kars/team17/gcc-arm-none-eabi/bin/../lib/gcc/arm-none-eabi/5.4.1/armv6-m/crtbegin.o
                0x00022b8c                . = ALIGN (0x4)

.glue_7         0x00022b8c        0x0
 .glue_7        0x00022b8c        0x0 linker stubs

.glue_7t        0x00022b8c        0x0
 .glue_7t       0x00022b8c        0x0 linker stubs

.vfp11_veneer   0x00022b8c        0x0
 .vfp11_veneer  0x00022b8c        0x0 linker stubs

.v4_bx          0x00022b8c        0x0
 .v4_bx         0x00022b8c        0x0 linker stubs

.iplt           0x00022b8c        0x0
 .iplt          0x00022b8c        0x0 /home/kars/team17/gcc-arm-none-eabi/bin/../lib/gcc/arm-none-eabi/5.4.1/armv6-m/crtbegin.o

.ARM.extab      0x00022b8c        0x0
 *(.ARM.extab* .gnu.linkonce.armextab.*)
                0x00022b8c                . = ALIGN (0x4)
                0x00022b8c                __exidx_start = .

.ARM.exidx      0x00022b8c        0x8
 *(.ARM.exidx* .gnu.linkonce.armexidx.*)
 .ARM.exidx     0x00022b8c        0x8 /home/kars/team17/gcc-arm-none-eabi/bin/../lib/gcc/arm-none-eabi/5.4.1/../../../../arm-none-eabi/lib/armv6-m/crt0.o
 .ARM.exidx     0x00022b94        0x0 _build/gcc_startup_nrf51.o
                                  0x8 (size before relaxing)
                0x00022b94                . = ALIGN (0x4)
                0x00022b94                __exidx_end = .
                0x00022b94                __etext = .

.rel.dyn        0x00022b94        0x0
 .rel.iplt      0x00022b94        0x0 /home/kars/team17/gcc-arm-none-eabi/bin/../lib/gcc/arm-none-eabi/5.4.1/armv6-m/crtbegin.o

.data           0x20002000       0xb0 load address 0x00022b94
                0x20002000                __data_start__ = .
 *(vtable)
 *(.data*)
 .data.impure_data
                0x20002000       0x60 /home/kars/team17/gcc-arm-none-eabi/bin/../lib/gcc/arm-none-eabi/5.4.1/../../../../arm-none-eabi/lib/armv6-m/libc_nano.a(lib_a-impure.o)
 .data._impure_ptr
                0x20002060        0x4 /home/kars/team17/gcc-arm-none-eabi/bin/../lib/gcc/arm-none-eabi/5.4.1/../../../../arm-none-eabi/lib/armv6-m/libc_nano.a(lib_a-impure.o)
                0x20002060                _impure_ptr
 .data.imu_init_flag
                0x20002064        0x1 _build/process_packet.o
                0x20002064                imu_init_flag
 *fill*         0x20002065        0x3 
 .data.cable_disconnect_flag
                0x20002068        0x4 _build/uart.o
                0x20002068                cable_disconnect_flag
 .data.txd_available
                0x2000206c        0x1 _build/uart.o
                0x2000206c                txd_available
 *fill*         0x2000206d        0x3 
 .data.st       0x20002070       0x2c _build/inv_mpu.o
 .data.gyro_orientation.6725
                0x2000209c        0x9 _build/mpu_wrapper.o
 .data.__fdlib_version
                0x200020a5        0x1 /home/kars/team17/gcc-arm-none-eabi/bin/../lib/gcc/arm-none-eabi/5.4.1/../../../../arm-none-eabi/lib/armv6-m/libm.a(lib_a-s_lib_ver.o)
                0x200020a5                __fdlib_version
                0x200020a8                . = ALIGN (0x4)
 *fill*         0x200020a6        0x2 
                0x200020a8                PROVIDE (__preinit_array_start, .)
 *(.preinit_array)
                0x200020a8                PROVIDE (__preinit_array_end, .)
                0x200020a8                . = ALIGN (0x4)
                0x200020a8                PROVIDE (__init_array_start, .)
 *(SORT(.init_array.*))
 *(.init_array)
 .init_array    0x200020a8        0x4 /home/kars/team17/gcc-arm-none-eabi/bin/../lib/gcc/arm-none-eabi/5.4.1/armv6-m/crtbegin.o
                0x200020ac                PROVIDE (__init_array_end, .)
                0x200020ac                . = ALIGN (0x4)
                [!provide]                PROVIDE (__fini_array_start, .)
 *(SORT(.fini_array.*))
 *(.fini_array)
 .fini_array    0x200020ac        0x4 /home/kars/team17/gcc-arm-none-eabi/bin/../lib/gcc/arm-none-eabi/5.4.1/armv6-m/crtbegin.o
                [!provide]                PROVIDE (__fini_array_end, .)
 *(.jcr)
 .jcr           0x200020b0        0x0 /home/kars/team17/gcc-arm-none-eabi/bin/../lib/gcc/arm-none-eabi/5.4.1/armv6-m/crtbegin.o
                0x200020b0                . = ALIGN (0x4)
                0x200020b0                __data_end__ = .

.igot.plt       0x200020b0        0x0 load address 0x00022c44
 .igot.plt      0x200020b0        0x0 /home/kars/team17/gcc-arm-none-eabi/bin/../lib/gcc/arm-none-eabi/5.4.1/armv6-m/crtbegin.o

.bss            0x200020b0      0x454 load address 0x00022c44
                0x200020b0                . = ALIGN (0x4)
                0x200020b0                __bss_start__ = .
 *(.bss*)
 .bss           0x200020b0       0x1c /home/kars/team17/gcc-arm-none-eabi/bin/../lib/gcc/arm-none-eabi/5.4.1/armv6-m/crtbegin.o
 .bss.x         0x200020cc       0x30 _build/filters.o
                0x200020cc                x
 .bss.y         0x200020fc       0x30 _build/filters.o
                0x200020fc                y
 .bss.control_loop_flag
                0x2000212c        0x1 _build/process_drone.o
                0x2000212c                control_loop_flag
 .bss.telemetry_flag
                0x2000212d        0x1 _build/process_drone.o
                0x2000212d                telemetry_flag
 .bss.batt_low_flag
                0x2000212e        0x1 _build/process_drone.o
                0x2000212e                batt_low_flag
 .bss.log_flag  0x2000212f        0x1 _build/process_drone.o
                0x2000212f                log_flag
 .bss.log_upload_flag
                0x20002130        0x1 _build/process_packet.o
                0x20002130                log_upload_flag
 .bss.height_control_flag
                0x20002131        0x1 _build/process_packet.o
                0x20002131                height_control_flag
 .bss.raw_mode_flag
                0x20002132        0x1 _build/process_packet.o
                0x20002132                raw_mode_flag
 .bss.log_active_flag
                0x20002133        0x1 _build/process_packet.o
                0x20002133                log_active_flag
 .bss.sensor_int_flag
                0x20002134        0x1 _build/gpio.o
 *fill*         0x20002135        0x3 
 .bss.heartbeat_counter
                0x20002138        0x4 _build/timers.o
 .bss.TIMER2_flag
                0x2000213c        0x1 _build/timers.o
 .bss.control_loop_timer
                0x2000213d        0x1 _build/timers.o
 .bss.telemetry_timer
                0x2000213e        0x1 _build/timers.o
 .bss.log_timer
                0x2000213f        0x1 _build/timers.o
 .bss.global_time
                0x20002140        0x4 _build/timers.o
 .bss.nack_flag
                0x20002144        0x4 _build/uart.o
                0x20002144                nack_flag
 .bss.rcv_byte_count
                0x20002148        0x4 _build/uart.o
                0x20002148                rcv_byte_count
 .bss.sent      0x2000214c        0x1 _build/twi.o
 .bss.read      0x2000214d        0x1 _build/twi.o
 .bss.loop_count
                0x2000214e        0x1 _build/baro.o
 *fill*         0x2000214f        0x1 
 .bss.prom      0x20002150       0x10 _build/baro.o
 .bss.data      0x20002160        0x3 _build/baro.o
 *fill*         0x20002163        0x1 
 .bss.data.6721
                0x20002164        0x2 _build/baro.o
 *fill*         0x20002166        0x2 
 .bss.initTime  0x20002168        0x4 _build/baro.o
                0x20002168                initTime
 .bss.spi_config_table
                0x2000216c        0xc _build/spi_flash.o
 .bss.SPI       0x20002178        0x4 _build/spi_flash.o
 .bss.dmp       0x2000217c       0x10 _build/inv_mpu_dmp_motion_driver.o
 .bss.m_ticks_latest
                0x2000218c        0x4 _build/app_timer.o
 .bss.mp_timer_id_head
                0x20002190        0x4 _build/app_timer.o
 .bss.m_evt_schedule_func
                0x20002194        0x4 _build/app_timer.o
 .bss.m_user_array_size
                0x20002198        0x1 _build/app_timer.o
 *fill*         0x20002199        0x3 
 .bss.mp_users  0x2000219c        0x4 _build/app_timer.o
 .bss.m_ticks_elapsed_q_read_ind
                0x200021a0        0x1 _build/app_timer.o
 .bss.m_ticks_elapsed_q_write_ind
                0x200021a1        0x1 _build/app_timer.o
 .bss.m_rtc1_reset
                0x200021a2        0x1 _build/app_timer.o
 *fill*         0x200021a3        0x1 
 .bss.m_ticks_elapsed
                0x200021a4        0x8 _build/app_timer.o
 .bss.m_rtc1_running
                0x200021ac        0x1 _build/app_timer.o
 .bss.m_softdevice_enabled
                0x200021ad        0x1 _build/softdevice_handler.o
 .bss.m_ble_evt_buffer_size
                0x200021ae        0x2 _build/softdevice_handler.o
 .bss.mp_ble_evt_buffer
                0x200021b0        0x4 _build/softdevice_handler.o
 .bss.m_sys_evt_handler
                0x200021b4        0x4 _build/softdevice_handler.o
 .bss.m_ble_evt_handler
                0x200021b8        0x4 _build/softdevice_handler.o
 .bss.m_evt_schedule_func
                0x200021bc        0x4 _build/softdevice_handler.o
 .bss.__malloc_sbrk_start
                0x200021c0        0x4 /home/kars/team17/gcc-arm-none-eabi/bin/../lib/gcc/arm-none-eabi/5.4.1/../../../../arm-none-eabi/lib/armv6-m/libc_nano.a(lib_a-nano-mallocr.o)
                0x200021c0                __malloc_sbrk_start
 .bss.__malloc_free_list
                0x200021c4        0x4 /home/kars/team17/gcc-arm-none-eabi/bin/../lib/gcc/arm-none-eabi/5.4.1/../../../../arm-none-eabi/lib/armv6-m/libc_nano.a(lib_a-nano-mallocr.o)
                0x200021c4                __malloc_free_list
 .bss.heap_end.4167
                0x200021c8        0x4 /home/kars/team17/gcc-arm-none-eabi/bin/../lib/gcc/arm-none-eabi/5.4.1/../../../../arm-none-eabi/lib/armv6-m/libnosys.a(sbrk.o)
 *(COMMON)
 COMMON         0x200021cc      0x2a3 _build/in4073.o
                0x200021cc                say
                0x200021ce                psi
                0x200021d0                sensor_fifo_count
                0x200021d2                saz
                0x200021d4                rx_queue
                0x20002258                phi
                0x2000225c                temperature
                0x20002260                new_addr_write
                0x20002264                theta
                0x20002268                pressure
                0x2000226c                tx_queue
                0x200022f0                sax
                0x200022f2                sq
                0x200022f4                bat_volt
                0x200022f8                ble_rx_queue
                0x2000237c                drone
                0x200023d8                sp
                0x200023dc                new_addr
                0x200023e0                ble_tx_queue
                0x20002464                ae
                0x2000246c                sr
                0x2000246e                demo_done
 *fill*         0x2000246f        0x1 
 COMMON         0x20002470       0x10 _build/process_drone.o
                0x20002470                ae_
 COMMON         0x20002480       0x70 _build/log.o
                0x20002480                write_data
                0x200024b8                read_data
 COMMON         0x200024f0        0x5 _build/uart.o
                0x200024f0                p
 *fill*         0x200024f5        0x3 
 COMMON         0x200024f8        0x8 _build/baro.o
                0x200024f8                D2
                0x200024fc                D1
 COMMON         0x20002500        0x4 /home/kars/team17/gcc-arm-none-eabi/bin/../lib/gcc/arm-none-eabi/5.4.1/../../../../arm-none-eabi/lib/armv6-m/libc_nano.a(lib_a-reent.o)
                0x20002500                errno
                0x20002504                . = ALIGN (0x4)
                0x20002504                __bss_end__ = .

.heap           0x20002508      0x800
                0x20002508                __end__ = .
                0x20002508                end = __end__
 *(.heap*)
 .heap          0x20002508      0x800 _build/gcc_startup_nrf51.o
                0x20002508                __HeapBase
                0x20002d08                __HeapLimit = .

.stack_dummy    0x20002508      0x800
 *(.stack*)
 .stack         0x20002508      0x800 _build/gcc_startup_nrf51.o
                0x20004000                __StackTop = (ORIGIN (RAM) + LENGTH (RAM))
                0x20003800                __StackLimit = (__StackTop - SIZEOF (.stack_dummy))
                0x20004000                PROVIDE (__stack, __StackTop)
                0x00000001                ASSERT ((__StackLimit >= __HeapLimit), region RAM overflowed with stack)
OUTPUT(_build/in4073.out elf32-littlearm)

.ARM.attributes
                0x00000000       0x28
 .ARM.attributes
                0x00000000       0x1e /home/kars/team17/gcc-arm-none-eabi/bin/../lib/gcc/arm-none-eabi/5.4.1/armv6-m/crti.o
 .ARM.attributes
                0x0000001e       0x2c /home/kars/team17/gcc-arm-none-eabi/bin/../lib/gcc/arm-none-eabi/5.4.1/armv6-m/crtbegin.o
 .ARM.attributes
                0x0000004a       0x1b /home/kars/team17/gcc-arm-none-eabi/bin/../lib/gcc/arm-none-eabi/5.4.1/../../../../arm-none-eabi/lib/armv6-m/crt0.o
 .ARM.attributes
                0x00000065       0x2c /home/kars/team17/gcc-arm-none-eabi/bin/../lib/gcc/arm-none-eabi/5.4.1/../../../../arm-none-eabi/lib/armv6-m/libc_nano.a(lib_a-exit.o)
 .ARM.attributes
                0x00000091       0x2c /home/kars/team17/gcc-arm-none-eabi/bin/../lib/gcc/arm-none-eabi/5.4.1/../../../../arm-none-eabi/lib/armv6-m/libc_nano.a(lib_a-impure.o)
 .ARM.attributes
                0x000000bd       0x2c /home/kars/team17/gcc-arm-none-eabi/bin/../lib/gcc/arm-none-eabi/5.4.1/../../../../arm-none-eabi/lib/armv6-m/libc_nano.a(lib_a-init.o)
 .ARM.attributes
                0x000000e9       0x2c /home/kars/team17/gcc-arm-none-eabi/bin/../lib/gcc/arm-none-eabi/5.4.1/../../../../arm-none-eabi/lib/armv6-m/libc_nano.a(lib_a-memset.o)
 .ARM.attributes
                0x00000115       0x2c /home/kars/team17/gcc-arm-none-eabi/bin/../lib/gcc/arm-none-eabi/5.4.1/../../../../arm-none-eabi/lib/armv6-m/libnosys.a(_exit.o)
 .ARM.attributes
                0x00000141       0x31 _build/system_nrf51.o
 .ARM.attributes
                0x00000172       0x31 _build/nrf_delay.o
 .ARM.attributes
                0x000001a3       0x31 _build/in4073.o
 .ARM.attributes
                0x000001d4       0x31 _build/crc.o
 .ARM.attributes
                0x00000205       0x31 _build/control.o
 .ARM.attributes
                0x00000236       0x31 _build/fixed.o
 .ARM.attributes
                0x00000267       0x31 _build/filters.o
 .ARM.attributes
                0x00000298       0x31 _build/process_drone.o
 .ARM.attributes
                0x000002c9       0x31 _build/log.o
 .ARM.attributes
                0x000002fa       0x31 _build/mode_safe.o
 .ARM.attributes
                0x0000032b       0x31 _build/mode_panic.o
 .ARM.attributes
                0x0000035c       0x31 _build/mode_manual.o
 .ARM.attributes
                0x0000038d       0x31 _build/mode_yawcontrol.o
 .ARM.attributes
                0x000003be       0x31 _build/mode_fullcontrol.o
 .ARM.attributes
                0x000003ef       0x31 _build/mode_calibration.o
 .ARM.attributes
                0x00000420       0x31 _build/process_packet.o
 .ARM.attributes
                0x00000451       0x31 _build/gpio.o
 .ARM.attributes
                0x00000482       0x31 _build/timers.o
 .ARM.attributes
                0x000004b3       0x31 _build/uart.o
 .ARM.attributes
                0x000004e4       0x31 _build/queue.o
 .ARM.attributes
                0x00000515       0x31 _build/twi.o
 .ARM.attributes
                0x00000546       0x31 _build/adc.o
 .ARM.attributes
                0x00000577       0x31 _build/baro.o
 .ARM.attributes
                0x000005a8       0x31 _build/spi_flash.o
 .ARM.attributes
                0x000005d9       0x31 _build/inv_mpu.o
 .ARM.attributes
                0x0000060a       0x31 _build/inv_mpu_dmp_motion_driver.o
 .ARM.attributes
                0x0000063b       0x31 _build/ml.o
 .ARM.attributes
                0x0000066c       0x31 _build/mpu_wrapper.o
 .ARM.attributes
                0x0000069d       0x31 _build/app_error.o
 .ARM.attributes
                0x000006ce       0x31 _build/app_timer.o
 .ARM.attributes
                0x000006ff       0x31 _build/softdevice_handler.o
 .ARM.attributes
                0x00000730       0x1b _build/gcc_startup_nrf51.o
 .ARM.attributes
                0x0000074b       0x2c /home/kars/team17/gcc-arm-none-eabi/bin/../lib/gcc/arm-none-eabi/5.4.1/../../../../arm-none-eabi/lib/armv6-m/libm.a(lib_a-s_fabs.o)
 .ARM.attributes
                0x00000777       0x2c /home/kars/team17/gcc-arm-none-eabi/bin/../lib/gcc/arm-none-eabi/5.4.1/../../../../arm-none-eabi/lib/armv6-m/libm.a(lib_a-w_asin.o)
 .ARM.attributes
                0x000007a3       0x2c /home/kars/team17/gcc-arm-none-eabi/bin/../lib/gcc/arm-none-eabi/5.4.1/../../../../arm-none-eabi/lib/armv6-m/libm.a(lib_a-w_atan2.o)
 .ARM.attributes
                0x000007cf       0x2c /home/kars/team17/gcc-arm-none-eabi/bin/../lib/gcc/arm-none-eabi/5.4.1/../../../../arm-none-eabi/lib/armv6-m/libm.a(lib_a-w_sqrt.o)
 .ARM.attributes
                0x000007fb       0x2c /home/kars/team17/gcc-arm-none-eabi/bin/../lib/gcc/arm-none-eabi/5.4.1/../../../../arm-none-eabi/lib/armv6-m/libm.a(lib_a-e_asin.o)
 .ARM.attributes
                0x00000827       0x2c /home/kars/team17/gcc-arm-none-eabi/bin/../lib/gcc/arm-none-eabi/5.4.1/../../../../arm-none-eabi/lib/armv6-m/libm.a(lib_a-e_atan2.o)
 .ARM.attributes
                0x00000853       0x2c /home/kars/team17/gcc-arm-none-eabi/bin/../lib/gcc/arm-none-eabi/5.4.1/../../../../arm-none-eabi/lib/armv6-m/libm.a(lib_a-e_sqrt.o)
 .ARM.attributes
                0x0000087f       0x2c /home/kars/team17/gcc-arm-none-eabi/bin/../lib/gcc/arm-none-eabi/5.4.1/../../../../arm-none-eabi/lib/armv6-m/libm.a(lib_a-s_atan.o)
 .ARM.attributes
                0x000008ab       0x2c /home/kars/team17/gcc-arm-none-eabi/bin/../lib/gcc/arm-none-eabi/5.4.1/../../../../arm-none-eabi/lib/armv6-m/libm.a(lib_a-s_lib_ver.o)
 .ARM.attributes
                0x000008d7       0x2c /home/kars/team17/gcc-arm-none-eabi/bin/../lib/gcc/arm-none-eabi/5.4.1/../../../../arm-none-eabi/lib/armv6-m/libm.a(lib_a-s_matherr.o)
 .ARM.attributes
                0x00000903       0x2c /home/kars/team17/gcc-arm-none-eabi/bin/../lib/gcc/arm-none-eabi/5.4.1/../../../../arm-none-eabi/lib/armv6-m/libm.a(lib_a-s_nan.o)
 .ARM.attributes
                0x0000092f       0x1e /home/kars/team17/gcc-arm-none-eabi/bin/../lib/gcc/arm-none-eabi/5.4.1/armv6-m/libgcc.a(_udivsi3.o)
 .ARM.attributes
                0x0000094d       0x1e /home/kars/team17/gcc-arm-none-eabi/bin/../lib/gcc/arm-none-eabi/5.4.1/armv6-m/libgcc.a(_divsi3.o)
 .ARM.attributes
                0x0000096b       0x1e /home/kars/team17/gcc-arm-none-eabi/bin/../lib/gcc/arm-none-eabi/5.4.1/armv6-m/libgcc.a(_dvmd_tls.o)
 .ARM.attributes
                0x00000989       0x1e /home/kars/team17/gcc-arm-none-eabi/bin/../lib/gcc/arm-none-eabi/5.4.1/armv6-m/libgcc.a(_arm_cmpdf2.o)
 .ARM.attributes
                0x000009a7       0x1e /home/kars/team17/gcc-arm-none-eabi/bin/../lib/gcc/arm-none-eabi/5.4.1/armv6-m/libgcc.a(_arm_cmpsf2.o)
 .ARM.attributes
                0x000009c5       0x2c /home/kars/team17/gcc-arm-none-eabi/bin/../lib/gcc/arm-none-eabi/5.4.1/armv6-m/libgcc.a(_muldi3.o)
 .ARM.attributes
                0x000009f1       0x2c /home/kars/team17/gcc-arm-none-eabi/bin/../lib/gcc/arm-none-eabi/5.4.1/armv6-m/libgcc.a(_fixunssfsi.o)
 .ARM.attributes
                0x00000a1d       0x2c /home/kars/team17/gcc-arm-none-eabi/bin/../lib/gcc/arm-none-eabi/5.4.1/armv6-m/libgcc.a(_fixunsdfsi.o)
 .ARM.attributes
                0x00000a49       0x2c /home/kars/team17/gcc-arm-none-eabi/bin/../lib/gcc/arm-none-eabi/5.4.1/armv6-m/libgcc.a(addsf3.o)
 .ARM.attributes
                0x00000a75       0x2c /home/kars/team17/gcc-arm-none-eabi/bin/../lib/gcc/arm-none-eabi/5.4.1/armv6-m/libgcc.a(divsf3.o)
 .ARM.attributes
                0x00000aa1       0x2c /home/kars/team17/gcc-arm-none-eabi/bin/../lib/gcc/arm-none-eabi/5.4.1/armv6-m/libgcc.a(eqsf2.o)
 .ARM.attributes
                0x00000acd       0x2c /home/kars/team17/gcc-arm-none-eabi/bin/../lib/gcc/arm-none-eabi/5.4.1/armv6-m/libgcc.a(gesf2.o)
 .ARM.attributes
                0x00000af9       0x2c /home/kars/team17/gcc-arm-none-eabi/bin/../lib/gcc/arm-none-eabi/5.4.1/armv6-m/libgcc.a(lesf2.o)
 .ARM.attributes
                0x00000b25       0x2c /home/kars/team17/gcc-arm-none-eabi/bin/../lib/gcc/arm-none-eabi/5.4.1/armv6-m/libgcc.a(mulsf3.o)
 .ARM.attributes
                0x00000b51       0x2c /home/kars/team17/gcc-arm-none-eabi/bin/../lib/gcc/arm-none-eabi/5.4.1/armv6-m/libgcc.a(subsf3.o)
 .ARM.attributes
                0x00000b7d       0x2c /home/kars/team17/gcc-arm-none-eabi/bin/../lib/gcc/arm-none-eabi/5.4.1/armv6-m/libgcc.a(fixsfsi.o)
 .ARM.attributes
                0x00000ba9       0x2c /home/kars/team17/gcc-arm-none-eabi/bin/../lib/gcc/arm-none-eabi/5.4.1/armv6-m/libgcc.a(floatsisf.o)
 .ARM.attributes
                0x00000bd5       0x2c /home/kars/team17/gcc-arm-none-eabi/bin/../lib/gcc/arm-none-eabi/5.4.1/armv6-m/libgcc.a(floatunsisf.o)
 .ARM.attributes
                0x00000c01       0x2c /home/kars/team17/gcc-arm-none-eabi/bin/../lib/gcc/arm-none-eabi/5.4.1/armv6-m/libgcc.a(adddf3.o)
 .ARM.attributes
                0x00000c2d       0x2c /home/kars/team17/gcc-arm-none-eabi/bin/../lib/gcc/arm-none-eabi/5.4.1/armv6-m/libgcc.a(divdf3.o)
 .ARM.attributes
                0x00000c59       0x2c /home/kars/team17/gcc-arm-none-eabi/bin/../lib/gcc/arm-none-eabi/5.4.1/armv6-m/libgcc.a(eqdf2.o)
 .ARM.attributes
                0x00000c85       0x2c /home/kars/team17/gcc-arm-none-eabi/bin/../lib/gcc/arm-none-eabi/5.4.1/armv6-m/libgcc.a(gedf2.o)
 .ARM.attributes
                0x00000cb1       0x2c /home/kars/team17/gcc-arm-none-eabi/bin/../lib/gcc/arm-none-eabi/5.4.1/armv6-m/libgcc.a(ledf2.o)
 .ARM.attributes
                0x00000cdd       0x2c /home/kars/team17/gcc-arm-none-eabi/bin/../lib/gcc/arm-none-eabi/5.4.1/armv6-m/libgcc.a(muldf3.o)
 .ARM.attributes
                0x00000d09       0x2c /home/kars/team17/gcc-arm-none-eabi/bin/../lib/gcc/arm-none-eabi/5.4.1/armv6-m/libgcc.a(subdf3.o)
 .ARM.attributes
                0x00000d35       0x2c /home/kars/team17/gcc-arm-none-eabi/bin/../lib/gcc/arm-none-eabi/5.4.1/armv6-m/libgcc.a(unorddf2.o)
 .ARM.attributes
                0x00000d61       0x2c /home/kars/team17/gcc-arm-none-eabi/bin/../lib/gcc/arm-none-eabi/5.4.1/armv6-m/libgcc.a(fixdfsi.o)
 .ARM.attributes
                0x00000d8d       0x2c /home/kars/team17/gcc-arm-none-eabi/bin/../lib/gcc/arm-none-eabi/5.4.1/armv6-m/libgcc.a(floatsidf.o)
 .ARM.attributes
                0x00000db9       0x2c /home/kars/team17/gcc-arm-none-eabi/bin/../lib/gcc/arm-none-eabi/5.4.1/armv6-m/libgcc.a(floatunsidf.o)
 .ARM.attributes
                0x00000de5       0x2c /home/kars/team17/gcc-arm-none-eabi/bin/../lib/gcc/arm-none-eabi/5.4.1/armv6-m/libgcc.a(extendsfdf2.o)
 .ARM.attributes
                0x00000e11       0x1e /home/kars/team17/gcc-arm-none-eabi/bin/../lib/gcc/arm-none-eabi/5.4.1/armv6-m/libgcc.a(_clzsi2.o)
 .ARM.attributes
                0x00000e2f       0x2c /home/kars/team17/gcc-arm-none-eabi/bin/../lib/gcc/arm-none-eabi/5.4.1/../../../../arm-none-eabi/lib/armv6-m/libc_nano.a(lib_a-errno.o)
 .ARM.attributes
                0x00000e5b       0x2c /home/kars/team17/gcc-arm-none-eabi/bin/../lib/gcc/arm-none-eabi/5.4.1/../../../../arm-none-eabi/lib/armv6-m/libc_nano.a(lib_a-memcmp.o)
 .ARM.attributes
                0x00000e87       0x2c /home/kars/team17/gcc-arm-none-eabi/bin/../lib/gcc/arm-none-eabi/5.4.1/../../../../arm-none-eabi/lib/armv6-m/libc_nano.a(lib_a-memcpy-stub.o)
 .ARM.attributes
                0x00000eb3       0x2c /home/kars/team17/gcc-arm-none-eabi/bin/../lib/gcc/arm-none-eabi/5.4.1/../../../../arm-none-eabi/lib/armv6-m/libc_nano.a(lib_a-printf.o)
 .ARM.attributes
                0x00000edf       0x2c /home/kars/team17/gcc-arm-none-eabi/bin/../lib/gcc/arm-none-eabi/5.4.1/../../../../arm-none-eabi/lib/armv6-m/libc_nano.a(lib_a-findfp.o)
 .ARM.attributes
                0x00000f0b       0x2c /home/kars/team17/gcc-arm-none-eabi/bin/../lib/gcc/arm-none-eabi/5.4.1/../../../../arm-none-eabi/lib/armv6-m/libc_nano.a(lib_a-fwalk.o)
 .ARM.attributes
                0x00000f37       0x2c /home/kars/team17/gcc-arm-none-eabi/bin/../lib/gcc/arm-none-eabi/5.4.1/../../../../arm-none-eabi/lib/armv6-m/libc_nano.a(lib_a-nano-mallocr.o)
 .ARM.attributes
                0x00000f63       0x2c /home/kars/team17/gcc-arm-none-eabi/bin/../lib/gcc/arm-none-eabi/5.4.1/../../../../arm-none-eabi/lib/armv6-m/libc_nano.a(lib_a-nano-vfprintf.o)
 .ARM.attributes
                0x00000f8f       0x2c /home/kars/team17/gcc-arm-none-eabi/bin/../lib/gcc/arm-none-eabi/5.4.1/../../../../arm-none-eabi/lib/armv6-m/libc_nano.a(lib_a-nano-vfprintf_i.o)
 .ARM.attributes
                0x00000fbb       0x2c /home/kars/team17/gcc-arm-none-eabi/bin/../lib/gcc/arm-none-eabi/5.4.1/../../../../arm-none-eabi/lib/armv6-m/libc_nano.a(lib_a-sbrkr.o)
 .ARM.attributes
                0x00000fe7       0x2c /home/kars/team17/gcc-arm-none-eabi/bin/../lib/gcc/arm-none-eabi/5.4.1/../../../../arm-none-eabi/lib/armv6-m/libc_nano.a(lib_a-stdio.o)
 .ARM.attributes
                0x00001013       0x2c /home/kars/team17/gcc-arm-none-eabi/bin/../lib/gcc/arm-none-eabi/5.4.1/../../../../arm-none-eabi/lib/armv6-m/libc_nano.a(lib_a-wbuf.o)
 .ARM.attributes
                0x0000103f       0x2c /home/kars/team17/gcc-arm-none-eabi/bin/../lib/gcc/arm-none-eabi/5.4.1/../../../../arm-none-eabi/lib/armv6-m/libc_nano.a(lib_a-writer.o)
 .ARM.attributes
                0x0000106b       0x2c /home/kars/team17/gcc-arm-none-eabi/bin/../lib/gcc/arm-none-eabi/5.4.1/../../../../arm-none-eabi/lib/armv6-m/libc_nano.a(lib_a-wsetup.o)
 .ARM.attributes
                0x00001097       0x2c /home/kars/team17/gcc-arm-none-eabi/bin/../lib/gcc/arm-none-eabi/5.4.1/../../../../arm-none-eabi/lib/armv6-m/libc_nano.a(lib_a-closer.o)
 .ARM.attributes
                0x000010c3       0x2c /home/kars/team17/gcc-arm-none-eabi/bin/../lib/gcc/arm-none-eabi/5.4.1/../../../../arm-none-eabi/lib/armv6-m/libc_nano.a(lib_a-fflush.o)
 .ARM.attributes
                0x000010ef       0x2c /home/kars/team17/gcc-arm-none-eabi/bin/../lib/gcc/arm-none-eabi/5.4.1/../../../../arm-none-eabi/lib/armv6-m/libc_nano.a(lib_a-lseekr.o)
 .ARM.attributes
                0x0000111b       0x2c /home/kars/team17/gcc-arm-none-eabi/bin/../lib/gcc/arm-none-eabi/5.4.1/../../../../arm-none-eabi/lib/armv6-m/libc_nano.a(lib_a-makebuf.o)
 .ARM.attributes
                0x00001147       0x2c /home/kars/team17/gcc-arm-none-eabi/bin/../lib/gcc/arm-none-eabi/5.4.1/../../../../arm-none-eabi/lib/armv6-m/libc_nano.a(lib_a-memchr-stub.o)
 .ARM.attributes
                0x00001173       0x2c /home/kars/team17/gcc-arm-none-eabi/bin/../lib/gcc/arm-none-eabi/5.4.1/../../../../arm-none-eabi/lib/armv6-m/libc_nano.a(lib_a-mlock.o)
 .ARM.attributes
                0x0000119f       0x2c /home/kars/team17/gcc-arm-none-eabi/bin/../lib/gcc/arm-none-eabi/5.4.1/../../../../arm-none-eabi/lib/armv6-m/libc_nano.a(lib_a-nano-freer.o)
 .ARM.attributes
                0x000011cb       0x2c /home/kars/team17/gcc-arm-none-eabi/bin/../lib/gcc/arm-none-eabi/5.4.1/../../../../arm-none-eabi/lib/armv6-m/libc_nano.a(lib_a-readr.o)
 .ARM.attributes
                0x000011f7       0x2c /home/kars/team17/gcc-arm-none-eabi/bin/../lib/gcc/arm-none-eabi/5.4.1/../../../../arm-none-eabi/lib/armv6-m/libc_nano.a(lib_a-reent.o)
 .ARM.attributes
                0x00001223       0x2c /home/kars/team17/gcc-arm-none-eabi/bin/../lib/gcc/arm-none-eabi/5.4.1/../../../../arm-none-eabi/lib/armv6-m/libc_nano.a(lib_a-fstatr.o)
 .ARM.attributes
                0x0000124f       0x2c /home/kars/team17/gcc-arm-none-eabi/bin/../lib/gcc/arm-none-eabi/5.4.1/../../../../arm-none-eabi/lib/armv6-m/libc_nano.a(lib_a-isattyr.o)
 .ARM.attributes
                0x0000127b       0x1e /home/kars/team17/gcc-arm-none-eabi/bin/../lib/gcc/arm-none-eabi/5.4.1/armv6-m/crtn.o
 .ARM.attributes
                0x00001299       0x2c /home/kars/team17/gcc-arm-none-eabi/bin/../lib/gcc/arm-none-eabi/5.4.1/../../../../arm-none-eabi/lib/armv6-m/libnosys.a(close.o)
 .ARM.attributes
                0x000012c5       0x2c /home/kars/team17/gcc-arm-none-eabi/bin/../lib/gcc/arm-none-eabi/5.4.1/../../../../arm-none-eabi/lib/armv6-m/libnosys.a(fstat.o)
 .ARM.attributes
                0x000012f1       0x2c /home/kars/team17/gcc-arm-none-eabi/bin/../lib/gcc/arm-none-eabi/5.4.1/../../../../arm-none-eabi/lib/armv6-m/libnosys.a(isatty.o)
 .ARM.attributes
                0x0000131d       0x2c /home/kars/team17/gcc-arm-none-eabi/bin/../lib/gcc/arm-none-eabi/5.4.1/../../../../arm-none-eabi/lib/armv6-m/libnosys.a(lseek.o)
 .ARM.attributes
                0x00001349       0x2c /home/kars/team17/gcc-arm-none-eabi/bin/../lib/gcc/arm-none-eabi/5.4.1/../../../../arm-none-eabi/lib/armv6-m/libnosys.a(read.o)
 .ARM.attributes
                0x00001375       0x2c /home/kars/team17/gcc-arm-none-eabi/bin/../lib/gcc/arm-none-eabi/5.4.1/../../../../arm-none-eabi/lib/armv6-m/libnosys.a(sbrk.o)

.comment        0x00000000       0x6e
 .comment       0x00000000       0x6e _build/system_nrf51.o
                                 0x6f (size before relaxing)
 .comment       0x0000006e       0x6f _build/nrf_delay.o
 .comment       0x0000006e       0x6f _build/in4073.o
 .comment       0x0000006e       0x6f _build/crc.o
 .comment       0x0000006e       0x6f _build/control.o
 .comment       0x0000006e       0x6f _build/fixed.o
 .comment       0x0000006e       0x6f _build/filters.o
 .comment       0x0000006e       0x6f _build/process_drone.o
 .comment       0x0000006e       0x6f _build/log.o
 .comment       0x0000006e       0x6f _build/mode_safe.o
 .comment       0x0000006e       0x6f _build/mode_panic.o
 .comment       0x0000006e       0x6f _build/mode_manual.o
 .comment       0x0000006e       0x6f _build/mode_yawcontrol.o
 .comment       0x0000006e       0x6f _build/mode_fullcontrol.o
 .comment       0x0000006e       0x6f _build/mode_calibration.o
 .comment       0x0000006e       0x6f _build/process_packet.o
 .comment       0x0000006e       0x6f _build/gpio.o
 .comment       0x0000006e       0x6f _build/timers.o
 .comment       0x0000006e       0x6f _build/uart.o
 .comment       0x0000006e       0x6f _build/queue.o
 .comment       0x0000006e       0x6f _build/twi.o
 .comment       0x0000006e       0x6f _build/adc.o
 .comment       0x0000006e       0x6f _build/baro.o
 .comment       0x0000006e       0x6f _build/spi_flash.o
 .comment       0x0000006e       0x6f _build/inv_mpu.o
 .comment       0x0000006e       0x6f _build/inv_mpu_dmp_motion_driver.o
 .comment       0x0000006e       0x6f _build/ml.o
 .comment       0x0000006e       0x6f _build/mpu_wrapper.o
 .comment       0x0000006e       0x6f _build/app_error.o
 .comment       0x0000006e       0x6f _build/app_timer.o
 .comment       0x0000006e       0x6f _build/softdevice_handler.o

.debug_frame    0x00000000      0xf74
 .debug_frame   0x00000000       0x28 /home/kars/team17/gcc-arm-none-eabi/bin/../lib/gcc/arm-none-eabi/5.4.1/../../../../arm-none-eabi/lib/armv6-m/libc_nano.a(lib_a-exit.o)
 .debug_frame   0x00000028       0x2c /home/kars/team17/gcc-arm-none-eabi/bin/../lib/gcc/arm-none-eabi/5.4.1/../../../../arm-none-eabi/lib/armv6-m/libc_nano.a(lib_a-init.o)
 .debug_frame   0x00000054       0x20 /home/kars/team17/gcc-arm-none-eabi/bin/../lib/gcc/arm-none-eabi/5.4.1/../../../../arm-none-eabi/lib/armv6-m/libc_nano.a(lib_a-memset.o)
 .debug_frame   0x00000074       0x20 /home/kars/team17/gcc-arm-none-eabi/bin/../lib/gcc/arm-none-eabi/5.4.1/../../../../arm-none-eabi/lib/armv6-m/libnosys.a(_exit.o)
 .debug_frame   0x00000094       0x20 /home/kars/team17/gcc-arm-none-eabi/bin/../lib/gcc/arm-none-eabi/5.4.1/../../../../arm-none-eabi/lib/armv6-m/libm.a(lib_a-s_fabs.o)
 .debug_frame   0x000000b4       0x38 /home/kars/team17/gcc-arm-none-eabi/bin/../lib/gcc/arm-none-eabi/5.4.1/../../../../arm-none-eabi/lib/armv6-m/libm.a(lib_a-w_asin.o)
 .debug_frame   0x000000ec       0x28 /home/kars/team17/gcc-arm-none-eabi/bin/../lib/gcc/arm-none-eabi/5.4.1/../../../../arm-none-eabi/lib/armv6-m/libm.a(lib_a-w_atan2.o)
 .debug_frame   0x00000114       0x38 /home/kars/team17/gcc-arm-none-eabi/bin/../lib/gcc/arm-none-eabi/5.4.1/../../../../arm-none-eabi/lib/armv6-m/libm.a(lib_a-w_sqrt.o)
 .debug_frame   0x0000014c       0x38 /home/kars/team17/gcc-arm-none-eabi/bin/../lib/gcc/arm-none-eabi/5.4.1/../../../../arm-none-eabi/lib/armv6-m/libm.a(lib_a-e_asin.o)
 .debug_frame   0x00000184       0x38 /home/kars/team17/gcc-arm-none-eabi/bin/../lib/gcc/arm-none-eabi/5.4.1/../../../../arm-none-eabi/lib/armv6-m/libm.a(lib_a-e_atan2.o)
 .debug_frame   0x000001bc       0x3c /home/kars/team17/gcc-arm-none-eabi/bin/../lib/gcc/arm-none-eabi/5.4.1/../../../../arm-none-eabi/lib/armv6-m/libm.a(lib_a-e_sqrt.o)
 .debug_frame   0x000001f8       0x3c /home/kars/team17/gcc-arm-none-eabi/bin/../lib/gcc/arm-none-eabi/5.4.1/../../../../arm-none-eabi/lib/armv6-m/libm.a(lib_a-s_atan.o)
 .debug_frame   0x00000234       0x20 /home/kars/team17/gcc-arm-none-eabi/bin/../lib/gcc/arm-none-eabi/5.4.1/../../../../arm-none-eabi/lib/armv6-m/libm.a(lib_a-s_matherr.o)
 .debug_frame   0x00000254       0x20 /home/kars/team17/gcc-arm-none-eabi/bin/../lib/gcc/arm-none-eabi/5.4.1/../../../../arm-none-eabi/lib/armv6-m/libm.a(lib_a-s_nan.o)
 .debug_frame   0x00000274       0x20 /home/kars/team17/gcc-arm-none-eabi/bin/../lib/gcc/arm-none-eabi/5.4.1/armv6-m/libgcc.a(_udivsi3.o)
 .debug_frame   0x00000294       0x20 /home/kars/team17/gcc-arm-none-eabi/bin/../lib/gcc/arm-none-eabi/5.4.1/armv6-m/libgcc.a(_divsi3.o)
 .debug_frame   0x000002b4       0x34 /home/kars/team17/gcc-arm-none-eabi/bin/../lib/gcc/arm-none-eabi/5.4.1/armv6-m/libgcc.a(_muldi3.o)
 .debug_frame   0x000002e8       0x28 /home/kars/team17/gcc-arm-none-eabi/bin/../lib/gcc/arm-none-eabi/5.4.1/armv6-m/libgcc.a(_fixunssfsi.o)
 .debug_frame   0x00000310       0x2c /home/kars/team17/gcc-arm-none-eabi/bin/../lib/gcc/arm-none-eabi/5.4.1/armv6-m/libgcc.a(_fixunsdfsi.o)
 .debug_frame   0x0000033c       0x30 /home/kars/team17/gcc-arm-none-eabi/bin/../lib/gcc/arm-none-eabi/5.4.1/armv6-m/libgcc.a(addsf3.o)
 .debug_frame   0x0000036c       0x3c /home/kars/team17/gcc-arm-none-eabi/bin/../lib/gcc/arm-none-eabi/5.4.1/armv6-m/libgcc.a(divsf3.o)
 .debug_frame   0x000003a8       0x2c /home/kars/team17/gcc-arm-none-eabi/bin/../lib/gcc/arm-none-eabi/5.4.1/armv6-m/libgcc.a(eqsf2.o)
 .debug_frame   0x000003d4       0x30 /home/kars/team17/gcc-arm-none-eabi/bin/../lib/gcc/arm-none-eabi/5.4.1/armv6-m/libgcc.a(gesf2.o)
 .debug_frame   0x00000404       0x30 /home/kars/team17/gcc-arm-none-eabi/bin/../lib/gcc/arm-none-eabi/5.4.1/armv6-m/libgcc.a(lesf2.o)
 .debug_frame   0x00000434       0x38 /home/kars/team17/gcc-arm-none-eabi/bin/../lib/gcc/arm-none-eabi/5.4.1/armv6-m/libgcc.a(mulsf3.o)
 .debug_frame   0x0000046c       0x30 /home/kars/team17/gcc-arm-none-eabi/bin/../lib/gcc/arm-none-eabi/5.4.1/armv6-m/libgcc.a(subsf3.o)
 .debug_frame   0x0000049c       0x20 /home/kars/team17/gcc-arm-none-eabi/bin/../lib/gcc/arm-none-eabi/5.4.1/armv6-m/libgcc.a(fixsfsi.o)
 .debug_frame   0x000004bc       0x2c /home/kars/team17/gcc-arm-none-eabi/bin/../lib/gcc/arm-none-eabi/5.4.1/armv6-m/libgcc.a(floatsisf.o)
 .debug_frame   0x000004e8       0x2c /home/kars/team17/gcc-arm-none-eabi/bin/../lib/gcc/arm-none-eabi/5.4.1/armv6-m/libgcc.a(floatunsisf.o)
 .debug_frame   0x00000514       0x3c /home/kars/team17/gcc-arm-none-eabi/bin/../lib/gcc/arm-none-eabi/5.4.1/armv6-m/libgcc.a(adddf3.o)
 .debug_frame   0x00000550       0x3c /home/kars/team17/gcc-arm-none-eabi/bin/../lib/gcc/arm-none-eabi/5.4.1/armv6-m/libgcc.a(divdf3.o)
 .debug_frame   0x0000058c       0x38 /home/kars/team17/gcc-arm-none-eabi/bin/../lib/gcc/arm-none-eabi/5.4.1/armv6-m/libgcc.a(eqdf2.o)
 .debug_frame   0x000005c4       0x38 /home/kars/team17/gcc-arm-none-eabi/bin/../lib/gcc/arm-none-eabi/5.4.1/armv6-m/libgcc.a(gedf2.o)
 .debug_frame   0x000005fc       0x38 /home/kars/team17/gcc-arm-none-eabi/bin/../lib/gcc/arm-none-eabi/5.4.1/armv6-m/libgcc.a(ledf2.o)
 .debug_frame   0x00000634       0x3c /home/kars/team17/gcc-arm-none-eabi/bin/../lib/gcc/arm-none-eabi/5.4.1/armv6-m/libgcc.a(muldf3.o)
 .debug_frame   0x00000670       0x38 /home/kars/team17/gcc-arm-none-eabi/bin/../lib/gcc/arm-none-eabi/5.4.1/armv6-m/libgcc.a(subdf3.o)
 .debug_frame   0x000006a8       0x2c /home/kars/team17/gcc-arm-none-eabi/bin/../lib/gcc/arm-none-eabi/5.4.1/armv6-m/libgcc.a(unorddf2.o)
 .debug_frame   0x000006d4       0x2c /home/kars/team17/gcc-arm-none-eabi/bin/../lib/gcc/arm-none-eabi/5.4.1/armv6-m/libgcc.a(fixdfsi.o)
 .debug_frame   0x00000700       0x2c /home/kars/team17/gcc-arm-none-eabi/bin/../lib/gcc/arm-none-eabi/5.4.1/armv6-m/libgcc.a(floatsidf.o)
 .debug_frame   0x0000072c       0x2c /home/kars/team17/gcc-arm-none-eabi/bin/../lib/gcc/arm-none-eabi/5.4.1/armv6-m/libgcc.a(floatunsidf.o)
 .debug_frame   0x00000758       0x2c /home/kars/team17/gcc-arm-none-eabi/bin/../lib/gcc/arm-none-eabi/5.4.1/armv6-m/libgcc.a(extendsfdf2.o)
 .debug_frame   0x00000784       0x20 /home/kars/team17/gcc-arm-none-eabi/bin/../lib/gcc/arm-none-eabi/5.4.1/../../../../arm-none-eabi/lib/armv6-m/libc_nano.a(lib_a-errno.o)
 .debug_frame   0x000007a4       0x2c /home/kars/team17/gcc-arm-none-eabi/bin/../lib/gcc/arm-none-eabi/5.4.1/../../../../arm-none-eabi/lib/armv6-m/libc_nano.a(lib_a-memcmp.o)
 .debug_frame   0x000007d0       0x28 /home/kars/team17/gcc-arm-none-eabi/bin/../lib/gcc/arm-none-eabi/5.4.1/../../../../arm-none-eabi/lib/armv6-m/libc_nano.a(lib_a-memcpy-stub.o)
 .debug_frame   0x000007f8       0x50 /home/kars/team17/gcc-arm-none-eabi/bin/../lib/gcc/arm-none-eabi/5.4.1/../../../../arm-none-eabi/lib/armv6-m/libc_nano.a(lib_a-printf.o)
 .debug_frame   0x00000848      0x140 /home/kars/team17/gcc-arm-none-eabi/bin/../lib/gcc/arm-none-eabi/5.4.1/../../../../arm-none-eabi/lib/armv6-m/libc_nano.a(lib_a-findfp.o)
 .debug_frame   0x00000988       0x58 /home/kars/team17/gcc-arm-none-eabi/bin/../lib/gcc/arm-none-eabi/5.4.1/../../../../arm-none-eabi/lib/armv6-m/libc_nano.a(lib_a-fwalk.o)
 .debug_frame   0x000009e0       0x2c /home/kars/team17/gcc-arm-none-eabi/bin/../lib/gcc/arm-none-eabi/5.4.1/../../../../arm-none-eabi/lib/armv6-m/libc_nano.a(lib_a-nano-mallocr.o)
 .debug_frame   0x00000a0c       0x9c /home/kars/team17/gcc-arm-none-eabi/bin/../lib/gcc/arm-none-eabi/5.4.1/../../../../arm-none-eabi/lib/armv6-m/libc_nano.a(lib_a-nano-vfprintf.o)
 .debug_frame   0x00000aa8       0x54 /home/kars/team17/gcc-arm-none-eabi/bin/../lib/gcc/arm-none-eabi/5.4.1/../../../../arm-none-eabi/lib/armv6-m/libc_nano.a(lib_a-nano-vfprintf_i.o)
 .debug_frame   0x00000afc       0x2c /home/kars/team17/gcc-arm-none-eabi/bin/../lib/gcc/arm-none-eabi/5.4.1/../../../../arm-none-eabi/lib/armv6-m/libc_nano.a(lib_a-sbrkr.o)
 .debug_frame   0x00000b28       0x90 /home/kars/team17/gcc-arm-none-eabi/bin/../lib/gcc/arm-none-eabi/5.4.1/../../../../arm-none-eabi/lib/armv6-m/libc_nano.a(lib_a-stdio.o)
 .debug_frame   0x00000bb8       0x48 /home/kars/team17/gcc-arm-none-eabi/bin/../lib/gcc/arm-none-eabi/5.4.1/../../../../arm-none-eabi/lib/armv6-m/libc_nano.a(lib_a-wbuf.o)
 .debug_frame   0x00000c00       0x2c /home/kars/team17/gcc-arm-none-eabi/bin/../lib/gcc/arm-none-eabi/5.4.1/../../../../arm-none-eabi/lib/armv6-m/libc_nano.a(lib_a-writer.o)
 .debug_frame   0x00000c2c       0x2c /home/kars/team17/gcc-arm-none-eabi/bin/../lib/gcc/arm-none-eabi/5.4.1/../../../../arm-none-eabi/lib/armv6-m/libc_nano.a(lib_a-wsetup.o)
 .debug_frame   0x00000c58       0x2c /home/kars/team17/gcc-arm-none-eabi/bin/../lib/gcc/arm-none-eabi/5.4.1/../../../../arm-none-eabi/lib/armv6-m/libc_nano.a(lib_a-closer.o)
 .debug_frame   0x00000c84       0x68 /home/kars/team17/gcc-arm-none-eabi/bin/../lib/gcc/arm-none-eabi/5.4.1/../../../../arm-none-eabi/lib/armv6-m/libc_nano.a(lib_a-fflush.o)
 .debug_frame   0x00000cec       0x2c /home/kars/team17/gcc-arm-none-eabi/bin/../lib/gcc/arm-none-eabi/5.4.1/../../../../arm-none-eabi/lib/armv6-m/libc_nano.a(lib_a-lseekr.o)
 .debug_frame   0x00000d18       0x54 /home/kars/team17/gcc-arm-none-eabi/bin/../lib/gcc/arm-none-eabi/5.4.1/../../../../arm-none-eabi/lib/armv6-m/libc_nano.a(lib_a-makebuf.o)
 .debug_frame   0x00000d6c       0x20 /home/kars/team17/gcc-arm-none-eabi/bin/../lib/gcc/arm-none-eabi/5.4.1/../../../../arm-none-eabi/lib/armv6-m/libc_nano.a(lib_a-memchr-stub.o)
 .debug_frame   0x00000d8c       0x30 /home/kars/team17/gcc-arm-none-eabi/bin/../lib/gcc/arm-none-eabi/5.4.1/../../../../arm-none-eabi/lib/armv6-m/libc_nano.a(lib_a-mlock.o)
 .debug_frame   0x00000dbc       0x2c /home/kars/team17/gcc-arm-none-eabi/bin/../lib/gcc/arm-none-eabi/5.4.1/../../../../arm-none-eabi/lib/armv6-m/libc_nano.a(lib_a-nano-freer.o)
 .debug_frame   0x00000de8       0x2c /home/kars/team17/gcc-arm-none-eabi/bin/../lib/gcc/arm-none-eabi/5.4.1/../../../../arm-none-eabi/lib/armv6-m/libc_nano.a(lib_a-readr.o)
 .debug_frame   0x00000e14       0x48 /home/kars/team17/gcc-arm-none-eabi/bin/../lib/gcc/arm-none-eabi/5.4.1/../../../../arm-none-eabi/lib/armv6-m/libc_nano.a(lib_a-reent.o)
 .debug_frame   0x00000e5c       0x2c /home/kars/team17/gcc-arm-none-eabi/bin/../lib/gcc/arm-none-eabi/5.4.1/../../../../arm-none-eabi/lib/armv6-m/libc_nano.a(lib_a-fstatr.o)
 .debug_frame   0x00000e88       0x2c /home/kars/team17/gcc-arm-none-eabi/bin/../lib/gcc/arm-none-eabi/5.4.1/../../../../arm-none-eabi/lib/armv6-m/libc_nano.a(lib_a-isattyr.o)
 .debug_frame   0x00000eb4       0x20 /home/kars/team17/gcc-arm-none-eabi/bin/../lib/gcc/arm-none-eabi/5.4.1/../../../../arm-none-eabi/lib/armv6-m/libnosys.a(close.o)
 .debug_frame   0x00000ed4       0x20 /home/kars/team17/gcc-arm-none-eabi/bin/../lib/gcc/arm-none-eabi/5.4.1/../../../../arm-none-eabi/lib/armv6-m/libnosys.a(fstat.o)
 .debug_frame   0x00000ef4       0x20 /home/kars/team17/gcc-arm-none-eabi/bin/../lib/gcc/arm-none-eabi/5.4.1/../../../../arm-none-eabi/lib/armv6-m/libnosys.a(isatty.o)
 .debug_frame   0x00000f14       0x20 /home/kars/team17/gcc-arm-none-eabi/bin/../lib/gcc/arm-none-eabi/5.4.1/../../../../arm-none-eabi/lib/armv6-m/libnosys.a(lseek.o)
 .debug_frame   0x00000f34       0x20 /home/kars/team17/gcc-arm-none-eabi/bin/../lib/gcc/arm-none-eabi/5.4.1/../../../../arm-none-eabi/lib/armv6-m/libnosys.a(read.o)
 .debug_frame   0x00000f54       0x20 /home/kars/team17/gcc-arm-none-eabi/bin/../lib/gcc/arm-none-eabi/5.4.1/../../../../arm-none-eabi/lib/armv6-m/libnosys.a(sbrk.o)

.stab           0x00000000       0x84
 .stab          0x00000000       0x24 /home/kars/team17/gcc-arm-none-eabi/bin/../lib/gcc/arm-none-eabi/5.4.1/../../../../arm-none-eabi/lib/armv6-m/libnosys.a(close.o)
 .stab          0x00000024       0x18 /home/kars/team17/gcc-arm-none-eabi/bin/../lib/gcc/arm-none-eabi/5.4.1/../../../../arm-none-eabi/lib/armv6-m/libnosys.a(fstat.o)
                                 0x24 (size before relaxing)
 .stab          0x0000003c       0x18 /home/kars/team17/gcc-arm-none-eabi/bin/../lib/gcc/arm-none-eabi/5.4.1/../../../../arm-none-eabi/lib/armv6-m/libnosys.a(isatty.o)
                                 0x24 (size before relaxing)
 .stab          0x00000054       0x18 /home/kars/team17/gcc-arm-none-eabi/bin/../lib/gcc/arm-none-eabi/5.4.1/../../../../arm-none-eabi/lib/armv6-m/libnosys.a(lseek.o)
                                 0x24 (size before relaxing)
 .stab          0x0000006c       0x18 /home/kars/team17/gcc-arm-none-eabi/bin/../lib/gcc/arm-none-eabi/5.4.1/../../../../arm-none-eabi/lib/armv6-m/libnosys.a(read.o)
                                 0x24 (size before relaxing)

.stabstr        0x00000000      0x117
 .stabstr       0x00000000      0x117 /home/kars/team17/gcc-arm-none-eabi/bin/../lib/gcc/arm-none-eabi/5.4.1/../../../../arm-none-eabi/lib/armv6-m/libnosys.a(close.o)
